Archive member included to satisfy reference by file (symbol)

C:\Users\santi\Desktop\Datardos\Facultad\Segundo semestre Quinto\DSP\workspace\fft_note_extractor\CMSIS\DSP\libarm_cortexM4lf_math.a(arm_max_f32.o)
                              ./source/fft_note_extractor.o (arm_max_f32)
C:\Users\santi\Desktop\Datardos\Facultad\Segundo semestre Quinto\DSP\workspace\fft_note_extractor\CMSIS\DSP\libarm_cortexM4lf_math.a(arm_rfft_fast_init_f32.o)
                              ./source/fft_note_extractor.o (arm_rfft_fast_init_f32)
C:\Users\santi\Desktop\Datardos\Facultad\Segundo semestre Quinto\DSP\workspace\fft_note_extractor\CMSIS\DSP\libarm_cortexM4lf_math.a(arm_rfft_fast_f32.o)
                              ./source/fft_note_extractor.o (arm_rfft_fast_f32)
C:\Users\santi\Desktop\Datardos\Facultad\Segundo semestre Quinto\DSP\workspace\fft_note_extractor\CMSIS\DSP\libarm_cortexM4lf_math.a(arm_cfft_f32.o)
                              C:\Users\santi\Desktop\Datardos\Facultad\Segundo semestre Quinto\DSP\workspace\fft_note_extractor\CMSIS\DSP\libarm_cortexM4lf_math.a(arm_rfft_fast_f32.o) (arm_cfft_f32)
C:\Users\santi\Desktop\Datardos\Facultad\Segundo semestre Quinto\DSP\workspace\fft_note_extractor\CMSIS\DSP\libarm_cortexM4lf_math.a(arm_bitreversal2.o)
                              C:\Users\santi\Desktop\Datardos\Facultad\Segundo semestre Quinto\DSP\workspace\fft_note_extractor\CMSIS\DSP\libarm_cortexM4lf_math.a(arm_cfft_f32.o) (arm_bitreversal_32)
C:\Users\santi\Desktop\Datardos\Facultad\Segundo semestre Quinto\DSP\workspace\fft_note_extractor\CMSIS\DSP\libarm_cortexM4lf_math.a(arm_abs_f32.o)
                              ./source/fft_note_extractor.o (arm_abs_f32)
C:\Users\santi\Desktop\Datardos\Facultad\Segundo semestre Quinto\DSP\workspace\fft_note_extractor\CMSIS\DSP\libarm_cortexM4lf_math.a(arm_common_tables.o)
                              C:\Users\santi\Desktop\Datardos\Facultad\Segundo semestre Quinto\DSP\workspace\fft_note_extractor\CMSIS\DSP\libarm_cortexM4lf_math.a(arm_rfft_fast_init_f32.o) (twiddleCoef_rfft_4096)
C:\Users\santi\Desktop\Datardos\Facultad\Segundo semestre Quinto\DSP\workspace\fft_note_extractor\CMSIS\DSP\libarm_cortexM4lf_math.a(arm_cfft_radix8_f32.o)
                              C:\Users\santi\Desktop\Datardos\Facultad\Segundo semestre Quinto\DSP\workspace\fft_note_extractor\CMSIS\DSP\libarm_cortexM4lf_math.a(arm_cfft_f32.o) (arm_radix8_butterfly_f32)
c:/nxp/mcuxpressoide_11.4.0_6224/ide/plugins/com.nxp.mcuxpresso.tools.win32_11.4.0.202103011116/tools/bin/../lib/gcc/arm-none-eabi/10.2.1/../../../../arm-none-eabi/lib/thumb/v7e-m+fp/hard\libcr_nohost_nf.a(_cr__main.o)
                              ./startup/startup_mk64f12.o (__main)
c:/nxp/mcuxpressoide_11.4.0_6224/ide/plugins/com.nxp.mcuxpresso.tools.win32_11.4.0.202103011116/tools/bin/../lib/gcc/arm-none-eabi/10.2.1/../../../../arm-none-eabi/lib/thumb/v7e-m+fp/hard\libcr_nohost_nf.a(_cr_assert.o)
                              ./drivers/fsl_adc16.o (__assertion_failed)
c:/nxp/mcuxpressoide_11.4.0_6224/ide/plugins/com.nxp.mcuxpresso.tools.win32_11.4.0.202103011116/tools/bin/../lib/gcc/arm-none-eabi/10.2.1/../../../../arm-none-eabi/lib/thumb/v7e-m+fp/hard\libcr_nohost_nf.a(__ciob.o)
                              c:/nxp/mcuxpressoide_11.4.0_6224/ide/plugins/com.nxp.mcuxpresso.tools.win32_11.4.0.202103011116/tools/bin/../lib/gcc/arm-none-eabi/10.2.1/../../../../arm-none-eabi/lib/thumb/v7e-m+fp/hard\libcr_nohost_nf.a(_cr_assert.o) (__Ciob)
c:/nxp/mcuxpressoide_11.4.0_6224/ide/plugins/com.nxp.mcuxpresso.tools.win32_11.4.0.202103011116/tools/bin/../lib/gcc/arm-none-eabi/10.2.1/../../../../arm-none-eabi/lib/thumb/v7e-m+fp/hard\libcr_nohost_nf.a(__sys_appexit.o)
                              c:/nxp/mcuxpressoide_11.4.0_6224/ide/plugins/com.nxp.mcuxpresso.tools.win32_11.4.0.202103011116/tools/bin/../lib/gcc/arm-none-eabi/10.2.1/../../../../arm-none-eabi/lib/thumb/v7e-m+fp/hard\libcr_nohost_nf.a(_cr_assert.o) (__sys_appexit)
c:/nxp/mcuxpressoide_11.4.0_6224/ide/plugins/com.nxp.mcuxpresso.tools.win32_11.4.0.202103011116/tools/bin/../lib/gcc/arm-none-eabi/10.2.1/../../../../arm-none-eabi/lib/thumb/v7e-m+fp/hard\libcr_c.a(memcpy.o)
                              ./utilities/fsl_str.o (memcpy)
c:/nxp/mcuxpressoide_11.4.0_6224/ide/plugins/com.nxp.mcuxpresso.tools.win32_11.4.0.202103011116/tools/bin/../lib/gcc/arm-none-eabi/10.2.1/../../../../arm-none-eabi/lib/thumb/v7e-m+fp/hard\libcr_c.a(memset.o)
                              ./utilities/fsl_debug_console.o (memset)
c:/nxp/mcuxpressoide_11.4.0_6224/ide/plugins/com.nxp.mcuxpresso.tools.win32_11.4.0.202103011116/tools/bin/../lib/gcc/arm-none-eabi/10.2.1/../../../../arm-none-eabi/lib/thumb/v7e-m+fp/hard\libcr_c.a(_deferredlazyseek.o)
                              c:/nxp/mcuxpressoide_11.4.0_6224/ide/plugins/com.nxp.mcuxpresso.tools.win32_11.4.0.202103011116/tools/bin/../lib/gcc/arm-none-eabi/10.2.1/../../../../arm-none-eabi/lib/thumb/v7e-m+fp/hard\libcr_nohost_nf.a(_cr_assert.o) (__flsbuf)
[...]
Memory Configuration

Name             Origin             Length             Attributes
PROGRAM_FLASH    0x00000000         0x00100000         xr
SRAM_UPPER       0x20000000         0x00030000         xrw
SRAM_LOWER       0x1fff0000         0x00010000         xrw
FLEX_RAM         0x14000000         0x00001000         xrw
*default*        0x00000000         0xffffffff

Linker script and memory map

LOAD ./utilities/fsl_debug_console.o
LOAD ./utilities/fsl_str.o
LOAD ./startup/startup_mk64f12.o
LOAD ./source/fft_note_extractor.o
LOAD ./drivers/fsl_adc16.o
LOAD ./drivers/fsl_clock.o
LOAD ./drivers/fsl_common.o
LOAD ./drivers/fsl_common_arm.o
LOAD ./drivers/fsl_gpio.o
LOAD ./drivers/fsl_i2c.o
LOAD ./drivers/fsl_smc.o
LOAD ./drivers/fsl_uart.o
LOAD ./device/system_MK64F12.o
LOAD ./component/uart/fsl_adapter_uart.o
LOAD ./component/serial_manager/fsl_component_serial_manager.o
LOAD ./component/serial_manager/fsl_component_serial_port_uart.o
LOAD ./component/lists/fsl_component_generic_list.o
LOAD ./board/board.o
LOAD ./board/clock_config.o
LOAD ./board/peripherals.o
LOAD ./board/pin_mux.o
LOAD C:\Users\santi\Desktop\Datardos\Facultad\Segundo semestre Quinto\DSP\workspace\fft_note_extractor\CMSIS\DSP\libarm_cortexM4lf_math.a
START GROUP
LOAD c:/nxp/mcuxpressoide_11.4.0_6224/ide/plugins/com.nxp.mcuxpresso.tools.win32_11.4.0.202103011116/tools/bin/../lib/gcc/arm-none-eabi/10.2.1/../../../../arm-none-eabi/lib/thumb/v7e-m+fp/hard\libcr_nohost_nf.a
LOAD c:/nxp/mcuxpressoide_11.4.0_6224/ide/plugins/com.nxp.mcuxpresso.tools.win32_11.4.0.202103011116/tools/bin/../lib/gcc/arm-none-eabi/10.2.1/../../../../arm-none-eabi/lib/thumb/v7e-m+fp/hard\libcr_c.a
LOAD c:/nxp/mcuxpressoide_11.4.0_6224/ide/plugins/com.nxp.mcuxpresso.tools.win32_11.4.0.202103011116/tools/bin/../lib/gcc/arm-none-eabi/10.2.1/thumb/v7e-m+fp/hard\libcr_eabihelpers.a
LOAD c:/nxp/mcuxpressoide_11.4.0_6224/ide/plugins/com.nxp.mcuxpresso.tools.win32_11.4.0.202103011116/tools/bin/../lib/gcc/arm-none-eabi/10.2.1/thumb/v7e-m+fp/hard\libgcc.a
END GROUP
                0x00000000                __base_PROGRAM_FLASH = 0x0
                0x00000000                __base_Flash = 0x0
                0x00100000                __top_PROGRAM_FLASH = 0x100000
                0x00100000                __top_Flash = 0x100000
                0x20000000                __base_SRAM_UPPER = 0x20000000
                0x20000000                __base_RAM = 0x20000000
                0x20030000                __top_SRAM_UPPER = 0x20030000
                0x20030000                __top_RAM = 0x20030000
                0x1fff0000                __base_SRAM_LOWER = 0x1fff0000
                0x1fff0000                __base_RAM2 = 0x1fff0000
                0x20000000                __top_SRAM_LOWER = 0x20000000
                0x20000000                __top_RAM2 = 0x20000000
                0x14000000                __base_FLEX_RAM = 0x14000000
                0x14000000                __base_RAM3 = 0x14000000
                0x14001000                __top_FLEX_RAM = 0x14001000
                0x14001000                __top_RAM3 = 0x14001000

.text           0x00000000    0x79430
 FILL mask 0xff
                0x00000000                __vectors_start__ = ABSOLUTE (.)
 *(SORT_BY_ALIGNMENT(.isr_vector))
 .isr_vector    0x00000000      0x198 ./startup/startup_mk64f12.o
                0x00000000                g_pfnVectors
                0x00000000                __Vectors
                0x00000198                . = ALIGN (0x4)
                0x00000198                __section_table_start = .
                0x00000198                __data_section_table = .
                0x00000198        0x4 LONG 0x79430 LOADADDR (.data)
                0x0000019c        0x4 LONG 0x20000000 ADDR (.data)
                0x000001a0        0x4 LONG 0x10 SIZEOF (.data)
                0x000001a4        0x4 LONG 0x79430 LOADADDR (.data_RAM2)
                0x000001a8        0x4 LONG 0x1fff0000 ADDR (.data_RAM2)
                0x000001ac        0x4 LONG 0x0 SIZEOF (.data_RAM2)
                0x000001b0        0x4 LONG 0x79430 LOADADDR (.data_RAM3)
                0x000001b4        0x4 LONG 0x14000000 ADDR (.data_RAM3)
                0x000001b8        0x4 LONG 0x0 SIZEOF (.data_RAM3)
                0x000001bc                __data_section_table_end = .
                0x000001bc                __bss_section_table = .
                0x000001bc        0x4 LONG 0x20000010 ADDR (.bss)
                0x000001c0        0x4 LONG 0x120 SIZEOF (.bss)
                0x000001c4        0x4 LONG 0x1fff0000 ADDR (.bss_RAM2)
                0x000001c8        0x4 LONG 0x0 SIZEOF (.bss_RAM2)
                0x000001cc        0x4 LONG 0x14000000 ADDR (.bss_RAM3)
                0x000001d0        0x4 LONG 0x0 SIZEOF (.bss_RAM3)
                0x000001d4                __bss_section_table_end = .
                0x000001d4                __section_table_end = .
 *(SORT_BY_ALIGNMENT(.after_vectors*))
 .after_vectors.reset
                0x000001d4       0x4c ./startup/startup_mk64f12.o
                0x000001d4                ResetISR
 .after_vectors.init_data
                0x00000220       0x1e ./startup/startup_mk64f12.o
                0x00000220                data_init
 .after_vectors.init_bss
                0x0000023e       0x12 ./startup/startup_mk64f12.o
                0x0000023e                bss_init
 .after_vectors
                0x00000250       0x14 ./startup/startup_mk64f12.o
                0x00000250                NMI_Handler
                0x00000252                HardFault_Handler
                0x00000254                MemManage_Handler
                0x00000256                BusFault_Handler
                0x00000258                UsageFault_Handler
                0x0000025a                SVC_Handler
                0x0000025c                DebugMon_Handler
                0x0000025e                PendSV_Handler
                0x00000260                SysTick_Handler
                0x00000262                DMA_Error_DriverIRQHandler
                0x00000262                LPTMR0_DriverIRQHandler
                0x00000262                FTM1_DriverIRQHandler
                0x00000262                FTM2_DriverIRQHandler
                0x00000262                PIT2_DriverIRQHandler
                0x00000262                SDHC_DriverIRQHandler
                0x00000262                I2S0_Tx_DriverIRQHandler
                0x00000262                RTC_Seconds_DriverIRQHandler
                0x00000262                DMA6_DriverIRQHandler
                0x00000262                LLWU_DriverIRQHandler
                0x00000262                MCM_DriverIRQHandler
                0x00000262                MCG_DriverIRQHandler
                0x00000262                ENET_1588_Timer_DriverIRQHandler
                0x00000262                DAC1_DriverIRQHandler
                0x00000262                SPI1_DriverIRQHandler
                0x00000262                CMP1_DriverIRQHandler
                0x00000262                FTM0_DriverIRQHandler
                0x00000262                IntDefaultHandler
                0x00000262                USB0_DriverIRQHandler
                0x00000262                UART5_ERR_DriverIRQHandler
                0x00000262                PORTC_DriverIRQHandler
                0x00000262                DMA11_DriverIRQHandler
                0x00000262                DAC0_DriverIRQHandler
                0x00000262                DMA10_DriverIRQHandler
                0x00000262                CMP2_DriverIRQHandler
                0x00000262                UART2_ERR_DriverIRQHandler
                0x00000262                SPI2_DriverIRQHandler
                0x00000262                LVD_LVW_DriverIRQHandler
                0x00000262                DMA12_DriverIRQHandler
                0x00000262                RNG_DriverIRQHandler
                0x00000262                DMA5_DriverIRQHandler
                0x00000262                DMA4_DriverIRQHandler
                0x00000262                USBDCD_DriverIRQHandler
                0x00000262                UART3_ERR_DriverIRQHandler
                0x00000262                DMA3_DriverIRQHandler
                0x00000262                DMA8_DriverIRQHandler
                0x00000262                DMA9_DriverIRQHandler
                0x00000262                UART0_ERR_DriverIRQHandler
                0x00000262                CMT_DriverIRQHandler
                0x00000262                Reserved71_DriverIRQHandler
                0x00000262                ADC1_DriverIRQHandler
                0x00000262                PORTA_DriverIRQHandler
                0x00000262                DMA14_DriverIRQHandler
                0x00000262                PIT3_DriverIRQHandler
                0x00000262                PIT1_DriverIRQHandler
                0x00000262                WDOG_EWM_DriverIRQHandler
                0x00000262                PDB0_DriverIRQHandler
                0x00000262                RTC_DriverIRQHandler
                0x00000262                I2S0_Rx_DriverIRQHandler
                0x00000262                Read_Collision_DriverIRQHandler
                0x00000262                SWI_DriverIRQHandler
                0x00000262                UART4_ERR_DriverIRQHandler
                0x00000262                PORTB_DriverIRQHandler
                0x00000262                UART0_LON_DriverIRQHandler
                0x00000262                DMA0_DriverIRQHandler
                0x00000262                DMA1_DriverIRQHandler
                0x00000262                ENET_Receive_DriverIRQHandler
                0x00000262                DMA13_DriverIRQHandler
                0x00000262                ENET_Error_DriverIRQHandler
                0x00000262                DMA15_DriverIRQHandler
                0x00000262                SPI0_DriverIRQHandler
                0x00000262                ADC0_DriverIRQHandler
                0x00000262                CMP0_DriverIRQHandler
                0x00000262                CAN0_DriverIRQHandler
                0x00000262                FTM3_DriverIRQHandler
                0x00000262                PIT0_DriverIRQHandler
                0x00000262                UART1_ERR_DriverIRQHandler
                0x00000262                DMA2_DriverIRQHandler
                0x00000262                ENET_Transmit_DriverIRQHandler
                0x00000262                PORTD_DriverIRQHandler
                0x00000262                PORTE_DriverIRQHandler
                0x00000262                FTFE_DriverIRQHandler
                0x00000262                DMA7_DriverIRQHandler
                0x00000400                . = 0x400
 *fill*         0x00000264      0x19c ff
                0x00000400                PROVIDE (__FLASH_CONFIG_START__ = .)
 *(SORT_BY_ALIGNMENT(.FlashConfig))
 .FlashConfig   0x00000400       0x10 ./startup/startup_mk64f12.o
                0x00000400                Flash_Config
                0x00000410                PROVIDE (__FLASH_CONFIG_END__ = .)
                0x00000001                ASSERT (! ((__FLASH_CONFIG_START__ == __FLASH_CONFIG_END__)), Linker Flash Config Support Enabled, but no .FlashConfig section provided within application)
 *(SORT_BY_ALIGNMENT(.text*))
 .text.DbgConsole_SendDataReliable
                0x00000410       0x54 ./utilities/fsl_debug_console.o
                0x00000410                DbgConsole_SendDataReliable
 .text.DbgConsole_Init
                0x00000464      0x118 ./utilities/fsl_debug_console.o
                0x00000464                DbgConsole_Init
 .text.DbgConsole_Printf
                0x0000057c       0x78 ./utilities/fsl_debug_console.o
                0x0000057c                DbgConsole_Printf
 .text.main     0x000005f4      0x3d4 ./source/fft_note_extractor.o
                0x000005f4                main
 .text.CLOCK_SetEr32kClock
                0x000009c8       0x30 ./drivers/fsl_clock.o
 .text.CLOCK_SetPllFllSelClock
                0x000009f8       0x38 ./drivers/fsl_clock.o
 .text.CLOCK_GetMcgExtClkFreq
                0x00000a30       0x7c ./drivers/fsl_clock.o
 .text.CLOCK_GetFllExtRefClkFreq
                0x00000aac       0xb0 ./drivers/fsl_clock.o
 .text.CLOCK_GetInternalRefClkSelectFreq
                0x00000b5c       0x4c ./drivers/fsl_clock.o
 .text.CLOCK_GetFllRefClkFreq
                0x00000ba8       0x34 ./drivers/fsl_clock.o
 .text.CLOCK_GetOscRangeFromFreq
                0x00000bdc       0x3c ./drivers/fsl_clock.o
 .text.CLOCK_GetCoreSysClkFreq
                0x00000c18       0x28 ./drivers/fsl_clock.o
                0x00000c18                CLOCK_GetCoreSysClkFreq
 .text.CLOCK_SetSimConfig
                0x00000c40       0x34 ./drivers/fsl_clock.o
                0x00000c40                CLOCK_SetSimConfig
 .text.CLOCK_EnableUsbfs0Clock
                0x00000c74      0x108 ./drivers/fsl_clock.o
                0x00000c74                CLOCK_EnableUsbfs0Clock
 .text.CLOCK_GetOutClkFreq
                0x00000d7c       0x64 ./drivers/fsl_clock.o
                0x00000d7c                CLOCK_GetOutClkFreq
 .text.CLOCK_GetFllFreq
                0x00000de0       0x84 ./drivers/fsl_clock.o
                0x00000de0                CLOCK_GetFllFreq
 .text.CLOCK_GetPll0Freq
                0x00000e64       0x78 ./drivers/fsl_clock.o
                0x00000e64                CLOCK_GetPll0Freq
 .text.CLOCK_SetExternalRefClkConfig
                0x00000edc       0x6c ./drivers/fsl_clock.o
                0x00000edc                CLOCK_SetExternalRefClkConfig
 .text.CLOCK_SetInternalRefClkConfig
                0x00000f48      0x104 ./drivers/fsl_clock.o
                0x00000f48                CLOCK_SetInternalRefClkConfig
 .text.CLOCK_EnablePll0
                0x0000104c       0x88 ./drivers/fsl_clock.o
                0x0000104c                CLOCK_EnablePll0
 .text.CLOCK_InitOsc0
                0x000010d4       0x8c ./drivers/fsl_clock.o
                0x000010d4                CLOCK_InitOsc0
 .text.CLOCK_SetPbeMode
                0x00001160       0xa8 ./drivers/fsl_clock.o
                0x00001160                CLOCK_SetPbeMode
 .text.CLOCK_BootToPeeMode
                0x00001208       0x64 ./drivers/fsl_clock.o
                0x00001208                CLOCK_BootToPeeMode
 .text.I2C_TransferCommonIRQHandler
                0x0000126c       0x58 ./drivers/fsl_i2c.o
 .text.I2C0_DriverIRQHandler
                0x000012c4       0x1c ./drivers/fsl_i2c.o
                0x000012c4                I2C0_DriverIRQHandler
 .text.I2C1_DriverIRQHandler
                0x000012e0       0x1c ./drivers/fsl_i2c.o
                0x000012e0                I2C1_DriverIRQHandler
 .text.I2C2_DriverIRQHandler
                0x000012fc       0x1c ./drivers/fsl_i2c.o
                0x000012fc                I2C2_DriverIRQHandler
 .text.UART_GetInstance
                0x00001318       0x54 ./drivers/fsl_uart.o
                0x00001318                UART_GetInstance
 .text.UART_Init
                0x0000136c      0x2f4 ./drivers/fsl_uart.o
                0x0000136c                UART_Init
 .text.UART_GetDefaultConfig
                0x00001660       0x68 ./drivers/fsl_uart.o
                0x00001660                UART_GetDefaultConfig
 .text.UART0_DriverIRQHandler
                0x000016c8       0x28 ./drivers/fsl_uart.o
                0x000016c8                UART0_DriverIRQHandler
 .text.UART1_DriverIRQHandler
                0x000016f0       0x28 ./drivers/fsl_uart.o
                0x000016f0                UART1_DriverIRQHandler
 .text.UART2_DriverIRQHandler
                0x00001718       0x28 ./drivers/fsl_uart.o
                0x00001718                UART2_DriverIRQHandler
 .text.UART3_DriverIRQHandler
                0x00001740       0x28 ./drivers/fsl_uart.o
                0x00001740                UART3_DriverIRQHandler
 .text.UART4_DriverIRQHandler
                0x00001768       0x28 ./drivers/fsl_uart.o
                0x00001768                UART4_DriverIRQHandler
 .text.UART5_DriverIRQHandler
                0x00001790       0x28 ./drivers/fsl_uart.o
                0x00001790                UART5_DriverIRQHandler
 .text.SystemInit
                0x000017b8       0x3c ./device/system_MK64F12.o
                0x000017b8                SystemInit
 .text.HAL_UartInit
                0x000017f4      0x128 ./component/uart/fsl_adapter_uart.o
                0x000017f4                HAL_UartInit
 .text.HAL_UartSendBlocking
                0x0000191c       0x64 ./component/uart/fsl_adapter_uart.o
                0x0000191c                HAL_UartSendBlocking
 .text.CLOCK_SetSdhc0Clock
                0x00001980       0x38 ./board/clock_config.o
 .text.CLOCK_SetEnetTime0Clock
                0x000019b8       0x38 ./board/clock_config.o
 .text.CLOCK_SetRmii0Clock
                0x000019f0       0x38 ./board/clock_config.o
 .text.CLOCK_SetTraceClock
                0x00001a28       0x38 ./board/clock_config.o
 .text.CLOCK_SetClkOutClock
                0x00001a60       0x34 ./board/clock_config.o
 .text.CLOCK_SetSimSafeDivs
                0x00001a94       0x20 ./board/clock_config.o
 .text.CLOCK_SetXtal0Freq
                0x00001ab4       0x20 ./board/clock_config.o
 .text.CLOCK_CONFIG_SetFllExtRefDiv
                0x00001ad4       0x3c ./board/clock_config.o
 .text.BOARD_BootClockRUN
                0x00001b10       0x88 ./board/clock_config.o
                0x00001b10                BOARD_BootClockRUN
 .text.PORT_SetPinConfig
                0x00001b98       0x38 ./board/pin_mux.o
 .text.BOARD_InitPins
                0x00001bd0       0x30 ./board/pin_mux.o
                0x00001bd0                BOARD_InitPins
 .text.BOARD_InitDEBUG_UARTPins
                0x00001c00       0x68 ./board/pin_mux.o
                0x00001c00                BOARD_InitDEBUG_UARTPins
 .text.arm_max_f32
                0x00001c68       0xd8 C:\Users\santi\Desktop\Datardos\Facultad\Segundo semestre Quinto\DSP\workspace\fft_note_extractor\CMSIS\DSP\libarm_cortexM4lf_math.a(arm_max_f32.o)
                0x00001c68                arm_max_f32
 .text.arm_rfft_32_fast_init_f32
                0x00001d40       0x34 C:\Users\santi\Desktop\Datardos\Facultad\Segundo semestre Quinto\DSP\workspace\fft_note_extractor\CMSIS\DSP\libarm_cortexM4lf_math.a(arm_rfft_fast_init_f32.o)
                0x00001d40                arm_rfft_32_fast_init_f32
 .text.arm_rfft_64_fast_init_f32
                0x00001d74       0x34 C:\Users\santi\Desktop\Datardos\Facultad\Segundo semestre Quinto\DSP\workspace\fft_note_extractor\CMSIS\DSP\libarm_cortexM4lf_math.a(arm_rfft_fast_init_f32.o)
                0x00001d74                arm_rfft_64_fast_init_f32
 .text.arm_rfft_256_fast_init_f32
                0x00001da8       0x38 C:\Users\santi\Desktop\Datardos\Facultad\Segundo semestre Quinto\DSP\workspace\fft_note_extractor\CMSIS\DSP\libarm_cortexM4lf_math.a(arm_rfft_fast_init_f32.o)
                0x00001da8                arm_rfft_256_fast_init_f32
 .text.arm_rfft_512_fast_init_f32
                0x00001de0       0x3c C:\Users\santi\Desktop\Datardos\Facultad\Segundo semestre Quinto\DSP\workspace\fft_note_extractor\CMSIS\DSP\libarm_cortexM4lf_math.a(arm_rfft_fast_init_f32.o)
                0x00001de0                arm_rfft_512_fast_init_f32
 .text.arm_rfft_1024_fast_init_f32
                0x00001e1c       0x3c C:\Users\santi\Desktop\Datardos\Facultad\Segundo semestre Quinto\DSP\workspace\fft_note_extractor\CMSIS\DSP\libarm_cortexM4lf_math.a(arm_rfft_fast_init_f32.o)
                0x00001e1c                arm_rfft_1024_fast_init_f32
 .text.arm_rfft_2048_fast_init_f32
                0x00001e58       0x3c C:\Users\santi\Desktop\Datardos\Facultad\Segundo semestre Quinto\DSP\workspace\fft_note_extractor\CMSIS\DSP\libarm_cortexM4lf_math.a(arm_rfft_fast_init_f32.o)
                0x00001e58                arm_rfft_2048_fast_init_f32
 .text.arm_rfft_4096_fast_init_f32
                0x00001e94       0x3c C:\Users\santi\Desktop\Datardos\Facultad\Segundo semestre Quinto\DSP\workspace\fft_note_extractor\CMSIS\DSP\libarm_cortexM4lf_math.a(arm_rfft_fast_init_f32.o)
                0x00001e94                arm_rfft_4096_fast_init_f32
 .text.arm_rfft_fast_init_f32
                0x00001ed0       0x68 C:\Users\santi\Desktop\Datardos\Facultad\Segundo semestre Quinto\DSP\workspace\fft_note_extractor\CMSIS\DSP\libarm_cortexM4lf_math.a(arm_rfft_fast_init_f32.o)
                0x00001ed0                arm_rfft_fast_init_f32
 .text.stage_rfft_f32
                0x00001f38       0xb4 C:\Users\santi\Desktop\Datardos\Facultad\Segundo semestre Quinto\DSP\workspace\fft_note_extractor\CMSIS\DSP\libarm_cortexM4lf_math.a(arm_rfft_fast_f32.o)
                0x00001f38                stage_rfft_f32
 .text.merge_rfft_f32
                0x00001fec       0xac C:\Users\santi\Desktop\Datardos\Facultad\Segundo semestre Quinto\DSP\workspace\fft_note_extractor\CMSIS\DSP\libarm_cortexM4lf_math.a(arm_rfft_fast_f32.o)
                0x00001fec                merge_rfft_f32
 .text.arm_rfft_fast_f32
                0x00002098       0x40 C:\Users\santi\Desktop\Datardos\Facultad\Segundo semestre Quinto\DSP\workspace\fft_note_extractor\CMSIS\DSP\libarm_cortexM4lf_math.a(arm_rfft_fast_f32.o)
                0x00002098                arm_rfft_fast_f32
 .text.arm_cfft_radix8by2_f32
                0x000020d8      0x1a0 C:\Users\santi\Desktop\Datardos\Facultad\Segundo semestre Quinto\DSP\workspace\fft_note_extractor\CMSIS\DSP\libarm_cortexM4lf_math.a(arm_cfft_f32.o)
                0x000020d8                arm_cfft_radix8by2_f32
 .text.arm_cfft_radix8by4_f32
                0x00002278      0x4ac C:\Users\santi\Desktop\Datardos\Facultad\Segundo semestre Quinto\DSP\workspace\fft_note_extractor\CMSIS\DSP\libarm_cortexM4lf_math.a(arm_cfft_f32.o)
                0x00002278                arm_cfft_radix8by4_f32
 .text.arm_cfft_f32
                0x00002724       0xf0 C:\Users\santi\Desktop\Datardos\Facultad\Segundo semestre Quinto\DSP\workspace\fft_note_extractor\CMSIS\DSP\libarm_cortexM4lf_math.a(arm_cfft_f32.o)
                0x00002724                arm_cfft_f32
 .text.arm_bitreversal_32
                0x00002814       0x40 C:\Users\santi\Desktop\Datardos\Facultad\Segundo semestre Quinto\DSP\workspace\fft_note_extractor\CMSIS\DSP\libarm_cortexM4lf_math.a(arm_bitreversal2.o)
                0x00002814                arm_bitreversal_32
 .text.arm_abs_f32
                0x00002854       0x88 C:\Users\santi\Desktop\Datardos\Facultad\Segundo semestre Quinto\DSP\workspace\fft_note_extractor\CMSIS\DSP\libarm_cortexM4lf_math.a(arm_abs_f32.o)
                0x00002854                arm_abs_f32
 .text.arm_radix8_butterfly_f32
                0x000028dc      0x580 C:\Users\santi\Desktop\Datardos\Facultad\Segundo semestre Quinto\DSP\workspace\fft_note_extractor\CMSIS\DSP\libarm_cortexM4lf_math.a(arm_cfft_radix8_f32.o)
                0x000028dc                arm_radix8_butterfly_f32
 .text.__assertion_failed
                0x00002e5c       0x4c c:/nxp/mcuxpressoide_11.4.0_6224/ide/plugins/com.nxp.mcuxpresso.tools.win32_11.4.0.202103011116/tools/bin/../lib/gcc/arm-none-eabi/10.2.1/../../../../arm-none-eabi/lib/thumb/v7e-m+fp/hard\libcr_nohost_nf.a(_cr_assert.o)
                0x00002e5c                __assertion_failed
 .text._Cwritebuf
                0x00002ea8       0x6c c:/nxp/mcuxpressoide_11.4.0_6224/ide/plugins/com.nxp.mcuxpresso.tools.win32_11.4.0.202103011116/tools/bin/../lib/gcc/arm-none-eabi/10.2.1/../../../../arm-none-eabi/lib/thumb/v7e-m+fp/hard\libcr_c.a(_writebuf.o)
                0x00002ea8                _Cwritebuf
 .text.malloc   0x00002f14       0xc8 c:/nxp/mcuxpressoide_11.4.0_6224/ide/plugins/com.nxp.mcuxpresso.tools.win32_11.4.0.202103011116/tools/bin/../lib/gcc/arm-none-eabi/10.2.1/../../../../arm-none-eabi/lib/thumb/v7e-m+fp/hard\libcr_c.a(alloc.o)
                0x00002f14                malloc
 .text._Csys_alloc
                0x00002fdc       0x20 c:/nxp/mcuxpressoide_11.4.0_6224/ide/plugins/com.nxp.mcuxpresso.tools.win32_11.4.0.202103011116/tools/bin/../lib/gcc/arm-none-eabi/10.2.1/../../../../arm-none-eabi/lib/thumb/v7e-m+fp/hard\libcr_c.a(alloc.o)
                0x00002fdc                _Csys_alloc
 .text.fseek    0x00002ffc      0x100 c:/nxp/mcuxpressoide_11.4.0_6224/ide/plugins/com.nxp.mcuxpresso.tools.win32_11.4.0.202103011116/tools/bin/../lib/gcc/arm-none-eabi/10.2.1/../../../../arm-none-eabi/lib/thumb/v7e-m+fp/hard\libcr_c.a(fseek.o)
                0x00002ffc                fseek
 .text.ftell    0x000030fc       0x44 c:/nxp/mcuxpressoide_11.4.0_6224/ide/plugins/com.nxp.mcuxpresso.tools.win32_11.4.0.202103011116/tools/bin/../lib/gcc/arm-none-eabi/10.2.1/../../../../arm-none-eabi/lib/thumb/v7e-m+fp/hard\libcr_c.a(ftell.o)
                0x000030fc                ftell
 .text._initio  0x00003140       0x78 c:/nxp/mcuxpressoide_11.4.0_6224/ide/plugins/com.nxp.mcuxpresso.tools.win32_11.4.0.202103011116/tools/bin/../lib/gcc/arm-none-eabi/10.2.1/../../../../arm-none-eabi/lib/thumb/v7e-m+fp/hard\libcr_c.a(initio.o)
                0x00003140                _initio
 .text._sbrk    0x000031b8       0x3c c:/nxp/mcuxpressoide_11.4.0_6224/ide/plugins/com.nxp.mcuxpresso.tools.win32_11.4.0.202103011116/tools/bin/../lib/gcc/arm-none-eabi/10.2.1/../../../../arm-none-eabi/lib/thumb/v7e-m+fp/hard\libcr_c.a(_cr_sbrk.o)
                0x000031b8                _sbrk
 .text.fflush   0x000031f4       0x3c c:/nxp/mcuxpressoide_11.4.0_6224/ide/plugins/com.nxp.mcuxpresso.tools.win32_11.4.0.202103011116/tools/bin/../lib/gcc/arm-none-eabi/10.2.1/../../../../arm-none-eabi/lib/thumb/v7e-m+fp/hard\libcr_c.a(fflush.o)
                0x000031f4                fflush
 .text.__check_heap_overflow
                0x00003230       0x18 c:/nxp/mcuxpressoide_11.4.0_6224/ide/plugins/com.nxp.mcuxpresso.tools.win32_11.4.0.202103011116/tools/bin/../lib/gcc/arm-none-eabi/10.2.1/../../../../arm-none-eabi/lib/thumb/v7e-m+fp/hard\libcr_c.a(_cr_check_heap.o)
                0x00003230                __check_heap_overflow
 .text.DbgConsole_PrintCallback
                0x00003248       0x66 ./utilities/fsl_debug_console.o
 .text.PrintGetWidth
                0x000032ae       0x6a ./utilities/fsl_str.o
 .text.PrintGetPrecision
                0x00003318       0x8c ./utilities/fsl_str.o
 .text.PrintIsobpu
                0x000033a4       0x38 ./utilities/fsl_str.o
 .text.PrintIsdi
                0x000033dc       0x2c ./utilities/fsl_str.o
 .text.PrintOutputdifFobpu
                0x00003408       0x44 ./utilities/fsl_str.o
 .text.PrintOutputxX
                0x0000344c       0x44 ./utilities/fsl_str.o
 .text.PrintIsfF
                0x00003490       0x2c ./utilities/fsl_str.o
 .text.PrintIsxX
                0x000034bc       0x2c ./utilities/fsl_str.o
 .text.PrintFilterLengthFlag
                0x000034e8       0x3e ./utilities/fsl_str.o
 .text.PrintGetRadixFromobpu
                0x00003526       0x40 ./utilities/fsl_str.o
 .text.ConvertRadixNumToString
                0x00003566      0x114 ./utilities/fsl_str.o
 .text.StrFormatPrintf
                0x0000367a      0x290 ./utilities/fsl_str.o
                0x0000367a                StrFormatPrintf
 .text.DMA0_IRQHandler
                0x0000390a        0x8 ./startup/startup_mk64f12.o
                0x0000390a                DMA0_IRQHandler
 .text.DMA1_IRQHandler
                0x00003912        0x8 ./startup/startup_mk64f12.o
                0x00003912                DMA1_IRQHandler
 .text.DMA2_IRQHandler
                0x0000391a        0x8 ./startup/startup_mk64f12.o
                0x0000391a                DMA2_IRQHandler
 .text.DMA3_IRQHandler
                0x00003922        0x8 ./startup/startup_mk64f12.o
                0x00003922                DMA3_IRQHandler
 .text.DMA4_IRQHandler
                0x0000392a        0x8 ./startup/startup_mk64f12.o
                0x0000392a                DMA4_IRQHandler
 .text.DMA5_IRQHandler
                0x00003932        0x8 ./startup/startup_mk64f12.o
                0x00003932                DMA5_IRQHandler
 .text.DMA6_IRQHandler
                0x0000393a        0x8 ./startup/startup_mk64f12.o
                0x0000393a                DMA6_IRQHandler
 .text.DMA7_IRQHandler
                0x00003942        0x8 ./startup/startup_mk64f12.o
                0x00003942                DMA7_IRQHandler
 .text.DMA8_IRQHandler
                0x0000394a        0x8 ./startup/startup_mk64f12.o
                0x0000394a                DMA8_IRQHandler
 .text.DMA9_IRQHandler
                0x00003952        0x8 ./startup/startup_mk64f12.o
                0x00003952                DMA9_IRQHandler
 .text.DMA10_IRQHandler
                0x0000395a        0x8 ./startup/startup_mk64f12.o
                0x0000395a                DMA10_IRQHandler
 .text.DMA11_IRQHandler
                0x00003962        0x8 ./startup/startup_mk64f12.o
                0x00003962                DMA11_IRQHandler
 .text.DMA12_IRQHandler
                0x0000396a        0x8 ./startup/startup_mk64f12.o
                0x0000396a                DMA12_IRQHandler
 .text.DMA13_IRQHandler
                0x00003972        0x8 ./startup/startup_mk64f12.o
                0x00003972                DMA13_IRQHandler
 .text.DMA14_IRQHandler
                0x0000397a        0x8 ./startup/startup_mk64f12.o
                0x0000397a                DMA14_IRQHandler
 .text.DMA15_IRQHandler
                0x00003982        0x8 ./startup/startup_mk64f12.o
                0x00003982                DMA15_IRQHandler
 .text.DMA_Error_IRQHandler
                0x0000398a        0x8 ./startup/startup_mk64f12.o
                0x0000398a                DMA_Error_IRQHandler
 .text.MCM_IRQHandler
                0x00003992        0x8 ./startup/startup_mk64f12.o
                0x00003992                MCM_IRQHandler
 .text.FTFE_IRQHandler
                0x0000399a        0x8 ./startup/startup_mk64f12.o
                0x0000399a                FTFE_IRQHandler
 .text.Read_Collision_IRQHandler
                0x000039a2        0x8 ./startup/startup_mk64f12.o
                0x000039a2                Read_Collision_IRQHandler
 .text.LVD_LVW_IRQHandler
                0x000039aa        0x8 ./startup/startup_mk64f12.o
                0x000039aa                LVD_LVW_IRQHandler
 .text.LLWU_IRQHandler
                0x000039b2        0x8 ./startup/startup_mk64f12.o
                0x000039b2                LLWU_IRQHandler
 .text.WDOG_EWM_IRQHandler
                0x000039ba        0x8 ./startup/startup_mk64f12.o
                0x000039ba                WDOG_EWM_IRQHandler
 .text.RNG_IRQHandler
                0x000039c2        0x8 ./startup/startup_mk64f12.o
                0x000039c2                RNG_IRQHandler
 .text.I2C0_IRQHandler
                0x000039ca        0x8 ./startup/startup_mk64f12.o
                0x000039ca                I2C0_IRQHandler
 .text.I2C1_IRQHandler
                0x000039d2        0x8 ./startup/startup_mk64f12.o
                0x000039d2                I2C1_IRQHandler
 .text.SPI0_IRQHandler
                0x000039da        0x8 ./startup/startup_mk64f12.o
                0x000039da                SPI0_IRQHandler
 .text.SPI1_IRQHandler
                0x000039e2        0x8 ./startup/startup_mk64f12.o
                0x000039e2                SPI1_IRQHandler
 .text.I2S0_Tx_IRQHandler
                0x000039ea        0x8 ./startup/startup_mk64f12.o
                0x000039ea                I2S0_Tx_IRQHandler
 .text.I2S0_Rx_IRQHandler
                0x000039f2        0x8 ./startup/startup_mk64f12.o
                0x000039f2                I2S0_Rx_IRQHandler
 .text.UART0_LON_IRQHandler
                0x000039fa        0x8 ./startup/startup_mk64f12.o
                0x000039fa                UART0_LON_IRQHandler
 .text.UART0_RX_TX_IRQHandler
                0x00003a02        0x8 ./startup/startup_mk64f12.o
                0x00003a02                UART0_RX_TX_IRQHandler
 .text.UART0_ERR_IRQHandler
                0x00003a0a        0x8 ./startup/startup_mk64f12.o
                0x00003a0a                UART0_ERR_IRQHandler
 .text.UART1_RX_TX_IRQHandler
                0x00003a12        0x8 ./startup/startup_mk64f12.o
                0x00003a12                UART1_RX_TX_IRQHandler
 .text.UART1_ERR_IRQHandler
                0x00003a1a        0x8 ./startup/startup_mk64f12.o
                0x00003a1a                UART1_ERR_IRQHandler
 .text.UART2_RX_TX_IRQHandler
                0x00003a22        0x8 ./startup/startup_mk64f12.o
                0x00003a22                UART2_RX_TX_IRQHandler
 .text.UART2_ERR_IRQHandler
                0x00003a2a        0x8 ./startup/startup_mk64f12.o
                0x00003a2a                UART2_ERR_IRQHandler
 .text.UART3_RX_TX_IRQHandler
                0x00003a32        0x8 ./startup/startup_mk64f12.o
                0x00003a32                UART3_RX_TX_IRQHandler
 .text.UART3_ERR_IRQHandler
                0x00003a3a        0x8 ./startup/startup_mk64f12.o
                0x00003a3a                UART3_ERR_IRQHandler
 .text.ADC0_IRQHandler
                0x00003a42        0x8 ./startup/startup_mk64f12.o
                0x00003a42                ADC0_IRQHandler
 .text.CMP0_IRQHandler
                0x00003a4a        0x8 ./startup/startup_mk64f12.o
                0x00003a4a                CMP0_IRQHandler
 .text.CMP1_IRQHandler
                0x00003a52        0x8 ./startup/startup_mk64f12.o
                0x00003a52                CMP1_IRQHandler
 .text.FTM0_IRQHandler
                0x00003a5a        0x8 ./startup/startup_mk64f12.o
                0x00003a5a                FTM0_IRQHandler
 .text.FTM1_IRQHandler
                0x00003a62        0x8 ./startup/startup_mk64f12.o
                0x00003a62                FTM1_IRQHandler
 .text.FTM2_IRQHandler
                0x00003a6a        0x8 ./startup/startup_mk64f12.o
                0x00003a6a                FTM2_IRQHandler
 .text.CMT_IRQHandler
                0x00003a72        0x8 ./startup/startup_mk64f12.o
                0x00003a72                CMT_IRQHandler
 .text.RTC_IRQHandler
                0x00003a7a        0x8 ./startup/startup_mk64f12.o
                0x00003a7a                RTC_IRQHandler
 .text.RTC_Seconds_IRQHandler
                0x00003a82        0x8 ./startup/startup_mk64f12.o
                0x00003a82                RTC_Seconds_IRQHandler
 .text.PIT0_IRQHandler
                0x00003a8a        0x8 ./startup/startup_mk64f12.o
                0x00003a8a                PIT0_IRQHandler
 .text.PIT1_IRQHandler
                0x00003a92        0x8 ./startup/startup_mk64f12.o
                0x00003a92                PIT1_IRQHandler
 .text.PIT2_IRQHandler
                0x00003a9a        0x8 ./startup/startup_mk64f12.o
                0x00003a9a                PIT2_IRQHandler
 .text.PIT3_IRQHandler
                0x00003aa2        0x8 ./startup/startup_mk64f12.o
                0x00003aa2                PIT3_IRQHandler
 .text.PDB0_IRQHandler
                0x00003aaa        0x8 ./startup/startup_mk64f12.o
                0x00003aaa                PDB0_IRQHandler
 .text.USB0_IRQHandler
                0x00003ab2        0x8 ./startup/startup_mk64f12.o
                0x00003ab2                USB0_IRQHandler
 .text.USBDCD_IRQHandler
                0x00003aba        0x8 ./startup/startup_mk64f12.o
                0x00003aba                USBDCD_IRQHandler
 .text.Reserved71_IRQHandler
                0x00003ac2        0x8 ./startup/startup_mk64f12.o
                0x00003ac2                Reserved71_IRQHandler
 .text.DAC0_IRQHandler
                0x00003aca        0x8 ./startup/startup_mk64f12.o
                0x00003aca                DAC0_IRQHandler
 .text.MCG_IRQHandler
                0x00003ad2        0x8 ./startup/startup_mk64f12.o
                0x00003ad2                MCG_IRQHandler
 .text.LPTMR0_IRQHandler
                0x00003ada        0x8 ./startup/startup_mk64f12.o
                0x00003ada                LPTMR0_IRQHandler
 .text.PORTA_IRQHandler
                0x00003ae2        0x8 ./startup/startup_mk64f12.o
                0x00003ae2                PORTA_IRQHandler
 .text.PORTB_IRQHandler
                0x00003aea        0x8 ./startup/startup_mk64f12.o
                0x00003aea                PORTB_IRQHandler
 .text.PORTC_IRQHandler
                0x00003af2        0x8 ./startup/startup_mk64f12.o
                0x00003af2                PORTC_IRQHandler
 .text.PORTD_IRQHandler
                0x00003afa        0x8 ./startup/startup_mk64f12.o
                0x00003afa                PORTD_IRQHandler
 .text.PORTE_IRQHandler
                0x00003b02        0x8 ./startup/startup_mk64f12.o
                0x00003b02                PORTE_IRQHandler
 .text.SWI_IRQHandler
                0x00003b0a        0x8 ./startup/startup_mk64f12.o
                0x00003b0a                SWI_IRQHandler
 .text.SPI2_IRQHandler
                0x00003b12        0x8 ./startup/startup_mk64f12.o
                0x00003b12                SPI2_IRQHandler
 .text.UART4_RX_TX_IRQHandler
                0x00003b1a        0x8 ./startup/startup_mk64f12.o
                0x00003b1a                UART4_RX_TX_IRQHandler
 .text.UART4_ERR_IRQHandler
                0x00003b22        0x8 ./startup/startup_mk64f12.o
                0x00003b22                UART4_ERR_IRQHandler
 .text.UART5_RX_TX_IRQHandler
                0x00003b2a        0x8 ./startup/startup_mk64f12.o
                0x00003b2a                UART5_RX_TX_IRQHandler
 .text.UART5_ERR_IRQHandler
                0x00003b32        0x8 ./startup/startup_mk64f12.o
                0x00003b32                UART5_ERR_IRQHandler
 .text.CMP2_IRQHandler
                0x00003b3a        0x8 ./startup/startup_mk64f12.o
                0x00003b3a                CMP2_IRQHandler
 .text.FTM3_IRQHandler
                0x00003b42        0x8 ./startup/startup_mk64f12.o
                0x00003b42                FTM3_IRQHandler
 .text.DAC1_IRQHandler
                0x00003b4a        0x8 ./startup/startup_mk64f12.o
                0x00003b4a                DAC1_IRQHandler
 .text.ADC1_IRQHandler
                0x00003b52        0x8 ./startup/startup_mk64f12.o
                0x00003b52                ADC1_IRQHandler
 .text.I2C2_IRQHandler
                0x00003b5a        0x8 ./startup/startup_mk64f12.o
                0x00003b5a                I2C2_IRQHandler
 .text.CAN0_ORed_Message_buffer_IRQHandler
                0x00003b62        0x8 ./startup/startup_mk64f12.o
                0x00003b62                CAN0_ORed_Message_buffer_IRQHandler
 .text.CAN0_Bus_Off_IRQHandler
                0x00003b6a        0x8 ./startup/startup_mk64f12.o
                0x00003b6a                CAN0_Bus_Off_IRQHandler
 .text.CAN0_Error_IRQHandler
                0x00003b72        0x8 ./startup/startup_mk64f12.o
                0x00003b72                CAN0_Error_IRQHandler
 .text.CAN0_Tx_Warning_IRQHandler
                0x00003b7a        0x8 ./startup/startup_mk64f12.o
                0x00003b7a                CAN0_Tx_Warning_IRQHandler
 .text.CAN0_Rx_Warning_IRQHandler
                0x00003b82        0x8 ./startup/startup_mk64f12.o
                0x00003b82                CAN0_Rx_Warning_IRQHandler
 .text.CAN0_Wake_Up_IRQHandler
                0x00003b8a        0x8 ./startup/startup_mk64f12.o
                0x00003b8a                CAN0_Wake_Up_IRQHandler
 .text.SDHC_IRQHandler
                0x00003b92        0x8 ./startup/startup_mk64f12.o
                0x00003b92                SDHC_IRQHandler
 .text.ENET_1588_Timer_IRQHandler
                0x00003b9a        0x8 ./startup/startup_mk64f12.o
                0x00003b9a                ENET_1588_Timer_IRQHandler
 .text.ENET_Transmit_IRQHandler
                0x00003ba2        0x8 ./startup/startup_mk64f12.o
                0x00003ba2                ENET_Transmit_IRQHandler
 .text.ENET_Receive_IRQHandler
                0x00003baa        0x8 ./startup/startup_mk64f12.o
                0x00003baa                ENET_Receive_IRQHandler
 .text.ENET_Error_IRQHandler
                0x00003bb2        0x8 ./startup/startup_mk64f12.o
                0x00003bb2                ENET_Error_IRQHandler
 .text.CLOCK_EnableClock
                0x00003bba       0x34 ./drivers/fsl_clock.o
 .text.CLOCK_DisableClock
                0x00003bee       0x38 ./drivers/fsl_clock.o
 .text.OSC_SetExtRefClkConfig
                0x00003c26       0x34 ./drivers/fsl_clock.o
 .text.OSC_SetCapLoad
                0x00003c5a       0x34 ./drivers/fsl_clock.o
 .text.CLOCK_GetPll0RefFreq
                0x00003c8e        0xe ./drivers/fsl_clock.o
 .text.CLOCK_EnableClock
                0x00003c9c       0x34 ./drivers/fsl_uart.o
 .text.UART_WriteBlocking
                0x00003cd0       0x50 ./drivers/fsl_uart.o
                0x00003cd0                UART_WriteBlocking
 .text.UART0_RX_TX_DriverIRQHandler
                0x00003d20       0x12 ./drivers/fsl_uart.o
                0x00003d20                UART0_RX_TX_DriverIRQHandler
 .text.UART1_RX_TX_DriverIRQHandler
                0x00003d32       0x12 ./drivers/fsl_uart.o
                0x00003d32                UART1_RX_TX_DriverIRQHandler
 .text.UART2_RX_TX_DriverIRQHandler
                0x00003d44       0x12 ./drivers/fsl_uart.o
                0x00003d44                UART2_RX_TX_DriverIRQHandler
 .text.UART3_RX_TX_DriverIRQHandler
                0x00003d56       0x12 ./drivers/fsl_uart.o
                0x00003d56                UART3_RX_TX_DriverIRQHandler
 .text.UART4_RX_TX_DriverIRQHandler
                0x00003d68       0x12 ./drivers/fsl_uart.o
                0x00003d68                UART4_RX_TX_DriverIRQHandler
 .text.UART5_RX_TX_DriverIRQHandler
                0x00003d7a       0x12 ./drivers/fsl_uart.o
                0x00003d7a                UART5_RX_TX_DriverIRQHandler
 .text.SystemInitHook
                0x00003d8c        0xe ./device/system_MK64F12.o
                0x00003d8c                SystemInitHook
 .text.HAL_UartGetStatus
                0x00003d9a       0x22 ./component/uart/fsl_adapter_uart.o
 .text.DisableGlobalIRQ
                0x00003dbc       0x22 ./component/serial_manager/fsl_component_serial_manager.o
 .text.EnableGlobalIRQ
                0x00003dde       0x20 ./component/serial_manager/fsl_component_serial_manager.o
 .text.SerialManager_StartWriting
                0x00003dfe       0x38 ./component/serial_manager/fsl_component_serial_manager.o
 .text.SerialManager_Write
                0x00003e36       0x44 ./component/serial_manager/fsl_component_serial_manager.o
 .text.SerialManager_Init
                0x00003e7a       0x60 ./component/serial_manager/fsl_component_serial_manager.o
                0x00003e7a                SerialManager_Init
 .text.SerialManager_OpenWriteHandle
                0x00003eda       0x50 ./component/serial_manager/fsl_component_serial_manager.o
                0x00003eda                SerialManager_OpenWriteHandle
 .text.SerialManager_OpenReadHandle
                0x00003f2a       0x60 ./component/serial_manager/fsl_component_serial_manager.o
                0x00003f2a                SerialManager_OpenReadHandle
 .text.SerialManager_WriteBlocking
                0x00003f8a       0x20 ./component/serial_manager/fsl_component_serial_manager.o
                0x00003f8a                SerialManager_WriteBlocking
 .text.Serial_UartInit
                0x00003faa       0x3e ./component/serial_manager/fsl_component_serial_port_uart.o
                0x00003faa                Serial_UartInit
 .text.Serial_UartWrite
                0x00003fe8       0x38 ./component/serial_manager/fsl_component_serial_port_uart.o
                0x00003fe8                Serial_UartWrite
 .text.BOARD_InitDebugConsole
                0x00004020       0x22 ./board/board.o
                0x00004020                BOARD_InitDebugConsole
 .text.BOARD_InitBootClocks
                0x00004042        0xc ./board/clock_config.o
                0x00004042                BOARD_InitBootClocks
 .text.BOARD_InitPeripherals
                0x0000404e        0xe ./board/peripherals.o
                0x0000404e                BOARD_InitPeripherals
 .text.BOARD_InitBootPeripherals
                0x0000405c        0xc ./board/peripherals.o
                0x0000405c                BOARD_InitBootPeripherals
 .text.CLOCK_EnableClock
                0x00004068       0x34 ./board/pin_mux.o
 .text.PORT_SetPinMux
                0x0000409c       0x3a ./board/pin_mux.o
 .text.BOARD_InitBootPins
                0x000040d6       0x10 ./board/pin_mux.o
                0x000040d6                BOARD_InitBootPins
 .text.__main   0x000040e6        0xe c:/nxp/mcuxpressoide_11.4.0_6224/ide/plugins/com.nxp.mcuxpresso.tools.win32_11.4.0.202103011116/tools/bin/../lib/gcc/arm-none-eabi/10.2.1/../../../../arm-none-eabi/lib/thumb/v7e-m+fp/hard\libcr_nohost_nf.a(_cr__main.o)
                0x000040e6                __main
 .text.__sys_appexit
                0x000040f4        0x2 c:/nxp/mcuxpressoide_11.4.0_6224/ide/plugins/com.nxp.mcuxpresso.tools.win32_11.4.0.202103011116/tools/bin/../lib/gcc/arm-none-eabi/10.2.1/../../../../arm-none-eabi/lib/thumb/v7e-m+fp/hard\libcr_nohost_nf.a(__sys_appexit.o)
                0x000040f4                __sys_appexit
                0x000040f4                __exit
 .text.memset   0x000040f6        0x4 c:/nxp/mcuxpressoide_11.4.0_6224/ide/plugins/com.nxp.mcuxpresso.tools.win32_11.4.0.202103011116/tools/bin/../lib/gcc/arm-none-eabi/10.2.1/../../../../arm-none-eabi/lib/thumb/v7e-m+fp/hard\libcr_c.a(memset.o)
                0x000040f6                memset
 .text._deferredlazyseek
                0x000040fa       0x40 c:/nxp/mcuxpressoide_11.4.0_6224/ide/plugins/com.nxp.mcuxpresso.tools.win32_11.4.0.202103011116/tools/bin/../lib/gcc/arm-none-eabi/10.2.1/../../../../arm-none-eabi/lib/thumb/v7e-m+fp/hard\libcr_c.a(_deferredlazyseek.o)
                0x000040fa                _deferredlazyseek
 .text.__flsbuf
                0x0000413a      0x140 c:/nxp/mcuxpressoide_11.4.0_6224/ide/plugins/com.nxp.mcuxpresso.tools.win32_11.4.0.202103011116/tools/bin/../lib/gcc/arm-none-eabi/10.2.1/../../../../arm-none-eabi/lib/thumb/v7e-m+fp/hard\libcr_c.a(_deferredlazyseek.o)
                0x0000413a                __flsbuf
 .text._fflush  0x0000427a       0x52 c:/nxp/mcuxpressoide_11.4.0_6224/ide/plugins/com.nxp.mcuxpresso.tools.win32_11.4.0.202103011116/tools/bin/../lib/gcc/arm-none-eabi/10.2.1/../../../../arm-none-eabi/lib/thumb/v7e-m+fp/hard\libcr_c.a(_fflush.o)
                0x0000427a                _fflush
 .text.free     0x000042cc       0x30 c:/nxp/mcuxpressoide_11.4.0_6224/ide/plugins/com.nxp.mcuxpresso.tools.win32_11.4.0.202103011116/tools/bin/../lib/gcc/arm-none-eabi/10.2.1/../../../../arm-none-eabi/lib/thumb/v7e-m+fp/hard\libcr_c.a(alloc.o)
                0x000042cc                free
 .text.fputs    0x000042fc       0x2c c:/nxp/mcuxpressoide_11.4.0_6224/ide/plugins/com.nxp.mcuxpresso.tools.win32_11.4.0.202103011116/tools/bin/../lib/gcc/arm-none-eabi/10.2.1/../../../../arm-none-eabi/lib/thumb/v7e-m+fp/hard\libcr_c.a(fputs.o)
                0x000042fc                fputs
 .text.setvbuf  0x00004328       0x3e c:/nxp/mcuxpressoide_11.4.0_6224/ide/plugins/com.nxp.mcuxpresso.tools.win32_11.4.0.202103011116/tools/bin/../lib/gcc/arm-none-eabi/10.2.1/../../../../arm-none-eabi/lib/thumb/v7e-m+fp/hard\libcr_c.a(setvbuf.o)
                0x00004328                setvbuf
 .text.strlen   0x00004366       0x48 c:/nxp/mcuxpressoide_11.4.0_6224/ide/plugins/com.nxp.mcuxpresso.tools.win32_11.4.0.202103011116/tools/bin/../lib/gcc/arm-none-eabi/10.2.1/../../../../arm-none-eabi/lib/thumb/v7e-m+fp/hard\libcr_c.a(strlen.o)
                0x00004366                strlen
 .text._fdopen  0x000043ae       0x68 c:/nxp/mcuxpressoide_11.4.0_6224/ide/plugins/com.nxp.mcuxpresso.tools.win32_11.4.0.202103011116/tools/bin/../lib/gcc/arm-none-eabi/10.2.1/../../../../arm-none-eabi/lib/thumb/v7e-m+fp/hard\libcr_c.a(_fdopen.o)
                0x000043ae                _fdopen
 .text.fclose   0x00004416       0x58 c:/nxp/mcuxpressoide_11.4.0_6224/ide/plugins/com.nxp.mcuxpresso.tools.win32_11.4.0.202103011116/tools/bin/../lib/gcc/arm-none-eabi/10.2.1/../../../../arm-none-eabi/lib/thumb/v7e-m+fp/hard\libcr_c.a(fclose.o)
                0x00004416                fclose
 .text.remove   0x0000446e       0x14 c:/nxp/mcuxpressoide_11.4.0_6224/ide/plugins/com.nxp.mcuxpresso.tools.win32_11.4.0.202103011116/tools/bin/../lib/gcc/arm-none-eabi/10.2.1/../../../../arm-none-eabi/lib/thumb/v7e-m+fp/hard\libcr_c.a(remove.o)
                0x0000446e                remove
 .text._do_fflush
                0x00004482       0x40 c:/nxp/mcuxpressoide_11.4.0_6224/ide/plugins/com.nxp.mcuxpresso.tools.win32_11.4.0.202103011116/tools/bin/../lib/gcc/arm-none-eabi/10.2.1/../../../../arm-none-eabi/lib/thumb/v7e-m+fp/hard\libcr_c.a(_do_fflush.o)
                0x00004482                _do_fflush
 .text.__aeabi_memset_lowlevel
                0x000044c2       0x32 c:/nxp/mcuxpressoide_11.4.0_6224/ide/plugins/com.nxp.mcuxpresso.tools.win32_11.4.0.202103011116/tools/bin/../lib/gcc/arm-none-eabi/10.2.1/thumb/v7e-m+fp/hard\libcr_eabihelpers.a(memcpy.o)
                0x000044c2                __aeabi_lowlevel_memset
 .text.__sys_close
                0x000044f4        0x6 c:/nxp/mcuxpressoide_11.4.0_6224/ide/plugins/com.nxp.mcuxpresso.tools.win32_11.4.0.202103011116/tools/bin/../lib/gcc/arm-none-eabi/10.2.1/../../../../arm-none-eabi/lib/thumb/v7e-m+fp/hard\libcr_nohost_nf.a(__sys_close.o)
                0x000044f4                __sys_close
 .text.__sys_flen
                0x000044fa        0x6 c:/nxp/mcuxpressoide_11.4.0_6224/ide/plugins/com.nxp.mcuxpresso.tools.win32_11.4.0.202103011116/tools/bin/../lib/gcc/arm-none-eabi/10.2.1/../../../../arm-none-eabi/lib/thumb/v7e-m+fp/hard\libcr_nohost_nf.a(__sys_flen.o)
                0x000044fa                __sys_flen
 .text.__sys_istty
                0x00004500        0x6 c:/nxp/mcuxpressoide_11.4.0_6224/ide/plugins/com.nxp.mcuxpresso.tools.win32_11.4.0.202103011116/tools/bin/../lib/gcc/arm-none-eabi/10.2.1/../../../../arm-none-eabi/lib/thumb/v7e-m+fp/hard\libcr_nohost_nf.a(__sys_istty.o)
                0x00004500                __sys_istty
 .text.__sys_remove
                0x00004506        0x6 c:/nxp/mcuxpressoide_11.4.0_6224/ide/plugins/com.nxp.mcuxpresso.tools.win32_11.4.0.202103011116/tools/bin/../lib/gcc/arm-none-eabi/10.2.1/../../../../arm-none-eabi/lib/thumb/v7e-m+fp/hard\libcr_nohost_nf.a(__sys_remove.o)
                0x00004506                __sys_remove
 .text.__sys_seek
                0x0000450c        0x6 c:/nxp/mcuxpressoide_11.4.0_6224/ide/plugins/com.nxp.mcuxpresso.tools.win32_11.4.0.202103011116/tools/bin/../lib/gcc/arm-none-eabi/10.2.1/../../../../arm-none-eabi/lib/thumb/v7e-m+fp/hard\libcr_nohost_nf.a(__sys_seek.o)
                0x0000450c                __sys_seek
 .text.__sys_tmpnam
                0x00004512        0x6 c:/nxp/mcuxpressoide_11.4.0_6224/ide/plugins/com.nxp.mcuxpresso.tools.win32_11.4.0.202103011116/tools/bin/../lib/gcc/arm-none-eabi/10.2.1/../../../../arm-none-eabi/lib/thumb/v7e-m+fp/hard\libcr_nohost_nf.a(__sys_tmpnam.o)
                0x00004512                __sys_tmpnam
 .text.__sys_write
                0x00004518        0x4 c:/nxp/mcuxpressoide_11.4.0_6224/ide/plugins/com.nxp.mcuxpresso.tools.win32_11.4.0.202103011116/tools/bin/../lib/gcc/arm-none-eabi/10.2.1/../../../../arm-none-eabi/lib/thumb/v7e-m+fp/hard\libcr_nohost_nf.a(__sys_write.o)
                0x00004518                __sys_write
 *(SORT_BY_ALIGNMENT(.rodata) SORT_BY_ALIGNMENT(.rodata.*) SORT_BY_ALIGNMENT(.constdata) SORT_BY_ALIGNMENT(.constdata.*))
 .rodata.data_thresh
                0x0000451c    0x61a80 ./source/fft_note_extractor.o
                0x0000451c                data_thresh
 .rodata.main.str1.4
                0x00065f9c       0x10 ./source/fft_note_extractor.o
 .rodata.CLOCK_GetMcgExtClkFreq.str1.4
                0x00065fac       0x4e ./drivers/fsl_clock.o
 *fill*         0x00065ffa        0x2 ff
 .rodata.CLOCK_GetPll0Freq.str1.4
                0x00065ffc       0x1e ./drivers/fsl_clock.o
 *fill*         0x0006601a        0x2 ff
 .rodata.CLOCK_EnablePll0.str1.4
                0x0006601c       0x1b ./drivers/fsl_clock.o
 *fill*         0x00066037        0x1 ff
 .rodata.CLOCK_SetPbeMode.str1.4
                0x00066038       0x1b ./drivers/fsl_clock.o
 *fill*         0x00066053        0x1 ff
 .rodata.CLOCK_BootToPeeMode.str1.4
                0x00066054       0x1b ./drivers/fsl_clock.o
 *fill*         0x0006606f        0x1 ff
 .rodata.fllFactorTable.1
                0x00066070       0x10 ./drivers/fsl_clock.o
 .rodata.s_uartBases
                0x00066080       0x18 ./drivers/fsl_uart.o
 .rodata.s_uartClock
                0x00066098       0x18 ./drivers/fsl_uart.o
 .rodata.UART_GetInstance.str1.4
                0x000660b0       0x2c ./drivers/fsl_uart.o
 .rodata.UART_Init.str1.4
                0x000660dc      0x104 ./drivers/fsl_uart.o
 .rodata.UART_GetDefaultConfig.str1.4
                0x000661e0       0x21 ./drivers/fsl_uart.o
 *fill*         0x00066201        0x3 ff
 .rodata.s_UartAdapterBase
                0x00066204       0x18 ./component/uart/fsl_adapter_uart.o
 .rodata.HAL_UartInit.str1.4
                0x0006621c       0xe6 ./component/uart/fsl_adapter_uart.o
 *fill*         0x00066302        0x2 ff
 .rodata.HAL_UartSendBlocking.str1.4
                0x00066304       0x65 ./component/uart/fsl_adapter_uart.o
 *fill*         0x00066369        0x3 ff
 .rodata.mcgConfig_BOARD_BootClockRUN
                0x0006636c        0xb ./board/clock_config.o
                0x0006636c                mcgConfig_BOARD_BootClockRUN
 *fill*         0x00066377        0x1 ff
 .rodata.simConfig_BOARD_BootClockRUN
                0x00066378        0x8 ./board/clock_config.o
                0x00066378                simConfig_BOARD_BootClockRUN
 .rodata.oscConfig_BOARD_BootClockRUN
                0x00066380        0x8 ./board/clock_config.o
                0x00066380                oscConfig_BOARD_BootClockRUN
 .rodata.PORT_SetPinConfig.str1.4
                0x00066388       0x82 ./board/pin_mux.o
 *fill*         0x0006640a        0x2 ff
 .rodata.armBitRevIndexTable1024
                0x0006640c      0xe10 C:\Users\santi\Desktop\Datardos\Facultad\Segundo semestre Quinto\DSP\workspace\fft_note_extractor\CMSIS\DSP\libarm_cortexM4lf_math.a(arm_common_tables.o)
                0x0006640c                armBitRevIndexTable1024
 .rodata.armBitRevIndexTable128
                0x0006721c      0x1a0 C:\Users\santi\Desktop\Datardos\Facultad\Segundo semestre Quinto\DSP\workspace\fft_note_extractor\CMSIS\DSP\libarm_cortexM4lf_math.a(arm_common_tables.o)
                0x0006721c                armBitRevIndexTable128
 .rodata.armBitRevIndexTable16
                0x000673bc       0x28 C:\Users\santi\Desktop\Datardos\Facultad\Segundo semestre Quinto\DSP\workspace\fft_note_extractor\CMSIS\DSP\libarm_cortexM4lf_math.a(arm_common_tables.o)
                0x000673bc                armBitRevIndexTable16
 .rodata.armBitRevIndexTable2048
                0x000673e4     0x1dc0 C:\Users\santi\Desktop\Datardos\Facultad\Segundo semestre Quinto\DSP\workspace\fft_note_extractor\CMSIS\DSP\libarm_cortexM4lf_math.a(arm_common_tables.o)
                0x000673e4                armBitRevIndexTable2048
 .rodata.armBitRevIndexTable256
                0x000691a4      0x370 C:\Users\santi\Desktop\Datardos\Facultad\Segundo semestre Quinto\DSP\workspace\fft_note_extractor\CMSIS\DSP\libarm_cortexM4lf_math.a(arm_common_tables.o)
                0x000691a4                armBitRevIndexTable256
 .rodata.armBitRevIndexTable32
                0x00069514       0x60 C:\Users\santi\Desktop\Datardos\Facultad\Segundo semestre Quinto\DSP\workspace\fft_note_extractor\CMSIS\DSP\libarm_cortexM4lf_math.a(arm_common_tables.o)
                0x00069514                armBitRevIndexTable32
 .rodata.armBitRevIndexTable512
                0x00069574      0x380 C:\Users\santi\Desktop\Datardos\Facultad\Segundo semestre Quinto\DSP\workspace\fft_note_extractor\CMSIS\DSP\libarm_cortexM4lf_math.a(arm_common_tables.o)
                0x00069574                armBitRevIndexTable512
 .rodata.twiddleCoef_1024
                0x000698f4     0x2000 C:\Users\santi\Desktop\Datardos\Facultad\Segundo semestre Quinto\DSP\workspace\fft_note_extractor\CMSIS\DSP\libarm_cortexM4lf_math.a(arm_common_tables.o)
                0x000698f4                twiddleCoef_1024
 .rodata.twiddleCoef_128
                0x0006b8f4      0x400 C:\Users\santi\Desktop\Datardos\Facultad\Segundo semestre Quinto\DSP\workspace\fft_note_extractor\CMSIS\DSP\libarm_cortexM4lf_math.a(arm_common_tables.o)
                0x0006b8f4                twiddleCoef_128
 .rodata.twiddleCoef_16
                0x0006bcf4       0x80 C:\Users\santi\Desktop\Datardos\Facultad\Segundo semestre Quinto\DSP\workspace\fft_note_extractor\CMSIS\DSP\libarm_cortexM4lf_math.a(arm_common_tables.o)
                0x0006bcf4                twiddleCoef_16
 .rodata.twiddleCoef_2048
                0x0006bd74     0x4000 C:\Users\santi\Desktop\Datardos\Facultad\Segundo semestre Quinto\DSP\workspace\fft_note_extractor\CMSIS\DSP\libarm_cortexM4lf_math.a(arm_common_tables.o)
                0x0006bd74                twiddleCoef_2048
 .rodata.twiddleCoef_256
                0x0006fd74      0x800 C:\Users\santi\Desktop\Datardos\Facultad\Segundo semestre Quinto\DSP\workspace\fft_note_extractor\CMSIS\DSP\libarm_cortexM4lf_math.a(arm_common_tables.o)
                0x0006fd74                twiddleCoef_256
 .rodata.twiddleCoef_32
                0x00070574      0x100 C:\Users\santi\Desktop\Datardos\Facultad\Segundo semestre Quinto\DSP\workspace\fft_note_extractor\CMSIS\DSP\libarm_cortexM4lf_math.a(arm_common_tables.o)
                0x00070574                twiddleCoef_32
 .rodata.twiddleCoef_512
                0x00070674     0x1000 C:\Users\santi\Desktop\Datardos\Facultad\Segundo semestre Quinto\DSP\workspace\fft_note_extractor\CMSIS\DSP\libarm_cortexM4lf_math.a(arm_common_tables.o)
                0x00070674                twiddleCoef_512
 .rodata.twiddleCoef_rfft_1024
                0x00071674     0x1000 C:\Users\santi\Desktop\Datardos\Facultad\Segundo semestre Quinto\DSP\workspace\fft_note_extractor\CMSIS\DSP\libarm_cortexM4lf_math.a(arm_common_tables.o)
                0x00071674                twiddleCoef_rfft_1024
 .rodata.twiddleCoef_rfft_2048
                0x00072674     0x2000 C:\Users\santi\Desktop\Datardos\Facultad\Segundo semestre Quinto\DSP\workspace\fft_note_extractor\CMSIS\DSP\libarm_cortexM4lf_math.a(arm_common_tables.o)
                0x00072674                twiddleCoef_rfft_2048
 .rodata.twiddleCoef_rfft_256
                0x00074674      0x400 C:\Users\santi\Desktop\Datardos\Facultad\Segundo semestre Quinto\DSP\workspace\fft_note_extractor\CMSIS\DSP\libarm_cortexM4lf_math.a(arm_common_tables.o)
                0x00074674                twiddleCoef_rfft_256
 .rodata.twiddleCoef_rfft_32
                0x00074a74       0x80 C:\Users\santi\Desktop\Datardos\Facultad\Segundo semestre Quinto\DSP\workspace\fft_note_extractor\CMSIS\DSP\libarm_cortexM4lf_math.a(arm_common_tables.o)
                0x00074a74                twiddleCoef_rfft_32
 .rodata.twiddleCoef_rfft_4096
                0x00074af4     0x4000 C:\Users\santi\Desktop\Datardos\Facultad\Segundo semestre Quinto\DSP\workspace\fft_note_extractor\CMSIS\DSP\libarm_cortexM4lf_math.a(arm_common_tables.o)
                0x00074af4                twiddleCoef_rfft_4096
 .rodata.twiddleCoef_rfft_512
                0x00078af4      0x800 C:\Users\santi\Desktop\Datardos\Facultad\Segundo semestre Quinto\DSP\workspace\fft_note_extractor\CMSIS\DSP\libarm_cortexM4lf_math.a(arm_common_tables.o)
                0x00078af4                twiddleCoef_rfft_512
 .rodata.twiddleCoef_rfft_64
                0x000792f4      0x100 C:\Users\santi\Desktop\Datardos\Facultad\Segundo semestre Quinto\DSP\workspace\fft_note_extractor\CMSIS\DSP\libarm_cortexM4lf_math.a(arm_common_tables.o)
                0x000792f4                twiddleCoef_rfft_64
 .rodata.__num_Ciob_streams
                0x000793f4        0x4 c:/nxp/mcuxpressoide_11.4.0_6224/ide/plugins/com.nxp.mcuxpresso.tools.win32_11.4.0.202103011116/tools/bin/../lib/gcc/arm-none-eabi/10.2.1/../../../../arm-none-eabi/lib/thumb/v7e-m+fp/hard\libcr_nohost_nf.a(__ciob.o)
                0x000793f4                __num_Ciob_streams
 .rodata.__assertion_failed.str1.1
                0x000793f8       0x15 c:/nxp/mcuxpressoide_11.4.0_6224/ide/plugins/com.nxp.mcuxpresso.tools.win32_11.4.0.202103011116/tools/bin/../lib/gcc/arm-none-eabi/10.2.1/../../../../arm-none-eabi/lib/thumb/v7e-m+fp/hard\libcr_nohost_nf.a(_cr_assert.o)
 .rodata._Csys_alloc.str1.1
                0x0007940d       0x18 c:/nxp/mcuxpressoide_11.4.0_6224/ide/plugins/com.nxp.mcuxpresso.tools.win32_11.4.0.202103011116/tools/bin/../lib/gcc/arm-none-eabi/10.2.1/../../../../arm-none-eabi/lib/thumb/v7e-m+fp/hard\libcr_c.a(alloc.o)
 .rodata._initio.str1.1
                0x00079425        0x4 c:/nxp/mcuxpressoide_11.4.0_6224/ide/plugins/com.nxp.mcuxpresso.tools.win32_11.4.0.202103011116/tools/bin/../lib/gcc/arm-none-eabi/10.2.1/../../../../arm-none-eabi/lib/thumb/v7e-m+fp/hard\libcr_c.a(initio.o)
                0x00079430                . = ALIGN (0x8)
 *fill*         0x00079429        0x7 ff

.glue_7         0x00079430        0x0
 .glue_7        0x00079430        0x0 linker stubs

.glue_7t        0x00079430        0x0
 .glue_7t       0x00079430        0x0 linker stubs

.vfp11_veneer   0x00079430        0x0
 .vfp11_veneer  0x00079430        0x0 linker stubs

.v4_bx          0x00079430        0x0
 .v4_bx         0x00079430        0x0 linker stubs

.iplt           0x00079430        0x0
 .iplt          0x00079430        0x0 ./utilities/fsl_debug_console.o

.rel.dyn        0x00079430        0x0
 .rel.iplt      0x00079430        0x0 ./utilities/fsl_debug_console.o

.ARM.extab
 *(SORT_BY_ALIGNMENT(.ARM.extab*) SORT_BY_ALIGNMENT(.gnu.linkonce.armextab.*))

.ARM.exidx      0x00079430        0x0
                0x00079430                __exidx_start = .
 *(SORT_BY_ALIGNMENT(.ARM.exidx*) SORT_BY_ALIGNMENT(.gnu.linkonce.armexidx.*))
                0x00079430                __exidx_end = .
                0x00079430                _etext = .

.m_usb_data
 *(SORT_BY_ALIGNMENT(m_usb_bdt))

.data_RAM2      0x1fff0000        0x0 load address 0x00079430
 FILL mask 0xff
                [!provide]                PROVIDE (__start_data_RAM2 = .)
                [!provide]                PROVIDE (__start_data_SRAM_LOWER = .)
 *(SORT_BY_ALIGNMENT(.ramfunc.$RAM2))
 *(SORT_BY_ALIGNMENT(.ramfunc.$SRAM_LOWER))
 *(SORT_BY_ALIGNMENT(.data.$RAM2))
 *(SORT_BY_ALIGNMENT(.data.$SRAM_LOWER))
 *(SORT_BY_ALIGNMENT(.data.$RAM2.*))
 *(SORT_BY_ALIGNMENT(.data.$SRAM_LOWER.*))
                0x1fff0000                . = ALIGN (0x8)
                [!provide]                PROVIDE (__end_data_RAM2 = .)
                [!provide]                PROVIDE (__end_data_SRAM_LOWER = .)

.data_RAM3      0x14000000        0x0 load address 0x00079430
 FILL mask 0xff
                [!provide]                PROVIDE (__start_data_RAM3 = .)
                [!provide]                PROVIDE (__start_data_FLEX_RAM = .)
 *(SORT_BY_ALIGNMENT(.ramfunc.$RAM3))
 *(SORT_BY_ALIGNMENT(.ramfunc.$FLEX_RAM))
 *(SORT_BY_ALIGNMENT(.data.$RAM3))
 *(SORT_BY_ALIGNMENT(.data.$FLEX_RAM))
 *(SORT_BY_ALIGNMENT(.data.$RAM3.*))
 *(SORT_BY_ALIGNMENT(.data.$FLEX_RAM.*))
                0x14000000                . = ALIGN (0x8)
                [!provide]                PROVIDE (__end_data_RAM3 = .)
                [!provide]                PROVIDE (__end_data_FLEX_RAM = .)

.uninit_RESERVED
                0x20000000        0x0
                0x20000000                _start_uninit_RESERVED = .
 *(SORT_BY_ALIGNMENT(.bss.$RESERVED*))
                0x20000000                . = ALIGN (0x8)
                0x20000000                _end_uninit_RESERVED = .

.data           0x20000000       0x10 load address 0x00079430
 FILL mask 0xff
                0x20000000                _data = .
                [!provide]                PROVIDE (__start_data_RAM = .)
                [!provide]                PROVIDE (__start_data_SRAM_UPPER = .)
 *(SORT_BY_ALIGNMENT(vtable))
 *(SORT_BY_ALIGNMENT(.ramfunc*))
 *(SORT_BY_ALIGNMENT(CodeQuickAccess))
 *(SORT_BY_ALIGNMENT(DataQuickAccess))
 *(SORT_BY_ALIGNMENT(RamFunction))
 *(SORT_BY_ALIGNMENT(.data*))
 .data.s_slowIrcFreq
                0x20000000        0x4 ./drivers/fsl_clock.o
 .data.s_fastIrcFreq
                0x20000004        0x4 ./drivers/fsl_clock.o
 .data.SystemCoreClock
                0x20000008        0x4 ./device/system_MK64F12.o
                0x20000008                SystemCoreClock
                0x20000010                . = ALIGN (0x8)
 *fill*         0x2000000c        0x4 ff
                0x20000010                _edata = .
                [!provide]                PROVIDE (__end_data_RAM = .)
                [!provide]                PROVIDE (__end_data_SRAM_UPPER = .)

.igot.plt       0x20000010        0x0 load address 0x00079440
 .igot.plt      0x20000010        0x0 ./utilities/fsl_debug_console.o

.bss_RAM2       0x1fff0000        0x0
                [!provide]                PROVIDE (__start_bss_RAM2 = .)
                [!provide]                PROVIDE (__start_bss_SRAM_LOWER = .)
 *(SORT_BY_ALIGNMENT(.bss.$RAM2))
 *(SORT_BY_ALIGNMENT(.bss.$SRAM_LOWER))
 *(SORT_BY_ALIGNMENT(.bss.$RAM2.*))
 *(SORT_BY_ALIGNMENT(.bss.$SRAM_LOWER.*))
                0x1fff0000                . = ALIGN ((. != 0x0)?0x8:0x1)
                [!provide]                PROVIDE (__end_bss_RAM2 = .)
                [!provide]                PROVIDE (__end_bss_SRAM_LOWER = .)

.bss_RAM3       0x14000000        0x0
                [!provide]                PROVIDE (__start_bss_RAM3 = .)
                [!provide]                PROVIDE (__start_bss_FLEX_RAM = .)
 *(SORT_BY_ALIGNMENT(.bss.$RAM3))
 *(SORT_BY_ALIGNMENT(.bss.$FLEX_RAM))
 *(SORT_BY_ALIGNMENT(.bss.$RAM3.*))
 *(SORT_BY_ALIGNMENT(.bss.$FLEX_RAM.*))
                0x14000000                . = ALIGN ((. != 0x0)?0x8:0x1)
                [!provide]                PROVIDE (__end_bss_RAM3 = .)
                [!provide]                PROVIDE (__end_bss_FLEX_RAM = .)

.bss            0x20000010      0x120
                0x20000010                _bss = .
                [!provide]                PROVIDE (__start_bss_RAM = .)
                [!provide]                PROVIDE (__start_bss_SRAM_UPPER = .)
 *(SORT_BY_ALIGNMENT(.bss*))
 .bss.s_debugConsoleState
                0x20000010       0x20 ./utilities/fsl_debug_console.o
 .bss.g_serialHandle
                0x20000030        0x4 ./utilities/fsl_debug_console.o
                0x20000030                g_serialHandle
 .bss.g_xtal0Freq
                0x20000034        0x4 ./drivers/fsl_clock.o
                0x20000034                g_xtal0Freq
 .bss.g_xtal32Freq
                0x20000038        0x4 ./drivers/fsl_clock.o
                0x20000038                g_xtal32Freq
 .bss.s_i2cHandle
                0x2000003c        0xc ./drivers/fsl_i2c.o
 .bss.s_i2cMasterIsr
                0x20000048        0x4 ./drivers/fsl_i2c.o
 .bss.s_i2cSlaveIsr
                0x2000004c        0x4 ./drivers/fsl_i2c.o
 .bss.s_uartHandle
                0x20000050       0x18 ./drivers/fsl_uart.o
                0x20000050                s_uartHandle
 .bss.s_uartIsr
                0x20000068        0x4 ./drivers/fsl_uart.o
                0x20000068                s_uartIsr
 .bss.__Ciob    0x2000006c       0xb4 c:/nxp/mcuxpressoide_11.4.0_6224/ide/plugins/com.nxp.mcuxpresso.tools.win32_11.4.0.202103011116/tools/bin/../lib/gcc/arm-none-eabi/10.2.1/../../../../arm-none-eabi/lib/thumb/v7e-m+fp/hard\libcr_nohost_nf.a(__ciob.o)
                0x2000006c                __Ciob
 .bss.errno     0x20000120        0x4 c:/nxp/mcuxpressoide_11.4.0_6224/ide/plugins/com.nxp.mcuxpresso.tools.win32_11.4.0.202103011116/tools/bin/../lib/gcc/arm-none-eabi/10.2.1/../../../../arm-none-eabi/lib/thumb/v7e-m+fp/hard\libcr_c.a(errno.o)
                0x20000120                errno
 .bss.__end_of_heap
                0x20000124        0x4 c:/nxp/mcuxpressoide_11.4.0_6224/ide/plugins/com.nxp.mcuxpresso.tools.win32_11.4.0.202103011116/tools/bin/../lib/gcc/arm-none-eabi/10.2.1/../../../../arm-none-eabi/lib/thumb/v7e-m+fp/hard\libcr_c.a(__init_alloc.o)
                0x20000124                __end_of_heap
 .bss.__heaps   0x20000128        0x4 c:/nxp/mcuxpressoide_11.4.0_6224/ide/plugins/com.nxp.mcuxpresso.tools.win32_11.4.0.202103011116/tools/bin/../lib/gcc/arm-none-eabi/10.2.1/../../../../arm-none-eabi/lib/thumb/v7e-m+fp/hard\libcr_c.a(__init_alloc.o)
                0x20000128                __heaps
 .bss.s_debugConsoleReadWaitSemaphore
                0x2000012c        0x1 ./utilities/fsl_debug_console.o
 *(SORT_BY_ALIGNMENT(COMMON))
                0x20000130                . = ALIGN (0x8)
 *fill*         0x2000012d        0x3 
                0x20000130                _ebss = .
                [!provide]                PROVIDE (__end_bss_RAM = .)
                [!provide]                PROVIDE (__end_bss_SRAM_UPPER = .)
                [!provide]                PROVIDE (end = .)

.noinit_RAM2    0x1fff0000        0x0
                [!provide]                PROVIDE (__start_noinit_RAM2 = .)
                [!provide]                PROVIDE (__start_noinit_SRAM_LOWER = .)
 *(SORT_BY_ALIGNMENT(.noinit.$RAM2))
 *(SORT_BY_ALIGNMENT(.noinit.$SRAM_LOWER))
 *(SORT_BY_ALIGNMENT(.noinit.$RAM2.*))
 *(SORT_BY_ALIGNMENT(.noinit.$SRAM_LOWER.*))
                0x1fff0000                . = ALIGN (0x8)
                [!provide]                PROVIDE (__end_noinit_RAM2 = .)
                [!provide]                PROVIDE (__end_noinit_SRAM_LOWER = .)

.noinit_RAM3    0x14000000        0x0
                [!provide]                PROVIDE (__start_noinit_RAM3 = .)
                [!provide]                PROVIDE (__start_noinit_FLEX_RAM = .)
 *(SORT_BY_ALIGNMENT(.noinit.$RAM3))
 *(SORT_BY_ALIGNMENT(.noinit.$FLEX_RAM))
 *(SORT_BY_ALIGNMENT(.noinit.$RAM3.*))
 *(SORT_BY_ALIGNMENT(.noinit.$FLEX_RAM.*))
                0x14000000                . = ALIGN (0x8)
                [!provide]                PROVIDE (__end_noinit_RAM3 = .)
                [!provide]                PROVIDE (__end_noinit_FLEX_RAM = .)

.noinit         0x20000130        0x0
                0x20000130                _noinit = .
                [!provide]                PROVIDE (__start_noinit_RAM = .)
                [!provide]                PROVIDE (__start_noinit_SRAM_UPPER = .)
 *(SORT_BY_ALIGNMENT(.noinit*))
                0x20000130                . = ALIGN (0x8)
                0x20000130                _end_noinit = .
                [!provide]                PROVIDE (__end_noinit_RAM = .)
                [!provide]                PROVIDE (__end_noinit_SRAM_UPPER = .)
                0x00001000                _HeapSize = 0x1000

.heap           0x20000130     0x1000
                0x20000130                _pvHeapStart = .
                0x20001130                . = (. + _HeapSize)
 *fill*         0x20000130     0x1000 
                0x20001130                . = ALIGN (0x8)
                0x20001130                _pvHeapLimit = .
                0x00001000                _StackSize = 0x1000

.heap2stackfill
                0x20001130     0x1000
                0x20002130                . = (. + _StackSize)
 *fill*         0x20001130     0x1000 

.stack          0x2002f000        0x0
                0x2002f000                _vStackBase = .
                0x2002f000                . = ALIGN (0x8)
                0x20030000                _vStackTop = (. + _StackSize)
                0x00000000                _image_start = LOADADDR (.text)
                0x00079440                _image_end = (LOADADDR (.data) + SIZEOF (.data))
                0x00079440                _image_size = (_image_end - _image_start)
OUTPUT(fft_note_extractor.axf elf32-littlearm)
LOAD linker stubs

.debug_info     0x00000000    0x15818
 .debug_info    0x00000000      0xb58 ./utilities/fsl_debug_console.o
 .debug_info    0x00000b58      0xac5 ./utilities/fsl_str.o
 .debug_info    0x0000161d      0x93a ./startup/startup_mk64f12.o
 .debug_info    0x00001f57      0x5e5 ./source/fft_note_extractor.o
 .debug_info    0x0000253c     0x21ab ./drivers/fsl_clock.o
 .debug_info    0x000046e7     0x1e7a ./drivers/fsl_i2c.o
 .debug_info    0x00006561     0x1f78 ./drivers/fsl_uart.o
 .debug_info    0x000084d9      0x649 ./device/system_MK64F12.o
 .debug_info    0x00008b22      0xa66 ./component/uart/fsl_adapter_uart.o
 .debug_info    0x00009588      0x8e1 ./component/serial_manager/fsl_component_serial_manager.o
 .debug_info    0x00009e69      0x46b ./component/serial_manager/fsl_component_serial_port_uart.o
 .debug_info    0x0000a2d4       0xd0 ./board/board.o
 .debug_info    0x0000a3a4      0xcb8 ./board/clock_config.o
 .debug_info    0x0000b05c       0x4e ./board/peripherals.o
 .debug_info    0x0000b0aa      0xc38 ./board/pin_mux.o
 .debug_info    0x0000bce2      0xb3c C:\Users\santi\Desktop\Datardos\Facultad\Segundo semestre Quinto\DSP\workspace\fft_note_extractor\CMSIS\DSP\libarm_cortexM4lf_math.a(arm_max_f32.o)
 .debug_info    0x0000c81e     0x192a C:\Users\santi\Desktop\Datardos\Facultad\Segundo semestre Quinto\DSP\workspace\fft_note_extractor\CMSIS\DSP\libarm_cortexM4lf_math.a(arm_rfft_fast_init_f32.o)
 .debug_info    0x0000e148      0xf91 C:\Users\santi\Desktop\Datardos\Facultad\Segundo semestre Quinto\DSP\workspace\fft_note_extractor\CMSIS\DSP\libarm_cortexM4lf_math.a(arm_rfft_fast_f32.o)
 .debug_info    0x0000f0d9     0x1c5b C:\Users\santi\Desktop\Datardos\Facultad\Segundo semestre Quinto\DSP\workspace\fft_note_extractor\CMSIS\DSP\libarm_cortexM4lf_math.a(arm_cfft_f32.o)
 .debug_info    0x00010d34     0x16a6 C:\Users\santi\Desktop\Datardos\Facultad\Segundo semestre Quinto\DSP\workspace\fft_note_extractor\CMSIS\DSP\libarm_cortexM4lf_math.a(arm_bitreversal2.o)
 .debug_info    0x000123da      0xae0 C:\Users\santi\Desktop\Datardos\Facultad\Segundo semestre Quinto\DSP\workspace\fft_note_extractor\CMSIS\DSP\libarm_cortexM4lf_math.a(arm_abs_f32.o)
 .debug_info    0x00012eba     0x1a84 C:\Users\santi\Desktop\Datardos\Facultad\Segundo semestre Quinto\DSP\workspace\fft_note_extractor\CMSIS\DSP\libarm_cortexM4lf_math.a(arm_common_tables.o)
 .debug_info    0x0001493e      0xeda C:\Users\santi\Desktop\Datardos\Facultad\Segundo semestre Quinto\DSP\workspace\fft_note_extractor\CMSIS\DSP\libarm_cortexM4lf_math.a(arm_cfft_radix8_f32.o)

.debug_abbrev   0x00000000     0x30b7
 .debug_abbrev  0x00000000      0x232 ./utilities/fsl_debug_console.o
 .debug_abbrev  0x00000232      0x24d ./utilities/fsl_str.o
 .debug_abbrev  0x0000047f      0x185 ./startup/startup_mk64f12.o
 .debug_abbrev  0x00000604      0x15a ./source/fft_note_extractor.o
 .debug_abbrev  0x0000075e      0x359 ./drivers/fsl_clock.o
 .debug_abbrev  0x00000ab7      0x363 ./drivers/fsl_i2c.o
 .debug_abbrev  0x00000e1a      0x42e ./drivers/fsl_uart.o
 .debug_abbrev  0x00001248      0x148 ./device/system_MK64F12.o
 .debug_abbrev  0x00001390      0x1c9 ./component/uart/fsl_adapter_uart.o
 .debug_abbrev  0x00001559      0x23d ./component/serial_manager/fsl_component_serial_manager.o
 .debug_abbrev  0x00001796      0x167 ./component/serial_manager/fsl_component_serial_port_uart.o
 .debug_abbrev  0x000018fd       0x85 ./board/board.o
 .debug_abbrev  0x00001982      0x246 ./board/clock_config.o
 .debug_abbrev  0x00001bc8       0x4b ./board/peripherals.o
 .debug_abbrev  0x00001c13      0x281 ./board/pin_mux.o
 .debug_abbrev  0x00001e94      0x212 C:\Users\santi\Desktop\Datardos\Facultad\Segundo semestre Quinto\DSP\workspace\fft_note_extractor\CMSIS\DSP\libarm_cortexM4lf_math.a(arm_max_f32.o)
 .debug_abbrev  0x000020a6      0x2a0 C:\Users\santi\Desktop\Datardos\Facultad\Segundo semestre Quinto\DSP\workspace\fft_note_extractor\CMSIS\DSP\libarm_cortexM4lf_math.a(arm_rfft_fast_init_f32.o)
 .debug_abbrev  0x00002346      0x2b8 C:\Users\santi\Desktop\Datardos\Facultad\Segundo semestre Quinto\DSP\workspace\fft_note_extractor\CMSIS\DSP\libarm_cortexM4lf_math.a(arm_rfft_fast_f32.o)
 .debug_abbrev  0x000025fe      0x2e0 C:\Users\santi\Desktop\Datardos\Facultad\Segundo semestre Quinto\DSP\workspace\fft_note_extractor\CMSIS\DSP\libarm_cortexM4lf_math.a(arm_cfft_f32.o)
 .debug_abbrev  0x000028de      0x206 C:\Users\santi\Desktop\Datardos\Facultad\Segundo semestre Quinto\DSP\workspace\fft_note_extractor\CMSIS\DSP\libarm_cortexM4lf_math.a(arm_bitreversal2.o)
 .debug_abbrev  0x00002ae4      0x1eb C:\Users\santi\Desktop\Datardos\Facultad\Segundo semestre Quinto\DSP\workspace\fft_note_extractor\CMSIS\DSP\libarm_cortexM4lf_math.a(arm_abs_f32.o)
 .debug_abbrev  0x00002ccf      0x1dd C:\Users\santi\Desktop\Datardos\Facultad\Segundo semestre Quinto\DSP\workspace\fft_note_extractor\CMSIS\DSP\libarm_cortexM4lf_math.a(arm_common_tables.o)
 .debug_abbrev  0x00002eac      0x20b C:\Users\santi\Desktop\Datardos\Facultad\Segundo semestre Quinto\DSP\workspace\fft_note_extractor\CMSIS\DSP\libarm_cortexM4lf_math.a(arm_cfft_radix8_f32.o)

.debug_aranges  0x00000000      0xde0
 .debug_aranges
                0x00000000       0x98 ./utilities/fsl_debug_console.o
 .debug_aranges
                0x00000098       0xb8 ./utilities/fsl_str.o
 .debug_aranges
                0x00000150      0x330 ./startup/startup_mk64f12.o
 .debug_aranges
                0x00000480       0x20 ./source/fft_note_extractor.o
 .debug_aranges
                0x000004a0      0x1f8 ./drivers/fsl_clock.o
 .debug_aranges
                0x00000698      0x180 ./drivers/fsl_i2c.o
 .debug_aranges
                0x00000818      0x1b8 ./drivers/fsl_uart.o
 .debug_aranges
                0x000009d0       0x30 ./device/system_MK64F12.o
 .debug_aranges
                0x00000a00       0x50 ./component/uart/fsl_adapter_uart.o
 .debug_aranges
                0x00000a50       0x98 ./component/serial_manager/fsl_component_serial_manager.o
 .debug_aranges
                0x00000ae8       0x48 ./component/serial_manager/fsl_component_serial_port_uart.o
 .debug_aranges
                0x00000b30       0x20 ./board/board.o
 .debug_aranges
                0x00000b50       0x80 ./board/clock_config.o
 .debug_aranges
                0x00000bd0       0x28 ./board/peripherals.o
 .debug_aranges
                0x00000bf8       0x88 ./board/pin_mux.o
 .debug_aranges
                0x00000c80       0x20 C:\Users\santi\Desktop\Datardos\Facultad\Segundo semestre Quinto\DSP\workspace\fft_note_extractor\CMSIS\DSP\libarm_cortexM4lf_math.a(arm_max_f32.o)
 .debug_aranges
                0x00000ca0       0x60 C:\Users\santi\Desktop\Datardos\Facultad\Segundo semestre Quinto\DSP\workspace\fft_note_extractor\CMSIS\DSP\libarm_cortexM4lf_math.a(arm_rfft_fast_init_f32.o)
 .debug_aranges
                0x00000d00       0x30 C:\Users\santi\Desktop\Datardos\Facultad\Segundo semestre Quinto\DSP\workspace\fft_note_extractor\CMSIS\DSP\libarm_cortexM4lf_math.a(arm_rfft_fast_f32.o)
 .debug_aranges
                0x00000d30       0x30 C:\Users\santi\Desktop\Datardos\Facultad\Segundo semestre Quinto\DSP\workspace\fft_note_extractor\CMSIS\DSP\libarm_cortexM4lf_math.a(arm_cfft_f32.o)
 .debug_aranges
                0x00000d60       0x28 C:\Users\santi\Desktop\Datardos\Facultad\Segundo semestre Quinto\DSP\workspace\fft_note_extractor\CMSIS\DSP\libarm_cortexM4lf_math.a(arm_bitreversal2.o)
 .debug_aranges
                0x00000d88       0x20 C:\Users\santi\Desktop\Datardos\Facultad\Segundo semestre Quinto\DSP\workspace\fft_note_extractor\CMSIS\DSP\libarm_cortexM4lf_math.a(arm_abs_f32.o)
 .debug_aranges
                0x00000da8       0x18 C:\Users\santi\Desktop\Datardos\Facultad\Segundo semestre Quinto\DSP\workspace\fft_note_extractor\CMSIS\DSP\libarm_cortexM4lf_math.a(arm_common_tables.o)
 .debug_aranges
                0x00000dc0       0x20 C:\Users\santi\Desktop\Datardos\Facultad\Segundo semestre Quinto\DSP\workspace\fft_note_extractor\CMSIS\DSP\libarm_cortexM4lf_math.a(arm_cfft_radix8_f32.o)

.debug_ranges   0x00000000      0xc98
 .debug_ranges  0x00000000       0x88 ./utilities/fsl_debug_console.o
 .debug_ranges  0x00000088       0xd8 ./utilities/fsl_str.o
 .debug_ranges  0x00000160      0x320 ./startup/startup_mk64f12.o
 .debug_ranges  0x00000480       0x10 ./source/fft_note_extractor.o
 .debug_ranges  0x00000490      0x1e8 ./drivers/fsl_clock.o
 .debug_ranges  0x00000678      0x170 ./drivers/fsl_i2c.o
 .debug_ranges  0x000007e8      0x1a8 ./drivers/fsl_uart.o
 .debug_ranges  0x00000990       0x20 ./device/system_MK64F12.o
 .debug_ranges  0x000009b0       0x40 ./component/uart/fsl_adapter_uart.o
 .debug_ranges  0x000009f0       0x88 ./component/serial_manager/fsl_component_serial_manager.o
 .debug_ranges  0x00000a78       0x38 ./component/serial_manager/fsl_component_serial_port_uart.o
 .debug_ranges  0x00000ab0       0x10 ./board/board.o
 .debug_ranges  0x00000ac0       0x70 ./board/clock_config.o
 .debug_ranges  0x00000b30       0x18 ./board/peripherals.o
 .debug_ranges  0x00000b48       0x78 ./board/pin_mux.o
 .debug_ranges  0x00000bc0       0x10 C:\Users\santi\Desktop\Datardos\Facultad\Segundo semestre Quinto\DSP\workspace\fft_note_extractor\CMSIS\DSP\libarm_cortexM4lf_math.a(arm_max_f32.o)
 .debug_ranges  0x00000bd0       0x50 C:\Users\santi\Desktop\Datardos\Facultad\Segundo semestre Quinto\DSP\workspace\fft_note_extractor\CMSIS\DSP\libarm_cortexM4lf_math.a(arm_rfft_fast_init_f32.o)
 .debug_ranges  0x00000c20       0x20 C:\Users\santi\Desktop\Datardos\Facultad\Segundo semestre Quinto\DSP\workspace\fft_note_extractor\CMSIS\DSP\libarm_cortexM4lf_math.a(arm_rfft_fast_f32.o)
 .debug_ranges  0x00000c40       0x20 C:\Users\santi\Desktop\Datardos\Facultad\Segundo semestre Quinto\DSP\workspace\fft_note_extractor\CMSIS\DSP\libarm_cortexM4lf_math.a(arm_cfft_f32.o)
 .debug_ranges  0x00000c60       0x18 C:\Users\santi\Desktop\Datardos\Facultad\Segundo semestre Quinto\DSP\workspace\fft_note_extractor\CMSIS\DSP\libarm_cortexM4lf_math.a(arm_bitreversal2.o)
 .debug_ranges  0x00000c78       0x10 C:\Users\santi\Desktop\Datardos\Facultad\Segundo semestre Quinto\DSP\workspace\fft_note_extractor\CMSIS\DSP\libarm_cortexM4lf_math.a(arm_abs_f32.o)
 .debug_ranges  0x00000c88       0x10 C:\Users\santi\Desktop\Datardos\Facultad\Segundo semestre Quinto\DSP\workspace\fft_note_extractor\CMSIS\DSP\libarm_cortexM4lf_math.a(arm_cfft_radix8_f32.o)

.debug_macro    0x00000000    0x1432e
 .debug_macro   0x00000000      0x1b9 ./utilities/fsl_debug_console.o
 .debug_macro   0x000001b9      0xaae ./utilities/fsl_debug_console.o
 .debug_macro   0x00000c67       0x10 ./utilities/fsl_debug_console.o
 .debug_macro   0x00000c77       0x16 ./utilities/fsl_debug_console.o
 .debug_macro   0x00000c8d       0x10 ./utilities/fsl_debug_console.o
 .debug_macro   0x00000c9d      0x12e ./utilities/fsl_debug_console.o
 .debug_macro   0x00000dcb       0x28 ./utilities/fsl_debug_console.o
 .debug_macro   0x00000df3       0x16 ./utilities/fsl_debug_console.o
 .debug_macro   0x00000e09       0x22 ./utilities/fsl_debug_console.o
 .debug_macro   0x00000e2b      0x5b3 ./utilities/fsl_debug_console.o
 .debug_macro   0x000013de       0x10 ./utilities/fsl_debug_console.o
 .debug_macro   0x000013ee       0x58 ./utilities/fsl_debug_console.o
 .debug_macro   0x00001446       0x1c ./utilities/fsl_debug_console.o
 .debug_macro   0x00001462       0x22 ./utilities/fsl_debug_console.o
 .debug_macro   0x00001484       0xfb ./utilities/fsl_debug_console.o
 .debug_macro   0x0000157f      0xeeb ./utilities/fsl_debug_console.o
 .debug_macro   0x0000246a       0x40 ./utilities/fsl_debug_console.o
 .debug_macro   0x000024aa     0xec5f ./utilities/fsl_debug_console.o
 .debug_macro   0x00011109     0x12e8 ./utilities/fsl_debug_console.o
 .debug_macro   0x000123f1       0x7a ./utilities/fsl_debug_console.o
 .debug_macro   0x0001246b       0xa1 ./utilities/fsl_debug_console.o
 .debug_macro   0x0001250c      0x174 ./utilities/fsl_debug_console.o
 .debug_macro   0x00012680       0x50 ./utilities/fsl_debug_console.o
 .debug_macro   0x000126d0       0x58 ./utilities/fsl_debug_console.o
 .debug_macro   0x00012728       0x40 ./utilities/fsl_debug_console.o
 .debug_macro   0x00012768       0x10 ./utilities/fsl_debug_console.o
 .debug_macro   0x00012778       0x66 ./utilities/fsl_debug_console.o
 .debug_macro   0x000127de       0x34 ./utilities/fsl_debug_console.o
 .debug_macro   0x00012812      0x140 ./utilities/fsl_str.o
 .debug_macro   0x00012952       0xc4 ./utilities/fsl_str.o
 .debug_macro   0x00012a16       0x1c ./utilities/fsl_str.o
 .debug_macro   0x00012a32      0x1c7 ./utilities/fsl_str.o
 .debug_macro   0x00012bf9       0x56 ./utilities/fsl_str.o
 .debug_macro   0x00012c4f       0x29 ./startup/startup_mk64f12.o
 .debug_macro   0x00012c78      0x1f6 ./source/fft_note_extractor.o
 .debug_macro   0x00012e6e       0xd8 ./source/fft_note_extractor.o
 .debug_macro   0x00012f46       0x22 ./source/fft_note_extractor.o
 .debug_macro   0x00012f68       0x16 ./source/fft_note_extractor.o
 .debug_macro   0x00012f7e       0x16 ./source/fft_note_extractor.o
 .debug_macro   0x00012f94       0x16 ./source/fft_note_extractor.o
 .debug_macro   0x00012faa      0x1ab ./source/fft_note_extractor.o
 .debug_macro   0x00013155      0x1ce ./source/fft_note_extractor.o
 .debug_macro   0x00013323       0x2e ./source/fft_note_extractor.o
 .debug_macro   0x00013351      0x16f ./source/fft_note_extractor.o
 .debug_macro   0x000134c0       0xc8 ./source/fft_note_extractor.o
 .debug_macro   0x00013588      0x1d8 ./drivers/fsl_clock.o
 .debug_macro   0x00013760      0x121 ./drivers/fsl_i2c.o
 .debug_macro   0x00013881       0x1c ./drivers/fsl_i2c.o
 .debug_macro   0x0001389d      0x127 ./drivers/fsl_uart.o
 .debug_macro   0x000139c4       0x10 ./drivers/fsl_uart.o
 .debug_macro   0x000139d4       0x98 ./device/system_MK64F12.o
 .debug_macro   0x00013a6c      0x11e ./component/uart/fsl_adapter_uart.o
 .debug_macro   0x00013b8a       0x16 ./component/uart/fsl_adapter_uart.o
 .debug_macro   0x00013ba0       0x40 ./component/uart/fsl_adapter_uart.o
 .debug_macro   0x00013be0      0x17e ./component/serial_manager/fsl_component_serial_manager.o
 .debug_macro   0x00013d5e       0x52 ./component/serial_manager/fsl_component_serial_manager.o
 .debug_macro   0x00013db0      0x14e ./component/serial_manager/fsl_component_serial_port_uart.o
 .debug_macro   0x00013efe      0x171 ./board/board.o
 .debug_macro   0x0001406f      0x17d ./board/clock_config.o
 .debug_macro   0x000141ec       0x1b ./board/peripherals.o
 .debug_macro   0x00014207      0x127 ./board/pin_mux.o

.debug_line     0x00000000     0xc09e
 .debug_line    0x00000000      0x905 ./utilities/fsl_debug_console.o
 .debug_line    0x00000905      0xb6c ./utilities/fsl_str.o
 .debug_line    0x00001471      0x911 ./startup/startup_mk64f12.o
 .debug_line    0x00001d82      0x81f ./source/fft_note_extractor.o
 .debug_line    0x000025a1     0x1514 ./drivers/fsl_clock.o
 .debug_line    0x00003ab5     0x1401 ./drivers/fsl_i2c.o
 .debug_line    0x00004eb6     0x14f0 ./drivers/fsl_uart.o
 .debug_line    0x000063a6      0x406 ./device/system_MK64F12.o
 .debug_line    0x000067ac      0x581 ./component/uart/fsl_adapter_uart.o
 .debug_line    0x00006d2d      0x830 ./component/serial_manager/fsl_component_serial_manager.o
 .debug_line    0x0000755d      0x5e9 ./component/serial_manager/fsl_component_serial_port_uart.o
 .debug_line    0x00007b46      0x5bf ./board/board.o
 .debug_line    0x00008105      0x591 ./board/clock_config.o
 .debug_line    0x00008696       0x71 ./board/peripherals.o
 .debug_line    0x00008707      0x6b3 ./board/pin_mux.o
 .debug_line    0x00008dba      0x36f C:\Users\santi\Desktop\Datardos\Facultad\Segundo semestre Quinto\DSP\workspace\fft_note_extractor\CMSIS\DSP\libarm_cortexM4lf_math.a(arm_max_f32.o)
 .debug_line    0x00009129      0x610 C:\Users\santi\Desktop\Datardos\Facultad\Segundo semestre Quinto\DSP\workspace\fft_note_extractor\CMSIS\DSP\libarm_cortexM4lf_math.a(arm_rfft_fast_init_f32.o)
 .debug_line    0x00009739      0x4f8 C:\Users\santi\Desktop\Datardos\Facultad\Segundo semestre Quinto\DSP\workspace\fft_note_extractor\CMSIS\DSP\libarm_cortexM4lf_math.a(arm_rfft_fast_f32.o)
 .debug_line    0x00009c31      0xf14 C:\Users\santi\Desktop\Datardos\Facultad\Segundo semestre Quinto\DSP\workspace\fft_note_extractor\CMSIS\DSP\libarm_cortexM4lf_math.a(arm_cfft_f32.o)
 .debug_line    0x0000ab45      0x353 C:\Users\santi\Desktop\Datardos\Facultad\Segundo semestre Quinto\DSP\workspace\fft_note_extractor\CMSIS\DSP\libarm_cortexM4lf_math.a(arm_bitreversal2.o)
 .debug_line    0x0000ae98      0x2ec C:\Users\santi\Desktop\Datardos\Facultad\Segundo semestre Quinto\DSP\workspace\fft_note_extractor\CMSIS\DSP\libarm_cortexM4lf_math.a(arm_abs_f32.o)
 .debug_line    0x0000b184      0x243 C:\Users\santi\Desktop\Datardos\Facultad\Segundo semestre Quinto\DSP\workspace\fft_note_extractor\CMSIS\DSP\libarm_cortexM4lf_math.a(arm_common_tables.o)
 .debug_line    0x0000b3c7      0xcd7 C:\Users\santi\Desktop\Datardos\Facultad\Segundo semestre Quinto\DSP\workspace\fft_note_extractor\CMSIS\DSP\libarm_cortexM4lf_math.a(arm_cfft_radix8_f32.o)

.debug_str      0x00000000    0x8509a
 .debug_str     0x00000000    0x7b977 ./utilities/fsl_debug_console.o
                              0x7baaa (size before relaxing)
 .debug_str     0x0007b977      0xb98 ./utilities/fsl_str.o
                              0x7a987 (size before relaxing)
 .debug_str     0x0007c50f      0x7e0 ./startup/startup_mk64f12.o
                               0x364c (size before relaxing)
 .debug_str     0x0007ccef     0x1f15 ./source/fft_note_extractor.o
                              0x7d324 (size before relaxing)
 .debug_str     0x0007ec04     0x1e30 ./drivers/fsl_clock.o
                              0x7c33f (size before relaxing)
 .debug_str     0x00080a34     0x11c3 ./drivers/fsl_i2c.o
                              0x7ba2e (size before relaxing)
 .debug_str     0x00081bf7      0xe11 ./drivers/fsl_uart.o
                              0x7bc79 (size before relaxing)
 .debug_str     0x00082a08      0x127 ./device/system_MK64F12.o
                              0x78431 (size before relaxing)
 .debug_str     0x00082b2f      0x2ec ./component/uart/fsl_adapter_uart.o
                              0x7abdb (size before relaxing)
 .debug_str     0x00082e1b      0x401 ./component/serial_manager/fsl_component_serial_manager.o
                              0x7abad (size before relaxing)
 .debug_str     0x0008321c      0x106 ./component/serial_manager/fsl_component_serial_port_uart.o
                              0x7a95e (size before relaxing)
 .debug_str     0x00083322       0x37 ./board/board.o
                              0x7b27a (size before relaxing)
 .debug_str     0x00083359      0x506 ./board/clock_config.o
                              0x7ae3b (size before relaxing)
 .debug_str     0x0008385f       0x47 ./board/peripherals.o
                               0x2e18 (size before relaxing)
 .debug_str     0x000838a6      0x770 ./board/pin_mux.o
                              0x7addb (size before relaxing)
 .debug_str     0x00084016      0x5b6 C:\Users\santi\Desktop\Datardos\Facultad\Segundo semestre Quinto\DSP\workspace\fft_note_extractor\CMSIS\DSP\libarm_cortexM4lf_math.a(arm_max_f32.o)
                                0x68b (size before relaxing)
 .debug_str     0x000845cc      0x81b C:\Users\santi\Desktop\Datardos\Facultad\Segundo semestre Quinto\DSP\workspace\fft_note_extractor\CMSIS\DSP\libarm_cortexM4lf_math.a(arm_rfft_fast_init_f32.o)
                                0xf3b (size before relaxing)
 .debug_str     0x00084de7       0x90 C:\Users\santi\Desktop\Datardos\Facultad\Segundo semestre Quinto\DSP\workspace\fft_note_extractor\CMSIS\DSP\libarm_cortexM4lf_math.a(arm_rfft_fast_f32.o)
                                0x739 (size before relaxing)
 .debug_str     0x00084e77      0x10e C:\Users\santi\Desktop\Datardos\Facultad\Segundo semestre Quinto\DSP\workspace\fft_note_extractor\CMSIS\DSP\libarm_cortexM4lf_math.a(arm_cfft_f32.o)
                                0xe7e (size before relaxing)
 .debug_str     0x00084f85       0x5b C:\Users\santi\Desktop\Datardos\Facultad\Segundo semestre Quinto\DSP\workspace\fft_note_extractor\CMSIS\DSP\libarm_cortexM4lf_math.a(arm_bitreversal2.o)
                                0xd76 (size before relaxing)
 .debug_str     0x00084fe0       0x3f C:\Users\santi\Desktop\Datardos\Facultad\Segundo semestre Quinto\DSP\workspace\fft_note_extractor\CMSIS\DSP\libarm_cortexM4lf_math.a(arm_abs_f32.o)
                                0x66a (size before relaxing)
 .debug_str     0x0008501f       0x2e C:\Users\santi\Desktop\Datardos\Facultad\Segundo semestre Quinto\DSP\workspace\fft_note_extractor\CMSIS\DSP\libarm_cortexM4lf_math.a(arm_common_tables.o)
                                0xd1d (size before relaxing)
 .debug_str     0x0008504d       0x4d C:\Users\santi\Desktop\Datardos\Facultad\Segundo semestre Quinto\DSP\workspace\fft_note_extractor\CMSIS\DSP\libarm_cortexM4lf_math.a(arm_cfft_radix8_f32.o)
                                0x69b (size before relaxing)

.comment        0x00000000       0xc2
 .comment       0x00000000       0x4d ./utilities/fsl_debug_console.o
                                 0x4e (size before relaxing)
 .comment       0x0000004d       0x4e ./utilities/fsl_str.o
 .comment       0x0000004d       0x4e ./startup/startup_mk64f12.o
 .comment       0x0000004d       0x4e ./source/fft_note_extractor.o
 .comment       0x0000004d       0x4e ./drivers/fsl_clock.o
 .comment       0x0000004d       0x4e ./drivers/fsl_i2c.o
 .comment       0x0000004d       0x4e ./drivers/fsl_uart.o
 .comment       0x0000004d       0x4e ./device/system_MK64F12.o
 .comment       0x0000004d       0x4e ./component/uart/fsl_adapter_uart.o
 .comment       0x0000004d       0x4e ./component/serial_manager/fsl_component_serial_manager.o
 .comment       0x0000004d       0x4e ./component/serial_manager/fsl_component_serial_port_uart.o
 .comment       0x0000004d       0x4e ./board/board.o
 .comment       0x0000004d       0x4e ./board/clock_config.o
 .comment       0x0000004d       0x4e ./board/peripherals.o