Archive member included to satisfy reference by file (symbol)

C:\Users\santi\Desktop\Datardos\Facultad\Segundo semestre Quinto\DSP\workspace\note_extractor_FRDMK64F\CMSIS\DSP\libarm_cortexM4lf_math.a(arm_fill_f32.o)
                              ./source/fft_note_extractor.o (arm_fill_f32)
C:\Users\santi\Desktop\Datardos\Facultad\Segundo semestre Quinto\DSP\workspace\note_extractor_FRDMK64F\CMSIS\DSP\libarm_cortexM4lf_math.a(arm_max_f32.o)
                              ./source/fft_note_extractor.o (arm_max_f32)
C:\Users\santi\Desktop\Datardos\Facultad\Segundo semestre Quinto\DSP\workspace\note_extractor_FRDMK64F\CMSIS\DSP\libarm_cortexM4lf_math.a(arm_rfft_fast_init_f32.o)
                              ./source/fft_note_extractor.o (arm_rfft_fast_init_f32)
C:\Users\santi\Desktop\Datardos\Facultad\Segundo semestre Quinto\DSP\workspace\note_extractor_FRDMK64F\CMSIS\DSP\libarm_cortexM4lf_math.a(arm_rfft_fast_f32.o)
                              ./source/fft_note_extractor.o (arm_rfft_fast_f32)
C:\Users\santi\Desktop\Datardos\Facultad\Segundo semestre Quinto\DSP\workspace\note_extractor_FRDMK64F\CMSIS\DSP\libarm_cortexM4lf_math.a(arm_cfft_f32.o)
                              C:\Users\santi\Desktop\Datardos\Facultad\Segundo semestre Quinto\DSP\workspace\note_extractor_FRDMK64F\CMSIS\DSP\libarm_cortexM4lf_math.a(arm_rfft_fast_f32.o) (arm_cfft_f32)
C:\Users\santi\Desktop\Datardos\Facultad\Segundo semestre Quinto\DSP\workspace\note_extractor_FRDMK64F\CMSIS\DSP\libarm_cortexM4lf_math.a(arm_bitreversal2.o)
                              C:\Users\santi\Desktop\Datardos\Facultad\Segundo semestre Quinto\DSP\workspace\note_extractor_FRDMK64F\CMSIS\DSP\libarm_cortexM4lf_math.a(arm_cfft_f32.o) (arm_bitreversal_32)
C:\Users\santi\Desktop\Datardos\Facultad\Segundo semestre Quinto\DSP\workspace\note_extractor_FRDMK64F\CMSIS\DSP\libarm_cortexM4lf_math.a(arm_sin_f32.o)
                              ./source/fft_note_extractor.o (arm_sin_f32)
C:\Users\santi\Desktop\Datardos\Facultad\Segundo semestre Quinto\DSP\workspace\note_extractor_FRDMK64F\CMSIS\DSP\libarm_cortexM4lf_math.a(arm_abs_f32.o)
                              ./source/fft_note_extractor.o (arm_abs_f32)
C:\Users\santi\Desktop\Datardos\Facultad\Segundo semestre Quinto\DSP\workspace\note_extractor_FRDMK64F\CMSIS\DSP\libarm_cortexM4lf_math.a(arm_common_tables.o)
                              C:\Users\santi\Desktop\Datardos\Facultad\Segundo semestre Quinto\DSP\workspace\note_extractor_FRDMK64F\CMSIS\DSP\libarm_cortexM4lf_math.a(arm_sin_f32.o) (sinTable_f32)
C:\Users\santi\Desktop\Datardos\Facultad\Segundo semestre Quinto\DSP\workspace\note_extractor_FRDMK64F\CMSIS\DSP\libarm_cortexM4lf_math.a(arm_cfft_radix8_f32.o)
                              C:\Users\santi\Desktop\Datardos\Facultad\Segundo semestre Quinto\DSP\workspace\note_extractor_FRDMK64F\CMSIS\DSP\libarm_cortexM4lf_math.a(arm_cfft_f32.o) (arm_radix8_butterfly_f32)
c:/nxp/mcuxpressoide_11.4.0_6224/ide/plugins/com.nxp.mcuxpresso.tools.win32_11.4.0.202103011116/tools/bin/../lib/gcc/arm-none-eabi/10.2.1/../../../../arm-none-eabi/lib/thumb/v7e-m+fp/hard\libcr_nohost_nf.a(_cr__main.o)
                              ./startup/startup_mk64f12.o (__main)
c:/nxp/mcuxpressoide_11.4.0_6224/ide/plugins/com.nxp.mcuxpresso.tools.win32_11.4.0.202103011116/tools/bin/../lib/gcc/arm-none-eabi/10.2.1/../../../../arm-none-eabi/lib/thumb/v7e-m+fp/hard\libcr_nohost_nf.a(_cr_assert.o)
                              ./drivers/fsl_adc16.o (__assertion_failed)
c:/nxp/mcuxpressoide_11.4.0_6224/ide/plugins/com.nxp.mcuxpresso.tools.win32_11.4.0.202103011116/tools/bin/../lib/gcc/arm-none-eabi/10.2.1/../../../../arm-none-eabi/lib/thumb/v7e-m+fp/hard\libcr_nohost_nf.a(__ciob.o)
                              c:/nxp/mcuxpressoide_11.4.0_6224/ide/plugins/com.nxp.mcuxpresso.tools.win32_11.4.0.202103011116/tools/bin/../lib/gcc/arm-none-eabi/10.2.1/../../../../arm-none-eabi/lib/thumb/v7e-m+fp/hard\libcr_nohost_nf.a(_cr_assert.o) (__Ciob)
c:/nxp/mcuxpressoide_11.4.0_6224/ide/plugins/com.nxp.mcuxpresso.tools.win32_11.4.0.202103011116/tools/bin/../lib/gcc/arm-none-eabi/10.2.1/../../../../arm-none-eabi/lib/thumb/v7e-m+fp/hard\libcr_nohost_nf.a(__sys_appexit.o)
                              c:/nxp/mcuxpressoide_11.4.0_6224/ide/plugins/com.nxp.mcuxpresso.tools.win32_11.4.0.202103011116/tools/bin/../lib/gcc/arm-none-eabi/10.2.1/../../../../arm-none-eabi/lib/thumb/v7e-m+fp/hard\libcr_nohost_nf.a(_cr_assert.o) (__sys_appexit)
c:/nxp/mcuxpressoide_11.4.0_6224/ide/plugins/com.nxp.mcuxpresso.tools.win32_11.4.0.202103011116/tools/bin/../lib/gcc/arm-none-eabi/10.2.1/../../../../arm-none-eabi/lib/thumb/v7e-m+fp/hard\libcr_c.a(memcpy.o)
                              ./utilities/fsl_str.o (memcpy)
c:/nxp/mcuxpressoide_11.4.0_6224/ide/plugins/com.nxp.mcuxpresso.tools.win32_11.4.0.202103011116/tools/bin/../lib/gcc/arm-none-eabi/10.2.1/../../../../arm-none-eabi/lib/thumb/v7e-m+fp/hard\libcr_c.a(memset.o)
[...]
Memory Configuration

Name             Origin             Length             Attributes
PROGRAM_FLASH    0x00000000         0x00100000         xr
SRAM_UPPER       0x20000000         0x00030000         xrw
SRAM_LOWER       0x1fff0000         0x00010000         xrw
FLEX_RAM         0x14000000         0x00001000         xrw
*default*        0x00000000         0xffffffff

Linker script and memory map

LOAD ./utilities/fsl_debug_console.o
LOAD ./utilities/fsl_str.o
LOAD ./startup/startup_mk64f12.o
LOAD ./source/fft_note_extractor.o
LOAD ./drivers/fsl_adc16.o
LOAD ./drivers/fsl_clock.o
LOAD ./drivers/fsl_common.o
LOAD ./drivers/fsl_common_arm.o
LOAD ./drivers/fsl_dac.o
LOAD ./drivers/fsl_gpio.o
LOAD ./drivers/fsl_i2c.o
LOAD ./drivers/fsl_smc.o
LOAD ./drivers/fsl_uart.o
LOAD ./device/system_MK64F12.o
LOAD ./component/uart/fsl_adapter_uart.o
LOAD ./component/serial_manager/fsl_component_serial_manager.o
LOAD ./component/serial_manager/fsl_component_serial_port_uart.o
LOAD ./component/lists/fsl_component_generic_list.o
LOAD ./board/board.o
LOAD ./board/clock_config.o
LOAD ./board/peripherals.o
LOAD ./board/pin_mux.o
LOAD C:\Users\santi\Desktop\Datardos\Facultad\Segundo semestre Quinto\DSP\workspace\note_extractor_FRDMK64F\CMSIS\DSP\libarm_cortexM4lf_math.a
START GROUP
LOAD c:/nxp/mcuxpressoide_11.4.0_6224/ide/plugins/com.nxp.mcuxpresso.tools.win32_11.4.0.202103011116/tools/bin/../lib/gcc/arm-none-eabi/10.2.1/../../../../arm-none-eabi/lib/thumb/v7e-m+fp/hard\libcr_nohost_nf.a
LOAD c:/nxp/mcuxpressoide_11.4.0_6224/ide/plugins/com.nxp.mcuxpresso.tools.win32_11.4.0.202103011116/tools/bin/../lib/gcc/arm-none-eabi/10.2.1/../../../../arm-none-eabi/lib/thumb/v7e-m+fp/hard\libcr_c.a
LOAD c:/nxp/mcuxpressoide_11.4.0_6224/ide/plugins/com.nxp.mcuxpresso.tools.win32_11.4.0.202103011116/tools/bin/../lib/gcc/arm-none-eabi/10.2.1/thumb/v7e-m+fp/hard\libcr_eabihelpers.a
LOAD c:/nxp/mcuxpressoide_11.4.0_6224/ide/plugins/com.nxp.mcuxpresso.tools.win32_11.4.0.202103011116/tools/bin/../lib/gcc/arm-none-eabi/10.2.1/thumb/v7e-m+fp/hard\libgcc.a
END GROUP
                0x00000000                __base_PROGRAM_FLASH = 0x0
                0x00000000                __base_Flash = 0x0
                0x00100000                __top_PROGRAM_FLASH = 0x100000
                0x00100000                __top_Flash = 0x100000
                0x20000000                __base_SRAM_UPPER = 0x20000000
                0x20000000                __base_RAM = 0x20000000
                0x20030000                __top_SRAM_UPPER = 0x20030000
                0x20030000                __top_RAM = 0x20030000
                0x1fff0000                __base_SRAM_LOWER = 0x1fff0000
                0x1fff0000                __base_RAM2 = 0x1fff0000
                0x20000000                __top_SRAM_LOWER = 0x20000000
                0x20000000                __top_RAM2 = 0x20000000
                0x14000000                __base_FLEX_RAM = 0x14000000
                0x14000000                __base_RAM3 = 0x14000000
                0x14001000                __top_FLEX_RAM = 0x14001000
                0x14001000                __top_RAM3 = 0x14001000

.text           0x00000000    0x7b520
 FILL mask 0xff
                0x00000000                __vectors_start__ = ABSOLUTE (.)
 *(SORT_BY_ALIGNMENT(.isr_vector))
 .isr_vector    0x00000000      0x198 ./startup/startup_mk64f12.o
                0x00000000                g_pfnVectors
                0x00000000                __Vectors
                0x00000198                . = ALIGN (0x4)
                0x00000198                __section_table_start = .
                0x00000198                __data_section_table = .
                0x00000198        0x4 LONG 0x7b520 LOADADDR (.data)
                0x0000019c        0x4 LONG 0x20000000 ADDR (.data)
                0x000001a0        0x4 LONG 0x10 SIZEOF (.data)
                0x000001a4        0x4 LONG 0x7b520 LOADADDR (.data_RAM2)
                0x000001a8        0x4 LONG 0x1fff0000 ADDR (.data_RAM2)
                0x000001ac        0x4 LONG 0x0 SIZEOF (.data_RAM2)
                0x000001b0        0x4 LONG 0x7b520 LOADADDR (.data_RAM3)
                0x000001b4        0x4 LONG 0x14000000 ADDR (.data_RAM3)
                0x000001b8        0x4 LONG 0x0 SIZEOF (.data_RAM3)
                0x000001bc                __data_section_table_end = .
                0x000001bc                __bss_section_table = .
                0x000001bc        0x4 LONG 0x20000010 ADDR (.bss)
                0x000001c0        0x4 LONG 0x120 SIZEOF (.bss)
                0x000001c4        0x4 LONG 0x1fff0000 ADDR (.bss_RAM2)
                0x000001c8        0x4 LONG 0x0 SIZEOF (.bss_RAM2)
                0x000001cc        0x4 LONG 0x14000000 ADDR (.bss_RAM3)
                0x000001d0        0x4 LONG 0x0 SIZEOF (.bss_RAM3)
                0x000001d4                __bss_section_table_end = .
                0x000001d4                __section_table_end = .
 *(SORT_BY_ALIGNMENT(.after_vectors*))
 .after_vectors.reset
                0x000001d4       0x4c ./startup/startup_mk64f12.o
                0x000001d4                ResetISR
 .after_vectors.init_data
                0x00000220       0x1e ./startup/startup_mk64f12.o
                0x00000220                data_init
 .after_vectors.init_bss
                0x0000023e       0x12 ./startup/startup_mk64f12.o
                0x0000023e                bss_init
 .after_vectors
                0x00000250       0x14 ./startup/startup_mk64f12.o
                0x00000250                NMI_Handler
                0x00000252                HardFault_Handler
                0x00000254                MemManage_Handler
                0x00000256                BusFault_Handler
                0x00000258                UsageFault_Handler
                0x0000025a                SVC_Handler
                0x0000025c                DebugMon_Handler
                0x0000025e                PendSV_Handler
                0x00000262                DMA_Error_DriverIRQHandler
                0x00000262                LPTMR0_DriverIRQHandler
                0x00000262                FTM1_DriverIRQHandler
                0x00000262                FTM2_DriverIRQHandler
                0x00000262                PIT2_DriverIRQHandler
                0x00000262                SDHC_DriverIRQHandler
                0x00000262                I2S0_Tx_DriverIRQHandler
                0x00000262                RTC_Seconds_DriverIRQHandler
                0x00000262                DMA6_DriverIRQHandler
                0x00000262                LLWU_DriverIRQHandler
                0x00000262                MCM_DriverIRQHandler
                0x00000262                MCG_DriverIRQHandler
                0x00000262                ENET_1588_Timer_DriverIRQHandler
                0x00000262                DAC1_DriverIRQHandler
                0x00000262                SPI1_DriverIRQHandler
                0x00000262                CMP1_DriverIRQHandler
                0x00000262                FTM0_DriverIRQHandler
                0x00000262                IntDefaultHandler
                0x00000262                USB0_DriverIRQHandler
                0x00000262                UART5_ERR_DriverIRQHandler
                0x00000262                PORTC_DriverIRQHandler
                0x00000262                DMA11_DriverIRQHandler
                0x00000262                DAC0_DriverIRQHandler
                0x00000262                DMA10_DriverIRQHandler
                0x00000262                CMP2_DriverIRQHandler
                0x00000262                UART2_ERR_DriverIRQHandler
                0x00000262                SPI2_DriverIRQHandler
                0x00000262                LVD_LVW_DriverIRQHandler
                0x00000262                PIT0_DriverIRQHandler
                0x00000262                DMA12_DriverIRQHandler
                0x00000262                DMA5_DriverIRQHandler
                0x00000262                DMA4_DriverIRQHandler
                0x00000262                USBDCD_DriverIRQHandler
                0x00000262                UART3_ERR_DriverIRQHandler
                0x00000262                DMA3_DriverIRQHandler
                0x00000262                DMA8_DriverIRQHandler
                0x00000262                DMA9_DriverIRQHandler
                0x00000262                UART0_ERR_DriverIRQHandler
                0x00000262                CMT_DriverIRQHandler
                0x00000262                Reserved71_DriverIRQHandler
                0x00000262                ADC1_DriverIRQHandler
                0x00000262                PORTA_DriverIRQHandler
                0x00000262                DMA14_DriverIRQHandler
                0x00000262                PIT3_DriverIRQHandler
                0x00000262                PIT1_DriverIRQHandler
                0x00000262                WDOG_EWM_DriverIRQHandler
                0x00000262                PDB0_DriverIRQHandler
                0x00000262                RTC_DriverIRQHandler
                0x00000262                I2S0_Rx_DriverIRQHandler
                0x00000262                Read_Collision_DriverIRQHandler
                0x00000262                SWI_DriverIRQHandler
                0x00000262                UART4_ERR_DriverIRQHandler
                0x00000262                PORTB_DriverIRQHandler
                0x00000262                UART0_LON_DriverIRQHandler
                0x00000262                DMA0_DriverIRQHandler
                0x00000262                DMA1_DriverIRQHandler
                0x00000262                ENET_Receive_DriverIRQHandler
                0x00000262                DMA13_DriverIRQHandler
                0x00000262                ENET_Error_DriverIRQHandler
                0x00000262                DMA15_DriverIRQHandler
                0x00000262                SPI0_DriverIRQHandler
                0x00000262                ADC0_DriverIRQHandler
                0x00000262                CMP0_DriverIRQHandler
                0x00000262                CAN0_DriverIRQHandler
                0x00000262                FTM3_DriverIRQHandler
                0x00000262                RNG_DriverIRQHandler
                0x00000262                UART1_ERR_DriverIRQHandler
                0x00000262                DMA2_DriverIRQHandler
                0x00000262                ENET_Transmit_DriverIRQHandler
                0x00000262                PORTD_DriverIRQHandler
                0x00000262                PORTE_DriverIRQHandler
                0x00000262                FTFE_DriverIRQHandler
                0x00000262                DMA7_DriverIRQHandler
                0x00000400                . = 0x400
 *fill*         0x00000264      0x19c ff
                0x00000400                PROVIDE (__FLASH_CONFIG_START__ = .)
 *(SORT_BY_ALIGNMENT(.FlashConfig))
 .FlashConfig   0x00000400       0x10 ./startup/startup_mk64f12.o
                0x00000400                Flash_Config
                0x00000410                PROVIDE (__FLASH_CONFIG_END__ = .)
                0x00000001                ASSERT (! ((__FLASH_CONFIG_START__ == __FLASH_CONFIG_END__)), Linker Flash Config Support Enabled, but no .FlashConfig section provided within application)
 *(SORT_BY_ALIGNMENT(.text*))
 .text.ConvertFloatRadixNumToString
                0x00000410      0x2a0 ./utilities/fsl_str.o
 .text.pow      0x000006b0      0x564 c:/nxp/mcuxpressoide_11.4.0_6224/ide/plugins/com.nxp.mcuxpresso.tools.win32_11.4.0.202103011116/tools/bin/../lib/gcc/arm-none-eabi/10.2.1/../../../../arm-none-eabi/lib/thumb/v7e-m+fp/hard\libcr_c.a(pow.o)
                0x000006b0                pow
 *fill*         0x00000c14        0x4 ff
 .text.frexp    0x00000c18       0x68 c:/nxp/mcuxpressoide_11.4.0_6224/ide/plugins/com.nxp.mcuxpresso.tools.win32_11.4.0.202103011116/tools/bin/../lib/gcc/arm-none-eabi/10.2.1/../../../../arm-none-eabi/lib/thumb/v7e-m+fp/hard\libcr_c.a(frexp.o)
                0x00000c18                frexp
 .text.ldexp    0x00000c80       0x5c c:/nxp/mcuxpressoide_11.4.0_6224/ide/plugins/com.nxp.mcuxpresso.tools.win32_11.4.0.202103011116/tools/bin/../lib/gcc/arm-none-eabi/10.2.1/../../../../arm-none-eabi/lib/thumb/v7e-m+fp/hard\libcr_c.a(ldexp.o)
                0x00000c80                ldexp
 .text.DbgConsole_SendDataReliable
                0x00000cdc       0x54 ./utilities/fsl_debug_console.o
                0x00000cdc                DbgConsole_SendDataReliable
 .text.DbgConsole_Init
                0x00000d30      0x118 ./utilities/fsl_debug_console.o
                0x00000d30                DbgConsole_Init
 .text.DbgConsole_Printf
                0x00000e48       0x78 ./utilities/fsl_debug_console.o
                0x00000e48                DbgConsole_Printf
 .text.__NVIC_SetPriority
                0x00000ec0       0x54 ./source/fft_note_extractor.o
 .text.SysTick_Config
                0x00000f14       0x44 ./source/fft_note_extractor.o
 .text.SysTick_Handler
                0x00000f58       0x20 ./source/fft_note_extractor.o
                0x00000f58                SysTick_Handler
 .text.main     0x00000f78      0x5d4 ./source/fft_note_extractor.o
                0x00000f78                main
 .text.CLOCK_SetEr32kClock
                0x0000154c       0x30 ./drivers/fsl_clock.o
 .text.CLOCK_SetPllFllSelClock
                0x0000157c       0x38 ./drivers/fsl_clock.o
 .text.CLOCK_GetMcgExtClkFreq
                0x000015b4       0x7c ./drivers/fsl_clock.o
 .text.CLOCK_GetFllExtRefClkFreq
                0x00001630       0xb0 ./drivers/fsl_clock.o
 .text.CLOCK_GetInternalRefClkSelectFreq
                0x000016e0       0x4c ./drivers/fsl_clock.o
 .text.CLOCK_GetFllRefClkFreq
                0x0000172c       0x34 ./drivers/fsl_clock.o
 .text.CLOCK_GetOscRangeFromFreq
                0x00001760       0x3c ./drivers/fsl_clock.o
 .text.CLOCK_GetCoreSysClkFreq
                0x0000179c       0x28 ./drivers/fsl_clock.o
                0x0000179c                CLOCK_GetCoreSysClkFreq
 .text.CLOCK_SetSimConfig
                0x000017c4       0x34 ./drivers/fsl_clock.o
                0x000017c4                CLOCK_SetSimConfig
 .text.CLOCK_EnableUsbfs0Clock
                0x000017f8      0x108 ./drivers/fsl_clock.o
                0x000017f8                CLOCK_EnableUsbfs0Clock
 .text.CLOCK_GetOutClkFreq
                0x00001900       0x64 ./drivers/fsl_clock.o
                0x00001900                CLOCK_GetOutClkFreq
 .text.CLOCK_GetFllFreq
                0x00001964       0x84 ./drivers/fsl_clock.o
                0x00001964                CLOCK_GetFllFreq
 .text.CLOCK_GetPll0Freq
                0x000019e8       0x78 ./drivers/fsl_clock.o
                0x000019e8                CLOCK_GetPll0Freq
 .text.CLOCK_SetExternalRefClkConfig
                0x00001a60       0x6c ./drivers/fsl_clock.o
                0x00001a60                CLOCK_SetExternalRefClkConfig
 .text.CLOCK_SetInternalRefClkConfig
                0x00001acc      0x104 ./drivers/fsl_clock.o
                0x00001acc                CLOCK_SetInternalRefClkConfig
 .text.CLOCK_EnablePll0
                0x00001bd0       0x88 ./drivers/fsl_clock.o
                0x00001bd0                CLOCK_EnablePll0
 .text.CLOCK_InitOsc0
                0x00001c58       0x8c ./drivers/fsl_clock.o
                0x00001c58                CLOCK_InitOsc0
 .text.CLOCK_SetPbeMode
                0x00001ce4       0xa8 ./drivers/fsl_clock.o
                0x00001ce4                CLOCK_SetPbeMode
 .text.CLOCK_BootToPeeMode
                0x00001d8c       0x64 ./drivers/fsl_clock.o
                0x00001d8c                CLOCK_BootToPeeMode
 .text.DAC_GetInstance
                0x00001df0       0x4c ./drivers/fsl_dac.o
 .text.DAC_Init
                0x00001e3c       0x70 ./drivers/fsl_dac.o
                0x00001e3c                DAC_Init
 .text.DAC_SetBufferValue
                0x00001eac       0x50 ./drivers/fsl_dac.o
                0x00001eac                DAC_SetBufferValue
 .text.DAC_SetBufferReadPointer
                0x00001efc       0x48 ./drivers/fsl_dac.o
                0x00001efc                DAC_SetBufferReadPointer
 .text.I2C_TransferCommonIRQHandler
                0x00001f44       0x58 ./drivers/fsl_i2c.o
 .text.I2C0_DriverIRQHandler
                0x00001f9c       0x1c ./drivers/fsl_i2c.o
                0x00001f9c                I2C0_DriverIRQHandler
 .text.I2C1_DriverIRQHandler
                0x00001fb8       0x1c ./drivers/fsl_i2c.o
                0x00001fb8                I2C1_DriverIRQHandler
 .text.I2C2_DriverIRQHandler
                0x00001fd4       0x1c ./drivers/fsl_i2c.o
                0x00001fd4                I2C2_DriverIRQHandler
 .text.UART_GetInstance
                0x00001ff0       0x54 ./drivers/fsl_uart.o
                0x00001ff0                UART_GetInstance
 .text.UART_Init
                0x00002044      0x2f4 ./drivers/fsl_uart.o
                0x00002044                UART_Init
 .text.UART_GetDefaultConfig
                0x00002338       0x68 ./drivers/fsl_uart.o
                0x00002338                UART_GetDefaultConfig
 .text.UART0_DriverIRQHandler
                0x000023a0       0x28 ./drivers/fsl_uart.o
                0x000023a0                UART0_DriverIRQHandler
 .text.UART1_DriverIRQHandler
                0x000023c8       0x28 ./drivers/fsl_uart.o
                0x000023c8                UART1_DriverIRQHandler
 .text.UART2_DriverIRQHandler
                0x000023f0       0x28 ./drivers/fsl_uart.o
                0x000023f0                UART2_DriverIRQHandler
 .text.UART3_DriverIRQHandler
                0x00002418       0x28 ./drivers/fsl_uart.o
                0x00002418                UART3_DriverIRQHandler
 .text.UART4_DriverIRQHandler
                0x00002440       0x28 ./drivers/fsl_uart.o
                0x00002440                UART4_DriverIRQHandler
 .text.UART5_DriverIRQHandler
                0x00002468       0x28 ./drivers/fsl_uart.o
                0x00002468                UART5_DriverIRQHandler
 .text.SystemInit
                0x00002490       0x3c ./device/system_MK64F12.o
                0x00002490                SystemInit
 .text.HAL_UartInit
                0x000024cc      0x128 ./component/uart/fsl_adapter_uart.o
                0x000024cc                HAL_UartInit
 .text.HAL_UartSendBlocking
                0x000025f4       0x64 ./component/uart/fsl_adapter_uart.o
                0x000025f4                HAL_UartSendBlocking
 .text.CLOCK_SetSdhc0Clock
                0x00002658       0x38 ./board/clock_config.o
 .text.CLOCK_SetEnetTime0Clock
                0x00002690       0x38 ./board/clock_config.o
 .text.CLOCK_SetRmii0Clock
                0x000026c8       0x38 ./board/clock_config.o
 .text.CLOCK_SetTraceClock
                0x00002700       0x38 ./board/clock_config.o
 .text.CLOCK_SetClkOutClock
                0x00002738       0x34 ./board/clock_config.o
 .text.CLOCK_SetSimSafeDivs
                0x0000276c       0x20 ./board/clock_config.o
 .text.CLOCK_SetXtal0Freq
                0x0000278c       0x20 ./board/clock_config.o
 .text.CLOCK_CONFIG_SetFllExtRefDiv
                0x000027ac       0x3c ./board/clock_config.o
 .text.BOARD_BootClockRUN
                0x000027e8       0x88 ./board/clock_config.o
                0x000027e8                BOARD_BootClockRUN
 .text.DAC0_init
                0x00002870       0x34 ./board/peripherals.o
 .text.PORT_SetPinConfig
                0x000028a4       0x38 ./board/pin_mux.o
 .text.BOARD_InitPins
                0x000028dc       0x30 ./board/pin_mux.o
                0x000028dc                BOARD_InitPins
 .text.BOARD_InitDEBUG_UARTPins
                0x0000290c       0x68 ./board/pin_mux.o
                0x0000290c                BOARD_InitDEBUG_UARTPins
 .text.arm_fill_f32
                0x00002974       0x48 C:\Users\santi\Desktop\Datardos\Facultad\Segundo semestre Quinto\DSP\workspace\note_extractor_FRDMK64F\CMSIS\DSP\libarm_cortexM4lf_math.a(arm_fill_f32.o)
                0x00002974                arm_fill_f32
 .text.arm_max_f32
                0x000029bc       0xd8 C:\Users\santi\Desktop\Datardos\Facultad\Segundo semestre Quinto\DSP\workspace\note_extractor_FRDMK64F\CMSIS\DSP\libarm_cortexM4lf_math.a(arm_max_f32.o)
                0x000029bc                arm_max_f32
 .text.arm_rfft_32_fast_init_f32
                0x00002a94       0x34 C:\Users\santi\Desktop\Datardos\Facultad\Segundo semestre Quinto\DSP\workspace\note_extractor_FRDMK64F\CMSIS\DSP\libarm_cortexM4lf_math.a(arm_rfft_fast_init_f32.o)
                0x00002a94                arm_rfft_32_fast_init_f32
 .text.arm_rfft_64_fast_init_f32
                0x00002ac8       0x34 C:\Users\santi\Desktop\Datardos\Facultad\Segundo semestre Quinto\DSP\workspace\note_extractor_FRDMK64F\CMSIS\DSP\libarm_cortexM4lf_math.a(arm_rfft_fast_init_f32.o)
                0x00002ac8                arm_rfft_64_fast_init_f32
 .text.arm_rfft_256_fast_init_f32
                0x00002afc       0x38 C:\Users\santi\Desktop\Datardos\Facultad\Segundo semestre Quinto\DSP\workspace\note_extractor_FRDMK64F\CMSIS\DSP\libarm_cortexM4lf_math.a(arm_rfft_fast_init_f32.o)
                0x00002afc                arm_rfft_256_fast_init_f32
 .text.arm_rfft_512_fast_init_f32
                0x00002b34       0x3c C:\Users\santi\Desktop\Datardos\Facultad\Segundo semestre Quinto\DSP\workspace\note_extractor_FRDMK64F\CMSIS\DSP\libarm_cortexM4lf_math.a(arm_rfft_fast_init_f32.o)
                0x00002b34                arm_rfft_512_fast_init_f32
 .text.arm_rfft_1024_fast_init_f32
                0x00002b70       0x3c C:\Users\santi\Desktop\Datardos\Facultad\Segundo semestre Quinto\DSP\workspace\note_extractor_FRDMK64F\CMSIS\DSP\libarm_cortexM4lf_math.a(arm_rfft_fast_init_f32.o)
                0x00002b70                arm_rfft_1024_fast_init_f32
 .text.arm_rfft_2048_fast_init_f32
                0x00002bac       0x3c C:\Users\santi\Desktop\Datardos\Facultad\Segundo semestre Quinto\DSP\workspace\note_extractor_FRDMK64F\CMSIS\DSP\libarm_cortexM4lf_math.a(arm_rfft_fast_init_f32.o)
                0x00002bac                arm_rfft_2048_fast_init_f32
 .text.arm_rfft_4096_fast_init_f32
                0x00002be8       0x3c C:\Users\santi\Desktop\Datardos\Facultad\Segundo semestre Quinto\DSP\workspace\note_extractor_FRDMK64F\CMSIS\DSP\libarm_cortexM4lf_math.a(arm_rfft_fast_init_f32.o)
                0x00002be8                arm_rfft_4096_fast_init_f32
 .text.arm_rfft_fast_init_f32
                0x00002c24       0x68 C:\Users\santi\Desktop\Datardos\Facultad\Segundo semestre Quinto\DSP\workspace\note_extractor_FRDMK64F\CMSIS\DSP\libarm_cortexM4lf_math.a(arm_rfft_fast_init_f32.o)
                0x00002c24                arm_rfft_fast_init_f32
 .text.stage_rfft_f32
                0x00002c8c       0xb4 C:\Users\santi\Desktop\Datardos\Facultad\Segundo semestre Quinto\DSP\workspace\note_extractor_FRDMK64F\CMSIS\DSP\libarm_cortexM4lf_math.a(arm_rfft_fast_f32.o)
                0x00002c8c                stage_rfft_f32
 .text.merge_rfft_f32
                0x00002d40       0xac C:\Users\santi\Desktop\Datardos\Facultad\Segundo semestre Quinto\DSP\workspace\note_extractor_FRDMK64F\CMSIS\DSP\libarm_cortexM4lf_math.a(arm_rfft_fast_f32.o)
                0x00002d40                merge_rfft_f32
 .text.arm_rfft_fast_f32
                0x00002dec       0x40 C:\Users\santi\Desktop\Datardos\Facultad\Segundo semestre Quinto\DSP\workspace\note_extractor_FRDMK64F\CMSIS\DSP\libarm_cortexM4lf_math.a(arm_rfft_fast_f32.o)
                0x00002dec                arm_rfft_fast_f32
 .text.arm_cfft_radix8by2_f32
                0x00002e2c      0x1a0 C:\Users\santi\Desktop\Datardos\Facultad\Segundo semestre Quinto\DSP\workspace\note_extractor_FRDMK64F\CMSIS\DSP\libarm_cortexM4lf_math.a(arm_cfft_f32.o)
                0x00002e2c                arm_cfft_radix8by2_f32
 .text.arm_cfft_radix8by4_f32
                0x00002fcc      0x4ac C:\Users\santi\Desktop\Datardos\Facultad\Segundo semestre Quinto\DSP\workspace\note_extractor_FRDMK64F\CMSIS\DSP\libarm_cortexM4lf_math.a(arm_cfft_f32.o)
                0x00002fcc                arm_cfft_radix8by4_f32
 .text.arm_cfft_f32
                0x00003478       0xf0 C:\Users\santi\Desktop\Datardos\Facultad\Segundo semestre Quinto\DSP\workspace\note_extractor_FRDMK64F\CMSIS\DSP\libarm_cortexM4lf_math.a(arm_cfft_f32.o)
                0x00003478                arm_cfft_f32
 .text.arm_bitreversal_32
                0x00003568       0x40 C:\Users\santi\Desktop\Datardos\Facultad\Segundo semestre Quinto\DSP\workspace\note_extractor_FRDMK64F\CMSIS\DSP\libarm_cortexM4lf_math.a(arm_bitreversal2.o)
                0x00003568                arm_bitreversal_32
 .text.arm_sin_f32
                0x000035a8       0x8c C:\Users\santi\Desktop\Datardos\Facultad\Segundo semestre Quinto\DSP\workspace\note_extractor_FRDMK64F\CMSIS\DSP\libarm_cortexM4lf_math.a(arm_sin_f32.o)
                0x000035a8                arm_sin_f32
 .text.arm_abs_f32
                0x00003634       0x88 C:\Users\santi\Desktop\Datardos\Facultad\Segundo semestre Quinto\DSP\workspace\note_extractor_FRDMK64F\CMSIS\DSP\libarm_cortexM4lf_math.a(arm_abs_f32.o)
                0x00003634                arm_abs_f32
 .text.arm_radix8_butterfly_f32
                0x000036bc      0x580 C:\Users\santi\Desktop\Datardos\Facultad\Segundo semestre Quinto\DSP\workspace\note_extractor_FRDMK64F\CMSIS\DSP\libarm_cortexM4lf_math.a(arm_cfft_radix8_f32.o)
                0x000036bc                arm_radix8_butterfly_f32
 .text.__assertion_failed
                0x00003c3c       0x4c c:/nxp/mcuxpressoide_11.4.0_6224/ide/plugins/com.nxp.mcuxpresso.tools.win32_11.4.0.202103011116/tools/bin/../lib/gcc/arm-none-eabi/10.2.1/../../../../arm-none-eabi/lib/thumb/v7e-m+fp/hard\libcr_nohost_nf.a(_cr_assert.o)
                0x00003c3c                __assertion_failed
 .text._Cwritebuf
                0x00003c88       0x6c c:/nxp/mcuxpressoide_11.4.0_6224/ide/plugins/com.nxp.mcuxpresso.tools.win32_11.4.0.202103011116/tools/bin/../lib/gcc/arm-none-eabi/10.2.1/../../../../arm-none-eabi/lib/thumb/v7e-m+fp/hard\libcr_c.a(_writebuf.o)
                0x00003c88                _Cwritebuf
 .text.malloc   0x00003cf4       0xc8 c:/nxp/mcuxpressoide_11.4.0_6224/ide/plugins/com.nxp.mcuxpresso.tools.win32_11.4.0.202103011116/tools/bin/../lib/gcc/arm-none-eabi/10.2.1/../../../../arm-none-eabi/lib/thumb/v7e-m+fp/hard\libcr_c.a(alloc.o)
                0x00003cf4                malloc
 .text._Csys_alloc
                0x00003dbc       0x20 c:/nxp/mcuxpressoide_11.4.0_6224/ide/plugins/com.nxp.mcuxpresso.tools.win32_11.4.0.202103011116/tools/bin/../lib/gcc/arm-none-eabi/10.2.1/../../../../arm-none-eabi/lib/thumb/v7e-m+fp/hard\libcr_c.a(alloc.o)
                0x00003dbc                _Csys_alloc
 .text.fseek    0x00003ddc      0x100 c:/nxp/mcuxpressoide_11.4.0_6224/ide/plugins/com.nxp.mcuxpresso.tools.win32_11.4.0.202103011116/tools/bin/../lib/gcc/arm-none-eabi/10.2.1/../../../../arm-none-eabi/lib/thumb/v7e-m+fp/hard\libcr_c.a(fseek.o)
                0x00003ddc                fseek
 .text.ftell    0x00003edc       0x44 c:/nxp/mcuxpressoide_11.4.0_6224/ide/plugins/com.nxp.mcuxpresso.tools.win32_11.4.0.202103011116/tools/bin/../lib/gcc/arm-none-eabi/10.2.1/../../../../arm-none-eabi/lib/thumb/v7e-m+fp/hard\libcr_c.a(ftell.o)
                0x00003edc                ftell
 .text._initio  0x00003f20       0x78 c:/nxp/mcuxpressoide_11.4.0_6224/ide/plugins/com.nxp.mcuxpresso.tools.win32_11.4.0.202103011116/tools/bin/../lib/gcc/arm-none-eabi/10.2.1/../../../../arm-none-eabi/lib/thumb/v7e-m+fp/hard\libcr_c.a(initio.o)
                0x00003f20                _initio
 .text.modf     0x00003f98       0x8c c:/nxp/mcuxpressoide_11.4.0_6224/ide/plugins/com.nxp.mcuxpresso.tools.win32_11.4.0.202103011116/tools/bin/../lib/gcc/arm-none-eabi/10.2.1/../../../../arm-none-eabi/lib/thumb/v7e-m+fp/hard\libcr_c.a(modf.o)
                0x00003f98                modf
 .text._sbrk    0x00004024       0x3c c:/nxp/mcuxpressoide_11.4.0_6224/ide/plugins/com.nxp.mcuxpresso.tools.win32_11.4.0.202103011116/tools/bin/../lib/gcc/arm-none-eabi/10.2.1/../../../../arm-none-eabi/lib/thumb/v7e-m+fp/hard\libcr_c.a(_cr_sbrk.o)
                0x00004024                _sbrk
 .text.fflush   0x00004060       0x3c c:/nxp/mcuxpressoide_11.4.0_6224/ide/plugins/com.nxp.mcuxpresso.tools.win32_11.4.0.202103011116/tools/bin/../lib/gcc/arm-none-eabi/10.2.1/../../../../arm-none-eabi/lib/thumb/v7e-m+fp/hard\libcr_c.a(fflush.o)
                0x00004060                fflush
 .text.__check_heap_overflow
                0x0000409c       0x18 c:/nxp/mcuxpressoide_11.4.0_6224/ide/plugins/com.nxp.mcuxpresso.tools.win32_11.4.0.202103011116/tools/bin/../lib/gcc/arm-none-eabi/10.2.1/../../../../arm-none-eabi/lib/thumb/v7e-m+fp/hard\libcr_c.a(_cr_check_heap.o)
                0x0000409c                __check_heap_overflow
 .text.__aeabi_dmul
                0x000040b4       0xfc c:/nxp/mcuxpressoide_11.4.0_6224/ide/plugins/com.nxp.mcuxpresso.tools.win32_11.4.0.202103011116/tools/bin/../lib/gcc/arm-none-eabi/10.2.1/thumb/v7e-m+fp/hard\libcr_eabihelpers.a(double.o)
                0x000040b4                __aeabi_dmul
 .text.__aeabi_ddiv
                0x000041b0      0x138 c:/nxp/mcuxpressoide_11.4.0_6224/ide/plugins/com.nxp.mcuxpresso.tools.win32_11.4.0.202103011116/tools/bin/../lib/gcc/arm-none-eabi/10.2.1/thumb/v7e-m+fp/hard\libcr_eabihelpers.a(double.o)
                0x000041b0                __aeabi_ddiv
 .text.__aeabi_dsub
                0x000042e8      0x1ac c:/nxp/mcuxpressoide_11.4.0_6224/ide/plugins/com.nxp.mcuxpresso.tools.win32_11.4.0.202103011116/tools/bin/../lib/gcc/arm-none-eabi/10.2.1/thumb/v7e-m+fp/hard\libcr_eabihelpers.a(double.o)
                0x000042e8                __aeabi_dsub
 .text.__aeabi_dadd
                0x00004494      0x114 c:/nxp/mcuxpressoide_11.4.0_6224/ide/plugins/com.nxp.mcuxpresso.tools.win32_11.4.0.202103011116/tools/bin/../lib/gcc/arm-none-eabi/10.2.1/thumb/v7e-m+fp/hard\libcr_eabihelpers.a(double.o)
                0x00004494                __aeabi_dadd
 .text.DbgConsole_PrintCallback
                0x000045a8       0x66 ./utilities/fsl_debug_console.o
 .text.PrintGetWidth
                0x0000460e       0x6a ./utilities/fsl_str.o
 .text.PrintGetPrecision
                0x00004678       0x8c ./utilities/fsl_str.o
 .text.PrintIsobpu
                0x00004704       0x38 ./utilities/fsl_str.o
 .text.PrintIsdi
                0x0000473c       0x2c ./utilities/fsl_str.o
 .text.PrintOutputdifFobpu
                0x00004768       0x44 ./utilities/fsl_str.o
 .text.PrintOutputxX
                0x000047ac       0x44 ./utilities/fsl_str.o
 .text.PrintIsfF
                0x000047f0       0x2c ./utilities/fsl_str.o
 .text.PrintIsxX
                0x0000481c       0x2c ./utilities/fsl_str.o
 .text.PrintFilterLengthFlag
                0x00004848       0x3e ./utilities/fsl_str.o
 .text.PrintGetRadixFromobpu
                0x00004886       0x40 ./utilities/fsl_str.o
 .text.ConvertRadixNumToString
                0x000048c6      0x114 ./utilities/fsl_str.o
 .text.StrFormatPrintf
                0x000049da      0x2d4 ./utilities/fsl_str.o
                0x000049da                StrFormatPrintf
 .text.DMA0_IRQHandler
                0x00004cae        0x8 ./startup/startup_mk64f12.o
                0x00004cae                DMA0_IRQHandler
 .text.DMA1_IRQHandler
                0x00004cb6        0x8 ./startup/startup_mk64f12.o
                0x00004cb6                DMA1_IRQHandler
 .text.DMA2_IRQHandler
                0x00004cbe        0x8 ./startup/startup_mk64f12.o
                0x00004cbe                DMA2_IRQHandler
 .text.DMA3_IRQHandler
                0x00004cc6        0x8 ./startup/startup_mk64f12.o
                0x00004cc6                DMA3_IRQHandler
 .text.DMA4_IRQHandler
                0x00004cce        0x8 ./startup/startup_mk64f12.o
                0x00004cce                DMA4_IRQHandler
 .text.DMA5_IRQHandler
                0x00004cd6        0x8 ./startup/startup_mk64f12.o
                0x00004cd6                DMA5_IRQHandler
 .text.DMA6_IRQHandler
                0x00004cde        0x8 ./startup/startup_mk64f12.o
                0x00004cde                DMA6_IRQHandler
 .text.DMA7_IRQHandler
                0x00004ce6        0x8 ./startup/startup_mk64f12.o
                0x00004ce6                DMA7_IRQHandler
 .text.DMA8_IRQHandler
                0x00004cee        0x8 ./startup/startup_mk64f12.o
                0x00004cee                DMA8_IRQHandler
 .text.DMA9_IRQHandler
                0x00004cf6        0x8 ./startup/startup_mk64f12.o
                0x00004cf6                DMA9_IRQHandler
 .text.DMA10_IRQHandler
                0x00004cfe        0x8 ./startup/startup_mk64f12.o
                0x00004cfe                DMA10_IRQHandler
 .text.DMA11_IRQHandler
                0x00004d06        0x8 ./startup/startup_mk64f12.o
                0x00004d06                DMA11_IRQHandler
 .text.DMA12_IRQHandler
                0x00004d0e        0x8 ./startup/startup_mk64f12.o
                0x00004d0e                DMA12_IRQHandler
 .text.DMA13_IRQHandler
                0x00004d16        0x8 ./startup/startup_mk64f12.o
                0x00004d16                DMA13_IRQHandler
 .text.DMA14_IRQHandler
                0x00004d1e        0x8 ./startup/startup_mk64f12.o
                0x00004d1e                DMA14_IRQHandler
 .text.DMA15_IRQHandler
                0x00004d26        0x8 ./startup/startup_mk64f12.o
                0x00004d26                DMA15_IRQHandler
 .text.DMA_Error_IRQHandler
                0x00004d2e        0x8 ./startup/startup_mk64f12.o
                0x00004d2e                DMA_Error_IRQHandler
 .text.MCM_IRQHandler
                0x00004d36        0x8 ./startup/startup_mk64f12.o
                0x00004d36                MCM_IRQHandler
 .text.FTFE_IRQHandler
                0x00004d3e        0x8 ./startup/startup_mk64f12.o
                0x00004d3e                FTFE_IRQHandler
 .text.Read_Collision_IRQHandler
                0x00004d46        0x8 ./startup/startup_mk64f12.o
                0x00004d46                Read_Collision_IRQHandler
 .text.LVD_LVW_IRQHandler
                0x00004d4e        0x8 ./startup/startup_mk64f12.o
                0x00004d4e                LVD_LVW_IRQHandler
 .text.LLWU_IRQHandler
                0x00004d56        0x8 ./startup/startup_mk64f12.o
                0x00004d56                LLWU_IRQHandler
 .text.WDOG_EWM_IRQHandler
                0x00004d5e        0x8 ./startup/startup_mk64f12.o
                0x00004d5e                WDOG_EWM_IRQHandler
 .text.RNG_IRQHandler
                0x00004d66        0x8 ./startup/startup_mk64f12.o
                0x00004d66                RNG_IRQHandler
 .text.I2C0_IRQHandler
                0x00004d6e        0x8 ./startup/startup_mk64f12.o
                0x00004d6e                I2C0_IRQHandler
 .text.I2C1_IRQHandler
                0x00004d76        0x8 ./startup/startup_mk64f12.o
                0x00004d76                I2C1_IRQHandler
 .text.SPI0_IRQHandler
                0x00004d7e        0x8 ./startup/startup_mk64f12.o
                0x00004d7e                SPI0_IRQHandler
 .text.SPI1_IRQHandler
                0x00004d86        0x8 ./startup/startup_mk64f12.o
                0x00004d86                SPI1_IRQHandler
 .text.I2S0_Tx_IRQHandler
                0x00004d8e        0x8 ./startup/startup_mk64f12.o
                0x00004d8e                I2S0_Tx_IRQHandler
 .text.I2S0_Rx_IRQHandler
                0x00004d96        0x8 ./startup/startup_mk64f12.o
                0x00004d96                I2S0_Rx_IRQHandler
 .text.UART0_LON_IRQHandler
                0x00004d9e        0x8 ./startup/startup_mk64f12.o
                0x00004d9e                UART0_LON_IRQHandler
 .text.UART0_RX_TX_IRQHandler
                0x00004da6        0x8 ./startup/startup_mk64f12.o
                0x00004da6                UART0_RX_TX_IRQHandler
 .text.UART0_ERR_IRQHandler
                0x00004dae        0x8 ./startup/startup_mk64f12.o
                0x00004dae                UART0_ERR_IRQHandler
 .text.UART1_RX_TX_IRQHandler
                0x00004db6        0x8 ./startup/startup_mk64f12.o
                0x00004db6                UART1_RX_TX_IRQHandler
 .text.UART1_ERR_IRQHandler
                0x00004dbe        0x8 ./startup/startup_mk64f12.o
                0x00004dbe                UART1_ERR_IRQHandler
 .text.UART2_RX_TX_IRQHandler
                0x00004dc6        0x8 ./startup/startup_mk64f12.o
                0x00004dc6                UART2_RX_TX_IRQHandler
 .text.UART2_ERR_IRQHandler
                0x00004dce        0x8 ./startup/startup_mk64f12.o
                0x00004dce                UART2_ERR_IRQHandler
 .text.UART3_RX_TX_IRQHandler
                0x00004dd6        0x8 ./startup/startup_mk64f12.o
                0x00004dd6                UART3_RX_TX_IRQHandler
 .text.UART3_ERR_IRQHandler
                0x00004dde        0x8 ./startup/startup_mk64f12.o
                0x00004dde                UART3_ERR_IRQHandler
 .text.ADC0_IRQHandler
                0x00004de6        0x8 ./startup/startup_mk64f12.o
                0x00004de6                ADC0_IRQHandler
 .text.CMP0_IRQHandler
                0x00004dee        0x8 ./startup/startup_mk64f12.o
                0x00004dee                CMP0_IRQHandler
 .text.CMP1_IRQHandler
                0x00004df6        0x8 ./startup/startup_mk64f12.o
                0x00004df6                CMP1_IRQHandler
 .text.FTM0_IRQHandler
                0x00004dfe        0x8 ./startup/startup_mk64f12.o
                0x00004dfe                FTM0_IRQHandler
 .text.FTM1_IRQHandler
                0x00004e06        0x8 ./startup/startup_mk64f12.o
                0x00004e06                FTM1_IRQHandler
 .text.FTM2_IRQHandler
                0x00004e0e        0x8 ./startup/startup_mk64f12.o
                0x00004e0e                FTM2_IRQHandler
 .text.CMT_IRQHandler
                0x00004e16        0x8 ./startup/startup_mk64f12.o
                0x00004e16                CMT_IRQHandler
 .text.RTC_IRQHandler
                0x00004e1e        0x8 ./startup/startup_mk64f12.o
                0x00004e1e                RTC_IRQHandler
 .text.RTC_Seconds_IRQHandler
                0x00004e26        0x8 ./startup/startup_mk64f12.o
                0x00004e26                RTC_Seconds_IRQHandler
 .text.PIT0_IRQHandler
                0x00004e2e        0x8 ./startup/startup_mk64f12.o
                0x00004e2e                PIT0_IRQHandler
 .text.PIT1_IRQHandler
                0x00004e36        0x8 ./startup/startup_mk64f12.o
                0x00004e36                PIT1_IRQHandler
 .text.PIT2_IRQHandler
                0x00004e3e        0x8 ./startup/startup_mk64f12.o
                0x00004e3e                PIT2_IRQHandler
 .text.PIT3_IRQHandler
                0x00004e46        0x8 ./startup/startup_mk64f12.o
                0x00004e46                PIT3_IRQHandler
 .text.PDB0_IRQHandler
                0x00004e4e        0x8 ./startup/startup_mk64f12.o
                0x00004e4e                PDB0_IRQHandler
 .text.USB0_IRQHandler
                0x00004e56        0x8 ./startup/startup_mk64f12.o
                0x00004e56                USB0_IRQHandler
 .text.USBDCD_IRQHandler
                0x00004e5e        0x8 ./startup/startup_mk64f12.o
                0x00004e5e                USBDCD_IRQHandler
 .text.Reserved71_IRQHandler
                0x00004e66        0x8 ./startup/startup_mk64f12.o
                0x00004e66                Reserved71_IRQHandler
 .text.DAC0_IRQHandler
                0x00004e6e        0x8 ./startup/startup_mk64f12.o
                0x00004e6e                DAC0_IRQHandler
 .text.MCG_IRQHandler
                0x00004e76        0x8 ./startup/startup_mk64f12.o
                0x00004e76                MCG_IRQHandler
 .text.LPTMR0_IRQHandler
                0x00004e7e        0x8 ./startup/startup_mk64f12.o
                0x00004e7e                LPTMR0_IRQHandler
 .text.PORTA_IRQHandler
                0x00004e86        0x8 ./startup/startup_mk64f12.o
                0x00004e86                PORTA_IRQHandler
 .text.PORTB_IRQHandler
                0x00004e8e        0x8 ./startup/startup_mk64f12.o
                0x00004e8e                PORTB_IRQHandler
 .text.PORTC_IRQHandler
                0x00004e96        0x8 ./startup/startup_mk64f12.o
                0x00004e96                PORTC_IRQHandler
 .text.PORTD_IRQHandler
                0x00004e9e        0x8 ./startup/startup_mk64f12.o
                0x00004e9e                PORTD_IRQHandler
 .text.PORTE_IRQHandler
                0x00004ea6        0x8 ./startup/startup_mk64f12.o
                0x00004ea6                PORTE_IRQHandler
 .text.SWI_IRQHandler
                0x00004eae        0x8 ./startup/startup_mk64f12.o
                0x00004eae                SWI_IRQHandler
 .text.SPI2_IRQHandler
                0x00004eb6        0x8 ./startup/startup_mk64f12.o
                0x00004eb6                SPI2_IRQHandler
 .text.UART4_RX_TX_IRQHandler
                0x00004ebe        0x8 ./startup/startup_mk64f12.o
                0x00004ebe                UART4_RX_TX_IRQHandler
 .text.UART4_ERR_IRQHandler
                0x00004ec6        0x8 ./startup/startup_mk64f12.o
                0x00004ec6                UART4_ERR_IRQHandler
 .text.UART5_RX_TX_IRQHandler
                0x00004ece        0x8 ./startup/startup_mk64f12.o
                0x00004ece                UART5_RX_TX_IRQHandler
 .text.UART5_ERR_IRQHandler
                0x00004ed6        0x8 ./startup/startup_mk64f12.o
                0x00004ed6                UART5_ERR_IRQHandler
 .text.CMP2_IRQHandler
                0x00004ede        0x8 ./startup/startup_mk64f12.o
                0x00004ede                CMP2_IRQHandler
 .text.FTM3_IRQHandler
                0x00004ee6        0x8 ./startup/startup_mk64f12.o
                0x00004ee6                FTM3_IRQHandler
 .text.DAC1_IRQHandler
                0x00004eee        0x8 ./startup/startup_mk64f12.o
                0x00004eee                DAC1_IRQHandler
 .text.ADC1_IRQHandler
                0x00004ef6        0x8 ./startup/startup_mk64f12.o
                0x00004ef6                ADC1_IRQHandler
 .text.I2C2_IRQHandler
                0x00004efe        0x8 ./startup/startup_mk64f12.o
                0x00004efe                I2C2_IRQHandler
 .text.CAN0_ORed_Message_buffer_IRQHandler
                0x00004f06        0x8 ./startup/startup_mk64f12.o
                0x00004f06                CAN0_ORed_Message_buffer_IRQHandler
 .text.CAN0_Bus_Off_IRQHandler
                0x00004f0e        0x8 ./startup/startup_mk64f12.o
                0x00004f0e                CAN0_Bus_Off_IRQHandler
 .text.CAN0_Error_IRQHandler
                0x00004f16        0x8 ./startup/startup_mk64f12.o
                0x00004f16                CAN0_Error_IRQHandler
 .text.CAN0_Tx_Warning_IRQHandler
                0x00004f1e        0x8 ./startup/startup_mk64f12.o
                0x00004f1e                CAN0_Tx_Warning_IRQHandler
 .text.CAN0_Rx_Warning_IRQHandler
                0x00004f26        0x8 ./startup/startup_mk64f12.o
                0x00004f26                CAN0_Rx_Warning_IRQHandler
 .text.CAN0_Wake_Up_IRQHandler
                0x00004f2e        0x8 ./startup/startup_mk64f12.o
                0x00004f2e                CAN0_Wake_Up_IRQHandler
 .text.SDHC_IRQHandler
                0x00004f36        0x8 ./startup/startup_mk64f12.o
                0x00004f36                SDHC_IRQHandler
 .text.ENET_1588_Timer_IRQHandler
                0x00004f3e        0x8 ./startup/startup_mk64f12.o
                0x00004f3e                ENET_1588_Timer_IRQHandler
 .text.ENET_Transmit_IRQHandler
                0x00004f46        0x8 ./startup/startup_mk64f12.o
                0x00004f46                ENET_Transmit_IRQHandler
 .text.ENET_Receive_IRQHandler
                0x00004f4e        0x8 ./startup/startup_mk64f12.o
                0x00004f4e                ENET_Receive_IRQHandler
 .text.ENET_Error_IRQHandler
                0x00004f56        0x8 ./startup/startup_mk64f12.o
                0x00004f56                ENET_Error_IRQHandler
 .text.CLOCK_EnableClock
                0x00004f5e       0x34 ./drivers/fsl_clock.o
 .text.CLOCK_DisableClock
                0x00004f92       0x38 ./drivers/fsl_clock.o
 .text.OSC_SetExtRefClkConfig
                0x00004fca       0x34 ./drivers/fsl_clock.o
 .text.OSC_SetCapLoad
                0x00004ffe       0x34 ./drivers/fsl_clock.o
 .text.CLOCK_GetPll0RefFreq
                0x00005032        0xe ./drivers/fsl_clock.o
 .text.CLOCK_EnableClock
                0x00005040       0x34 ./drivers/fsl_dac.o
 .text.CLOCK_EnableClock
                0x00005074       0x34 ./drivers/fsl_uart.o
 .text.UART_WriteBlocking
                0x000050a8       0x50 ./drivers/fsl_uart.o
                0x000050a8                UART_WriteBlocking
 .text.UART0_RX_TX_DriverIRQHandler
                0x000050f8       0x12 ./drivers/fsl_uart.o
                0x000050f8                UART0_RX_TX_DriverIRQHandler
 .text.UART1_RX_TX_DriverIRQHandler
                0x0000510a       0x12 ./drivers/fsl_uart.o
                0x0000510a                UART1_RX_TX_DriverIRQHandler
 .text.UART2_RX_TX_DriverIRQHandler
                0x0000511c       0x12 ./drivers/fsl_uart.o
                0x0000511c                UART2_RX_TX_DriverIRQHandler
 .text.UART3_RX_TX_DriverIRQHandler
                0x0000512e       0x12 ./drivers/fsl_uart.o
                0x0000512e                UART3_RX_TX_DriverIRQHandler
 .text.UART4_RX_TX_DriverIRQHandler
                0x00005140       0x12 ./drivers/fsl_uart.o
                0x00005140                UART4_RX_TX_DriverIRQHandler
 .text.UART5_RX_TX_DriverIRQHandler
                0x00005152       0x12 ./drivers/fsl_uart.o
                0x00005152                UART5_RX_TX_DriverIRQHandler
 .text.SystemInitHook
                0x00005164        0xe ./device/system_MK64F12.o
                0x00005164                SystemInitHook
 .text.HAL_UartGetStatus
                0x00005172       0x22 ./component/uart/fsl_adapter_uart.o
 .text.DisableGlobalIRQ
                0x00005194       0x22 ./component/serial_manager/fsl_component_serial_manager.o
 .text.EnableGlobalIRQ
                0x000051b6       0x20 ./component/serial_manager/fsl_component_serial_manager.o
 .text.SerialManager_StartWriting
                0x000051d6       0x38 ./component/serial_manager/fsl_component_serial_manager.o
 .text.SerialManager_Write
                0x0000520e       0x44 ./component/serial_manager/fsl_component_serial_manager.o
 .text.SerialManager_Init
                0x00005252       0x60 ./component/serial_manager/fsl_component_serial_manager.o
                0x00005252                SerialManager_Init
 .text.SerialManager_OpenWriteHandle
                0x000052b2       0x50 ./component/serial_manager/fsl_component_serial_manager.o
                0x000052b2                SerialManager_OpenWriteHandle
 .text.SerialManager_OpenReadHandle
                0x00005302       0x60 ./component/serial_manager/fsl_component_serial_manager.o
                0x00005302                SerialManager_OpenReadHandle
 .text.SerialManager_WriteBlocking
                0x00005362       0x20 ./component/serial_manager/fsl_component_serial_manager.o
                0x00005362                SerialManager_WriteBlocking
 .text.Serial_UartInit
                0x00005382       0x3e ./component/serial_manager/fsl_component_serial_port_uart.o
                0x00005382                Serial_UartInit
 .text.Serial_UartWrite
                0x000053c0       0x38 ./component/serial_manager/fsl_component_serial_port_uart.o
                0x000053c0                Serial_UartWrite
 .text.BOARD_InitDebugConsole
                0x000053f8       0x22 ./board/board.o
                0x000053f8                BOARD_InitDebugConsole
 .text.BOARD_InitBootClocks
                0x0000541a        0xc ./board/clock_config.o
                0x0000541a                BOARD_InitBootClocks
 .text.DAC_Enable
                0x00005426       0x48 ./board/peripherals.o
 .text.BOARD_InitPeripherals
                0x0000546e        0xc ./board/peripherals.o
                0x0000546e                BOARD_InitPeripherals
 .text.BOARD_InitBootPeripherals
                0x0000547a        0xc ./board/peripherals.o
                0x0000547a                BOARD_InitBootPeripherals
 .text.CLOCK_EnableClock
                0x00005486       0x34 ./board/pin_mux.o
 .text.PORT_SetPinMux
                0x000054ba       0x3a ./board/pin_mux.o
 .text.BOARD_InitBootPins
                0x000054f4       0x10 ./board/pin_mux.o
                0x000054f4                BOARD_InitBootPins
 .text.__main   0x00005504        0xe c:/nxp/mcuxpressoide_11.4.0_6224/ide/plugins/com.nxp.mcuxpresso.tools.win32_11.4.0.202103011116/tools/bin/../lib/gcc/arm-none-eabi/10.2.1/../../../../arm-none-eabi/lib/thumb/v7e-m+fp/hard\libcr_nohost_nf.a(_cr__main.o)
                0x00005504                __main
 .text.__sys_appexit
                0x00005512        0x2 c:/nxp/mcuxpressoide_11.4.0_6224/ide/plugins/com.nxp.mcuxpresso.tools.win32_11.4.0.202103011116/tools/bin/../lib/gcc/arm-none-eabi/10.2.1/../../../../arm-none-eabi/lib/thumb/v7e-m+fp/hard\libcr_nohost_nf.a(__sys_appexit.o)
                0x00005512                __sys_appexit
                0x00005512                __exit
 .text.memset   0x00005514        0x4 c:/nxp/mcuxpressoide_11.4.0_6224/ide/plugins/com.nxp.mcuxpresso.tools.win32_11.4.0.202103011116/tools/bin/../lib/gcc/arm-none-eabi/10.2.1/../../../../arm-none-eabi/lib/thumb/v7e-m+fp/hard\libcr_c.a(memset.o)
                0x00005514                memset
 .text._deferredlazyseek
                0x00005518       0x40 c:/nxp/mcuxpressoide_11.4.0_6224/ide/plugins/com.nxp.mcuxpresso.tools.win32_11.4.0.202103011116/tools/bin/../lib/gcc/arm-none-eabi/10.2.1/../../../../arm-none-eabi/lib/thumb/v7e-m+fp/hard\libcr_c.a(_deferredlazyseek.o)
                0x00005518                _deferredlazyseek
 .text.__flsbuf
                0x00005558      0x140 c:/nxp/mcuxpressoide_11.4.0_6224/ide/plugins/com.nxp.mcuxpresso.tools.win32_11.4.0.202103011116/tools/bin/../lib/gcc/arm-none-eabi/10.2.1/../../../../arm-none-eabi/lib/thumb/v7e-m+fp/hard\libcr_c.a(_deferredlazyseek.o)
                0x00005558                __flsbuf
 .text._fflush  0x00005698       0x52 c:/nxp/mcuxpressoide_11.4.0_6224/ide/plugins/com.nxp.mcuxpresso.tools.win32_11.4.0.202103011116/tools/bin/../lib/gcc/arm-none-eabi/10.2.1/../../../../arm-none-eabi/lib/thumb/v7e-m+fp/hard\libcr_c.a(_fflush.o)
                0x00005698                _fflush
 .text.free     0x000056ea       0x30 c:/nxp/mcuxpressoide_11.4.0_6224/ide/plugins/com.nxp.mcuxpresso.tools.win32_11.4.0.202103011116/tools/bin/../lib/gcc/arm-none-eabi/10.2.1/../../../../arm-none-eabi/lib/thumb/v7e-m+fp/hard\libcr_c.a(alloc.o)
                0x000056ea                free
 .text.fputs    0x0000571a       0x2c c:/nxp/mcuxpressoide_11.4.0_6224/ide/plugins/com.nxp.mcuxpresso.tools.win32_11.4.0.202103011116/tools/bin/../lib/gcc/arm-none-eabi/10.2.1/../../../../arm-none-eabi/lib/thumb/v7e-m+fp/hard\libcr_c.a(fputs.o)
                0x0000571a                fputs
 .text.setvbuf  0x00005746       0x3e c:/nxp/mcuxpressoide_11.4.0_6224/ide/plugins/com.nxp.mcuxpresso.tools.win32_11.4.0.202103011116/tools/bin/../lib/gcc/arm-none-eabi/10.2.1/../../../../arm-none-eabi/lib/thumb/v7e-m+fp/hard\libcr_c.a(setvbuf.o)
                0x00005746                setvbuf
 .text.strlen   0x00005784       0x48 c:/nxp/mcuxpressoide_11.4.0_6224/ide/plugins/com.nxp.mcuxpresso.tools.win32_11.4.0.202103011116/tools/bin/../lib/gcc/arm-none-eabi/10.2.1/../../../../arm-none-eabi/lib/thumb/v7e-m+fp/hard\libcr_c.a(strlen.o)
                0x00005784                strlen
 .text._fdopen  0x000057cc       0x68 c:/nxp/mcuxpressoide_11.4.0_6224/ide/plugins/com.nxp.mcuxpresso.tools.win32_11.4.0.202103011116/tools/bin/../lib/gcc/arm-none-eabi/10.2.1/../../../../arm-none-eabi/lib/thumb/v7e-m+fp/hard\libcr_c.a(_fdopen.o)
                0x000057cc                _fdopen
 .text.fclose   0x00005834       0x58 c:/nxp/mcuxpressoide_11.4.0_6224/ide/plugins/com.nxp.mcuxpresso.tools.win32_11.4.0.202103011116/tools/bin/../lib/gcc/arm-none-eabi/10.2.1/../../../../arm-none-eabi/lib/thumb/v7e-m+fp/hard\libcr_c.a(fclose.o)
                0x00005834                fclose
 .text.remove   0x0000588c       0x14 c:/nxp/mcuxpressoide_11.4.0_6224/ide/plugins/com.nxp.mcuxpresso.tools.win32_11.4.0.202103011116/tools/bin/../lib/gcc/arm-none-eabi/10.2.1/../../../../arm-none-eabi/lib/thumb/v7e-m+fp/hard\libcr_c.a(remove.o)
                0x0000588c                remove
 .text._do_fflush
                0x000058a0       0x40 c:/nxp/mcuxpressoide_11.4.0_6224/ide/plugins/com.nxp.mcuxpresso.tools.win32_11.4.0.202103011116/tools/bin/../lib/gcc/arm-none-eabi/10.2.1/../../../../arm-none-eabi/lib/thumb/v7e-m+fp/hard\libcr_c.a(_do_fflush.o)
                0x000058a0                _do_fflush
 .text.__aeabi_d2iz
                0x000058e0       0x40 c:/nxp/mcuxpressoide_11.4.0_6224/ide/plugins/com.nxp.mcuxpresso.tools.win32_11.4.0.202103011116/tools/bin/../lib/gcc/arm-none-eabi/10.2.1/thumb/v7e-m+fp/hard\libcr_eabihelpers.a(double.o)
                0x000058e0                __aeabi_d2iz
 .text.__aeabi_d2lz
                0x00005920       0x74 c:/nxp/mcuxpressoide_11.4.0_6224/ide/plugins/com.nxp.mcuxpresso.tools.win32_11.4.0.202103011116/tools/bin/../lib/gcc/arm-none-eabi/10.2.1/thumb/v7e-m+fp/hard\libcr_eabihelpers.a(double.o)
                0x00005920                __aeabi_d2lz
 .text.__bhs_ui2d
                0x00005994       0x46 c:/nxp/mcuxpressoide_11.4.0_6224/ide/plugins/com.nxp.mcuxpresso.tools.win32_11.4.0.202103011116/tools/bin/../lib/gcc/arm-none-eabi/10.2.1/thumb/v7e-m+fp/hard\libcr_eabihelpers.a(double.o)
                0x00005994                __bhs_ui2d
 .text.__bhs_ul2d
                0x000059da       0x8a c:/nxp/mcuxpressoide_11.4.0_6224/ide/plugins/com.nxp.mcuxpresso.tools.win32_11.4.0.202103011116/tools/bin/../lib/gcc/arm-none-eabi/10.2.1/thumb/v7e-m+fp/hard\libcr_eabihelpers.a(double.o)
                0x000059da                __bhs_ul2d
 .text.__aeabi_i2d
                0x00005a64       0x12 c:/nxp/mcuxpressoide_11.4.0_6224/ide/plugins/com.nxp.mcuxpresso.tools.win32_11.4.0.202103011116/tools/bin/../lib/gcc/arm-none-eabi/10.2.1/thumb/v7e-m+fp/hard\libcr_eabihelpers.a(double.o)
                0x00005a64                __aeabi_i2d
 .text.__aeabi_ui2d
                0x00005a76        0x8 c:/nxp/mcuxpressoide_11.4.0_6224/ide/plugins/com.nxp.mcuxpresso.tools.win32_11.4.0.202103011116/tools/bin/../lib/gcc/arm-none-eabi/10.2.1/thumb/v7e-m+fp/hard\libcr_eabihelpers.a(double.o)
                0x00005a76                __aeabi_ui2d
 .text.__aeabi_l2d
                0x00005a7e       0x1c c:/nxp/mcuxpressoide_11.4.0_6224/ide/plugins/com.nxp.mcuxpresso.tools.win32_11.4.0.202103011116/tools/bin/../lib/gcc/arm-none-eabi/10.2.1/thumb/v7e-m+fp/hard\libcr_eabihelpers.a(double.o)
                0x00005a7e                __aeabi_l2d
 .text.__aeabi_dcmpeq
                0x00005a9a       0x30 c:/nxp/mcuxpressoide_11.4.0_6224/ide/plugins/com.nxp.mcuxpresso.tools.win32_11.4.0.202103011116/tools/bin/../lib/gcc/arm-none-eabi/10.2.1/thumb/v7e-m+fp/hard\libcr_eabihelpers.a(double.o)
                0x00005a9a                __aeabi_dcmpeq
 .text.__aeabi_dcmplt
                0x00005aca       0x56 c:/nxp/mcuxpressoide_11.4.0_6224/ide/plugins/com.nxp.mcuxpresso.tools.win32_11.4.0.202103011116/tools/bin/../lib/gcc/arm-none-eabi/10.2.1/thumb/v7e-m+fp/hard\libcr_eabihelpers.a(double.o)
                0x00005aca                __aeabi_dcmplt
 .text.__aeabi_dcmpgt
                0x00005b20       0x56 c:/nxp/mcuxpressoide_11.4.0_6224/ide/plugins/com.nxp.mcuxpresso.tools.win32_11.4.0.202103011116/tools/bin/../lib/gcc/arm-none-eabi/10.2.1/thumb/v7e-m+fp/hard\libcr_eabihelpers.a(double.o)
                0x00005b20                __aeabi_dcmpgt
 .text.__aeabi_dcmple
                0x00005b76       0x56 c:/nxp/mcuxpressoide_11.4.0_6224/ide/plugins/com.nxp.mcuxpresso.tools.win32_11.4.0.202103011116/tools/bin/../lib/gcc/arm-none-eabi/10.2.1/thumb/v7e-m+fp/hard\libcr_eabihelpers.a(double.o)
                0x00005b76                __aeabi_dcmple
 .text.__aeabi_dcmpge
                0x00005bcc       0x56 c:/nxp/mcuxpressoide_11.4.0_6224/ide/plugins/com.nxp.mcuxpresso.tools.win32_11.4.0.202103011116/tools/bin/../lib/gcc/arm-none-eabi/10.2.1/thumb/v7e-m+fp/hard\libcr_eabihelpers.a(double.o)
                0x00005bcc                __aeabi_dcmpge
 .text.__aeabi_memset_lowlevel
                0x00005c22       0x32 c:/nxp/mcuxpressoide_11.4.0_6224/ide/plugins/com.nxp.mcuxpresso.tools.win32_11.4.0.202103011116/tools/bin/../lib/gcc/arm-none-eabi/10.2.1/thumb/v7e-m+fp/hard\libcr_eabihelpers.a(memcpy.o)
                0x00005c22                __aeabi_lowlevel_memset
 .text.__sys_close
                0x00005c54        0x6 c:/nxp/mcuxpressoide_11.4.0_6224/ide/plugins/com.nxp.mcuxpresso.tools.win32_11.4.0.202103011116/tools/bin/../lib/gcc/arm-none-eabi/10.2.1/../../../../arm-none-eabi/lib/thumb/v7e-m+fp/hard\libcr_nohost_nf.a(__sys_close.o)
                0x00005c54                __sys_close
 .text.__sys_flen
                0x00005c5a        0x6 c:/nxp/mcuxpressoide_11.4.0_6224/ide/plugins/com.nxp.mcuxpresso.tools.win32_11.4.0.202103011116/tools/bin/../lib/gcc/arm-none-eabi/10.2.1/../../../../arm-none-eabi/lib/thumb/v7e-m+fp/hard\libcr_nohost_nf.a(__sys_flen.o)
                0x00005c5a                __sys_flen
 .text.__sys_istty
                0x00005c60        0x6 c:/nxp/mcuxpressoide_11.4.0_6224/ide/plugins/com.nxp.mcuxpresso.tools.win32_11.4.0.202103011116/tools/bin/../lib/gcc/arm-none-eabi/10.2.1/../../../../arm-none-eabi/lib/thumb/v7e-m+fp/hard\libcr_nohost_nf.a(__sys_istty.o)
                0x00005c60                __sys_istty
 .text.__sys_remove
                0x00005c66        0x6 c:/nxp/mcuxpressoide_11.4.0_6224/ide/plugins/com.nxp.mcuxpresso.tools.win32_11.4.0.202103011116/tools/bin/../lib/gcc/arm-none-eabi/10.2.1/../../../../arm-none-eabi/lib/thumb/v7e-m+fp/hard\libcr_nohost_nf.a(__sys_remove.o)
                0x00005c66                __sys_remove
 .text.__sys_seek
                0x00005c6c        0x6 c:/nxp/mcuxpressoide_11.4.0_6224/ide/plugins/com.nxp.mcuxpresso.tools.win32_11.4.0.202103011116/tools/bin/../lib/gcc/arm-none-eabi/10.2.1/../../../../arm-none-eabi/lib/thumb/v7e-m+fp/hard\libcr_nohost_nf.a(__sys_seek.o)
                0x00005c6c                __sys_seek
 .text.__sys_tmpnam
                0x00005c72        0x6 c:/nxp/mcuxpressoide_11.4.0_6224/ide/plugins/com.nxp.mcuxpresso.tools.win32_11.4.0.202103011116/tools/bin/../lib/gcc/arm-none-eabi/10.2.1/../../../../arm-none-eabi/lib/thumb/v7e-m+fp/hard\libcr_nohost_nf.a(__sys_tmpnam.o)
                0x00005c72                __sys_tmpnam
 .text.__sys_write
                0x00005c78        0x4 c:/nxp/mcuxpressoide_11.4.0_6224/ide/plugins/com.nxp.mcuxpresso.tools.win32_11.4.0.202103011116/tools/bin/../lib/gcc/arm-none-eabi/10.2.1/../../../../arm-none-eabi/lib/thumb/v7e-m+fp/hard\libcr_nohost_nf.a(__sys_write.o)
                0x00005c78                __sys_write
 *(SORT_BY_ALIGNMENT(.rodata) SORT_BY_ALIGNMENT(.rodata.*) SORT_BY_ALIGNMENT(.constdata) SORT_BY_ALIGNMENT(.constdata.*))
 *fill*         0x00005c7c        0x4 ff
 .rodata.a1.1   0x00005c80       0x88 c:/nxp/mcuxpressoide_11.4.0_6224/ide/plugins/com.nxp.mcuxpresso.tools.win32_11.4.0.202103011116/tools/bin/../lib/gcc/arm-none-eabi/10.2.1/../../../../arm-none-eabi/lib/thumb/v7e-m+fp/hard\libcr_c.a(pow.o)
 .rodata.a2.0   0x00005d08       0x40 c:/nxp/mcuxpressoide_11.4.0_6224/ide/plugins/com.nxp.mcuxpresso.tools.win32_11.4.0.202103011116/tools/bin/../lib/gcc/arm-none-eabi/10.2.1/../../../../arm-none-eabi/lib/thumb/v7e-m+fp/hard\libcr_c.a(pow.o)
 .rodata.data_thresh
                0x00005d48    0x61a80 ./source/fft_note_extractor.o
                0x00005d48                data_thresh
 .rodata.main.str1.4
                0x000677c8       0x18 ./source/fft_note_extractor.o
 .rodata.CLOCK_GetMcgExtClkFreq.str1.4
                0x000677e0       0x4e ./drivers/fsl_clock.o
 *fill*         0x0006782e        0x2 ff
 .rodata.CLOCK_GetPll0Freq.str1.4
                0x00067830       0x1e ./drivers/fsl_clock.o
 *fill*         0x0006784e        0x2 ff
 .rodata.CLOCK_EnablePll0.str1.4
                0x00067850       0x1b ./drivers/fsl_clock.o
 *fill*         0x0006786b        0x1 ff
 .rodata.CLOCK_SetPbeMode.str1.4
                0x0006786c       0x1b ./drivers/fsl_clock.o
 *fill*         0x00067887        0x1 ff
 .rodata.CLOCK_BootToPeeMode.str1.4
                0x00067888       0x1b ./drivers/fsl_clock.o
 *fill*         0x000678a3        0x1 ff
 .rodata.fllFactorTable.1
                0x000678a4       0x10 ./drivers/fsl_clock.o
 .rodata.s_dacBases
                0x000678b4        0x8 ./drivers/fsl_dac.o
 .rodata.s_dacClocks
                0x000678bc        0x8 ./drivers/fsl_dac.o
 .rodata.DAC_GetInstance.str1.4
                0x000678c4       0x32 ./drivers/fsl_dac.o
 *fill*         0x000678f6        0x2 ff
 .rodata.DAC_Init.str1.4
                0x000678f8       0x1f ./drivers/fsl_dac.o
 *fill*         0x00067917        0x1 ff
 .rodata.DAC_SetBufferValue.str1.4
                0x00067918       0x28 ./drivers/fsl_dac.o
 .rodata.DAC_SetBufferReadPointer.str1.4
                0x00067940       0x28 ./drivers/fsl_dac.o
 .rodata.s_uartBases
                0x00067968       0x18 ./drivers/fsl_uart.o
 .rodata.s_uartClock
                0x00067980       0x18 ./drivers/fsl_uart.o
 .rodata.UART_GetInstance.str1.4
                0x00067998       0x2c ./drivers/fsl_uart.o
 .rodata.UART_Init.str1.4
                0x000679c4      0x104 ./drivers/fsl_uart.o
 .rodata.UART_GetDefaultConfig.str1.4
                0x00067ac8       0x21 ./drivers/fsl_uart.o
 *fill*         0x00067ae9        0x3 ff
 .rodata.s_UartAdapterBase
                0x00067aec       0x18 ./component/uart/fsl_adapter_uart.o
 .rodata.HAL_UartInit.str1.4
                0x00067b04       0xe6 ./component/uart/fsl_adapter_uart.o
 *fill*         0x00067bea        0x2 ff
 .rodata.HAL_UartSendBlocking.str1.4
                0x00067bec       0x65 ./component/uart/fsl_adapter_uart.o
 *fill*         0x00067c51        0x3 ff
 .rodata.mcgConfig_BOARD_BootClockRUN
                0x00067c54        0xb ./board/clock_config.o
                0x00067c54                mcgConfig_BOARD_BootClockRUN
 *fill*         0x00067c5f        0x1 ff
 .rodata.simConfig_BOARD_BootClockRUN
                0x00067c60        0x8 ./board/clock_config.o
                0x00067c60                simConfig_BOARD_BootClockRUN
 .rodata.oscConfig_BOARD_BootClockRUN
                0x00067c68        0x8 ./board/clock_config.o
                0x00067c68                oscConfig_BOARD_BootClockRUN
 .rodata.DAC0_config
                0x00067c70        0x2 ./board/peripherals.o
                0x00067c70                DAC0_config
 *fill*         0x00067c72        0x2 ff
 .rodata.PORT_SetPinConfig.str1.4
                0x00067c74       0x87 ./board/pin_mux.o
 *fill*         0x00067cfb        0x1 ff
 .rodata.armBitRevIndexTable1024
                0x00067cfc      0xe10 C:\Users\santi\Desktop\Datardos\Facultad\Segundo semestre Quinto\DSP\workspace\note_extractor_FRDMK64F\CMSIS\DSP\libarm_cortexM4lf_math.a(arm_common_tables.o)
                0x00067cfc                armBitRevIndexTable1024
 .rodata.armBitRevIndexTable128
                0x00068b0c      0x1a0 C:\Users\santi\Desktop\Datardos\Facultad\Segundo semestre Quinto\DSP\workspace\note_extractor_FRDMK64F\CMSIS\DSP\libarm_cortexM4lf_math.a(arm_common_tables.o)
                0x00068b0c                armBitRevIndexTable128
 .rodata.armBitRevIndexTable16
                0x00068cac       0x28 C:\Users\santi\Desktop\Datardos\Facultad\Segundo semestre Quinto\DSP\workspace\note_extractor_FRDMK64F\CMSIS\DSP\libarm_cortexM4lf_math.a(arm_common_tables.o)
                0x00068cac                armBitRevIndexTable16
 .rodata.armBitRevIndexTable2048
                0x00068cd4     0x1dc0 C:\Users\santi\Desktop\Datardos\Facultad\Segundo semestre Quinto\DSP\workspace\note_extractor_FRDMK64F\CMSIS\DSP\libarm_cortexM4lf_math.a(arm_common_tables.o)
                0x00068cd4                armBitRevIndexTable2048
 .rodata.armBitRevIndexTable256
                0x0006aa94      0x370 C:\Users\santi\Desktop\Datardos\Facultad\Segundo semestre Quinto\DSP\workspace\note_extractor_FRDMK64F\CMSIS\DSP\libarm_cortexM4lf_math.a(arm_common_tables.o)
                0x0006aa94                armBitRevIndexTable256
 .rodata.armBitRevIndexTable32
                0x0006ae04       0x60 C:\Users\santi\Desktop\Datardos\Facultad\Segundo semestre Quinto\DSP\workspace\note_extractor_FRDMK64F\CMSIS\DSP\libarm_cortexM4lf_math.a(arm_common_tables.o)
                0x0006ae04                armBitRevIndexTable32
 .rodata.armBitRevIndexTable512
                0x0006ae64      0x380 C:\Users\santi\Desktop\Datardos\Facultad\Segundo semestre Quinto\DSP\workspace\note_extractor_FRDMK64F\CMSIS\DSP\libarm_cortexM4lf_math.a(arm_common_tables.o)
                0x0006ae64                armBitRevIndexTable512
 .rodata.sinTable_f32
                0x0006b1e4      0x804 C:\Users\santi\Desktop\Datardos\Facultad\Segundo semestre Quinto\DSP\workspace\note_extractor_FRDMK64F\CMSIS\DSP\libarm_cortexM4lf_math.a(arm_common_tables.o)
                0x0006b1e4                sinTable_f32
 .rodata.twiddleCoef_1024
                0x0006b9e8     0x2000 C:\Users\santi\Desktop\Datardos\Facultad\Segundo semestre Quinto\DSP\workspace\note_extractor_FRDMK64F\CMSIS\DSP\libarm_cortexM4lf_math.a(arm_common_tables.o)
                0x0006b9e8                twiddleCoef_1024
 .rodata.twiddleCoef_128
                0x0006d9e8      0x400 C:\Users\santi\Desktop\Datardos\Facultad\Segundo semestre Quinto\DSP\workspace\note_extractor_FRDMK64F\CMSIS\DSP\libarm_cortexM4lf_math.a(arm_common_tables.o)
                0x0006d9e8                twiddleCoef_128
 .rodata.twiddleCoef_16
                0x0006dde8       0x80 C:\Users\santi\Desktop\Datardos\Facultad\Segundo semestre Quinto\DSP\workspace\note_extractor_FRDMK64F\CMSIS\DSP\libarm_cortexM4lf_math.a(arm_common_tables.o)
                0x0006dde8                twiddleCoef_16
 .rodata.twiddleCoef_2048
                0x0006de68     0x4000 C:\Users\santi\Desktop\Datardos\Facultad\Segundo semestre Quinto\DSP\workspace\note_extractor_FRDMK64F\CMSIS\DSP\libarm_cortexM4lf_math.a(arm_common_tables.o)
                0x0006de68                twiddleCoef_2048
 .rodata.twiddleCoef_256
                0x00071e68      0x800 C:\Users\santi\Desktop\Datardos\Facultad\Segundo semestre Quinto\DSP\workspace\note_extractor_FRDMK64F\CMSIS\DSP\libarm_cortexM4lf_math.a(arm_common_tables.o)
                0x00071e68                twiddleCoef_256
 .rodata.twiddleCoef_32
                0x00072668      0x100 C:\Users\santi\Desktop\Datardos\Facultad\Segundo semestre Quinto\DSP\workspace\note_extractor_FRDMK64F\CMSIS\DSP\libarm_cortexM4lf_math.a(arm_common_tables.o)
                0x00072668                twiddleCoef_32
 .rodata.twiddleCoef_512
                0x00072768     0x1000 C:\Users\santi\Desktop\Datardos\Facultad\Segundo semestre Quinto\DSP\workspace\note_extractor_FRDMK64F\CMSIS\DSP\libarm_cortexM4lf_math.a(arm_common_tables.o)
                0x00072768                twiddleCoef_512
 .rodata.twiddleCoef_rfft_1024
                0x00073768     0x1000 C:\Users\santi\Desktop\Datardos\Facultad\Segundo semestre Quinto\DSP\workspace\note_extractor_FRDMK64F\CMSIS\DSP\libarm_cortexM4lf_math.a(arm_common_tables.o)
                0x00073768                twiddleCoef_rfft_1024
 .rodata.twiddleCoef_rfft_2048
                0x00074768     0x2000 C:\Users\santi\Desktop\Datardos\Facultad\Segundo semestre Quinto\DSP\workspace\note_extractor_FRDMK64F\CMSIS\DSP\libarm_cortexM4lf_math.a(arm_common_tables.o)
                0x00074768                twiddleCoef_rfft_2048
 .rodata.twiddleCoef_rfft_256
                0x00076768      0x400 C:\Users\santi\Desktop\Datardos\Facultad\Segundo semestre Quinto\DSP\workspace\note_extractor_FRDMK64F\CMSIS\DSP\libarm_cortexM4lf_math.a(arm_common_tables.o)
                0x00076768                twiddleCoef_rfft_256
 .rodata.twiddleCoef_rfft_32
                0x00076b68       0x80 C:\Users\santi\Desktop\Datardos\Facultad\Segundo semestre Quinto\DSP\workspace\note_extractor_FRDMK64F\CMSIS\DSP\libarm_cortexM4lf_math.a(arm_common_tables.o)
                0x00076b68                twiddleCoef_rfft_32
 .rodata.twiddleCoef_rfft_4096
                0x00076be8     0x4000 C:\Users\santi\Desktop\Datardos\Facultad\Segundo semestre Quinto\DSP\workspace\note_extractor_FRDMK64F\CMSIS\DSP\libarm_cortexM4lf_math.a(arm_common_tables.o)
                0x00076be8                twiddleCoef_rfft_4096
 .rodata.twiddleCoef_rfft_512
                0x0007abe8      0x800 C:\Users\santi\Desktop\Datardos\Facultad\Segundo semestre Quinto\DSP\workspace\note_extractor_FRDMK64F\CMSIS\DSP\libarm_cortexM4lf_math.a(arm_common_tables.o)
                0x0007abe8                twiddleCoef_rfft_512
 .rodata.twiddleCoef_rfft_64
                0x0007b3e8      0x100 C:\Users\santi\Desktop\Datardos\Facultad\Segundo semestre Quinto\DSP\workspace\note_extractor_FRDMK64F\CMSIS\DSP\libarm_cortexM4lf_math.a(arm_common_tables.o)
                0x0007b3e8                twiddleCoef_rfft_64
 .rodata.__num_Ciob_streams
                0x0007b4e8        0x4 c:/nxp/mcuxpressoide_11.4.0_6224/ide/plugins/com.nxp.mcuxpresso.tools.win32_11.4.0.202103011116/tools/bin/../lib/gcc/arm-none-eabi/10.2.1/../../../../arm-none-eabi/lib/thumb/v7e-m+fp/hard\libcr_nohost_nf.a(__ciob.o)
                0x0007b4e8                __num_Ciob_streams
 .rodata.__assertion_failed.str1.1
                0x0007b4ec       0x15 c:/nxp/mcuxpressoide_11.4.0_6224/ide/plugins/com.nxp.mcuxpresso.tools.win32_11.4.0.202103011116/tools/bin/../lib/gcc/arm-none-eabi/10.2.1/../../../../arm-none-eabi/lib/thumb/v7e-m+fp/hard\libcr_nohost_nf.a(_cr_assert.o)
 .rodata._Csys_alloc.str1.1
                0x0007b501       0x18 c:/nxp/mcuxpressoide_11.4.0_6224/ide/plugins/com.nxp.mcuxpresso.tools.win32_11.4.0.202103011116/tools/bin/../lib/gcc/arm-none-eabi/10.2.1/../../../../arm-none-eabi/lib/thumb/v7e-m+fp/hard\libcr_c.a(alloc.o)
 .rodata._initio.str1.1
                0x0007b519        0x4 c:/nxp/mcuxpressoide_11.4.0_6224/ide/plugins/com.nxp.mcuxpresso.tools.win32_11.4.0.202103011116/tools/bin/../lib/gcc/arm-none-eabi/10.2.1/../../../../arm-none-eabi/lib/thumb/v7e-m+fp/hard\libcr_c.a(initio.o)
                0x0007b520                . = ALIGN (0x8)
 *fill*         0x0007b51d        0x3 ff

.glue_7         0x0007b520        0x0
 .glue_7        0x0007b520        0x0 linker stubs

.glue_7t        0x0007b520        0x0
 .glue_7t       0x0007b520        0x0 linker stubs

.vfp11_veneer   0x0007b520        0x0
 .vfp11_veneer  0x0007b520        0x0 linker stubs

.v4_bx          0x0007b520        0x0
 .v4_bx         0x0007b520        0x0 linker stubs

.iplt           0x0007b520        0x0
 .iplt          0x0007b520        0x0 ./utilities/fsl_debug_console.o

.rel.dyn        0x0007b520        0x0
 .rel.iplt      0x0007b520        0x0 ./utilities/fsl_debug_console.o

.ARM.extab
 *(SORT_BY_ALIGNMENT(.ARM.extab*) SORT_BY_ALIGNMENT(.gnu.linkonce.armextab.*))

.ARM.exidx      0x0007b520        0x0
                0x0007b520                __exidx_start = .
 *(SORT_BY_ALIGNMENT(.ARM.exidx*) SORT_BY_ALIGNMENT(.gnu.linkonce.armexidx.*))
                0x0007b520                __exidx_end = .
                0x0007b520                _etext = .

.m_usb_data
 *(SORT_BY_ALIGNMENT(m_usb_bdt))

.data_RAM2      0x1fff0000        0x0 load address 0x0007b520
 FILL mask 0xff
                [!provide]                PROVIDE (__start_data_RAM2 = .)
                [!provide]                PROVIDE (__start_data_SRAM_LOWER = .)
 *(SORT_BY_ALIGNMENT(.ramfunc.$RAM2))
 *(SORT_BY_ALIGNMENT(.ramfunc.$SRAM_LOWER))
 *(SORT_BY_ALIGNMENT(.data.$RAM2))
 *(SORT_BY_ALIGNMENT(.data.$SRAM_LOWER))
 *(SORT_BY_ALIGNMENT(.data.$RAM2.*))
 *(SORT_BY_ALIGNMENT(.data.$SRAM_LOWER.*))
                0x1fff0000                . = ALIGN (0x8)
                [!provide]                PROVIDE (__end_data_RAM2 = .)
                [!provide]                PROVIDE (__end_data_SRAM_LOWER = .)

.data_RAM3      0x14000000        0x0 load address 0x0007b520
 FILL mask 0xff
                [!provide]                PROVIDE (__start_data_RAM3 = .)
                [!provide]                PROVIDE (__start_data_FLEX_RAM = .)
 *(SORT_BY_ALIGNMENT(.ramfunc.$RAM3))
 *(SORT_BY_ALIGNMENT(.ramfunc.$FLEX_RAM))
 *(SORT_BY_ALIGNMENT(.data.$RAM3))
 *(SORT_BY_ALIGNMENT(.data.$FLEX_RAM))
 *(SORT_BY_ALIGNMENT(.data.$RAM3.*))
 *(SORT_BY_ALIGNMENT(.data.$FLEX_RAM.*))
                0x14000000                . = ALIGN (0x8)
                [!provide]                PROVIDE (__end_data_RAM3 = .)
                [!provide]                PROVIDE (__end_data_FLEX_RAM = .)

.uninit_RESERVED
                0x20000000        0x0
                0x20000000                _start_uninit_RESERVED = .
 *(SORT_BY_ALIGNMENT(.bss.$RESERVED*))
                0x20000000                . = ALIGN (0x8)
                0x20000000                _end_uninit_RESERVED = .

.data           0x20000000       0x10 load address 0x0007b520
 FILL mask 0xff
                0x20000000                _data = .
                [!provide]                PROVIDE (__start_data_RAM = .)
                [!provide]                PROVIDE (__start_data_SRAM_UPPER = .)
 *(SORT_BY_ALIGNMENT(vtable))
 *(SORT_BY_ALIGNMENT(.ramfunc*))
 *(SORT_BY_ALIGNMENT(CodeQuickAccess))
 *(SORT_BY_ALIGNMENT(DataQuickAccess))
 *(SORT_BY_ALIGNMENT(RamFunction))
 *(SORT_BY_ALIGNMENT(.data*))
 .data.s_slowIrcFreq
                0x20000000        0x4 ./drivers/fsl_clock.o
 .data.s_fastIrcFreq
                0x20000004        0x4 ./drivers/fsl_clock.o
 .data.SystemCoreClock
                0x20000008        0x4 ./device/system_MK64F12.o
                0x20000008                SystemCoreClock
                0x20000010                . = ALIGN (0x8)
 *fill*         0x2000000c        0x4 ff
                0x20000010                _edata = .
                [!provide]                PROVIDE (__end_data_RAM = .)
                [!provide]                PROVIDE (__end_data_SRAM_UPPER = .)

.igot.plt       0x20000010        0x0 load address 0x0007b530
 .igot.plt      0x20000010        0x0 ./utilities/fsl_debug_console.o

.bss_RAM2       0x1fff0000        0x0
                [!provide]                PROVIDE (__start_bss_RAM2 = .)
                [!provide]                PROVIDE (__start_bss_SRAM_LOWER = .)
 *(SORT_BY_ALIGNMENT(.bss.$RAM2))
 *(SORT_BY_ALIGNMENT(.bss.$SRAM_LOWER))
 *(SORT_BY_ALIGNMENT(.bss.$RAM2.*))
 *(SORT_BY_ALIGNMENT(.bss.$SRAM_LOWER.*))
                0x1fff0000                . = ALIGN ((. != 0x0)?0x8:0x1)
                [!provide]                PROVIDE (__end_bss_RAM2 = .)
                [!provide]                PROVIDE (__end_bss_SRAM_LOWER = .)

.bss_RAM3       0x14000000        0x0
                [!provide]                PROVIDE (__start_bss_RAM3 = .)
                [!provide]                PROVIDE (__start_bss_FLEX_RAM = .)
 *(SORT_BY_ALIGNMENT(.bss.$RAM3))
 *(SORT_BY_ALIGNMENT(.bss.$FLEX_RAM))
 *(SORT_BY_ALIGNMENT(.bss.$RAM3.*))
 *(SORT_BY_ALIGNMENT(.bss.$FLEX_RAM.*))
                0x14000000                . = ALIGN ((. != 0x0)?0x8:0x1)
                [!provide]                PROVIDE (__end_bss_RAM3 = .)
                [!provide]                PROVIDE (__end_bss_FLEX_RAM = .)

.bss            0x20000010      0x120
                0x20000010                _bss = .
                [!provide]                PROVIDE (__start_bss_RAM = .)
                [!provide]                PROVIDE (__start_bss_SRAM_UPPER = .)
 *(SORT_BY_ALIGNMENT(.bss*))
 .bss.s_debugConsoleState
                0x20000010       0x20 ./utilities/fsl_debug_console.o
 .bss.g_serialHandle
                0x20000030        0x4 ./utilities/fsl_debug_console.o
                0x20000030                g_serialHandle
 .bss.g_xtal0Freq
                0x20000034        0x4 ./drivers/fsl_clock.o
                0x20000034                g_xtal0Freq
 .bss.g_xtal32Freq
                0x20000038        0x4 ./drivers/fsl_clock.o
                0x20000038                g_xtal32Freq
 .bss.s_i2cHandle
                0x2000003c        0xc ./drivers/fsl_i2c.o
 .bss.s_i2cMasterIsr
                0x20000048        0x4 ./drivers/fsl_i2c.o
 .bss.s_i2cSlaveIsr
                0x2000004c        0x4 ./drivers/fsl_i2c.o
 .bss.s_uartHandle
                0x20000050       0x18 ./drivers/fsl_uart.o
                0x20000050                s_uartHandle
 .bss.s_uartIsr
                0x20000068        0x4 ./drivers/fsl_uart.o
                0x20000068                s_uartIsr
 .bss.__Ciob    0x2000006c       0xb4 c:/nxp/mcuxpressoide_11.4.0_6224/ide/plugins/com.nxp.mcuxpresso.tools.win32_11.4.0.202103011116/tools/bin/../lib/gcc/arm-none-eabi/10.2.1/../../../../arm-none-eabi/lib/thumb/v7e-m+fp/hard\libcr_nohost_nf.a(__ciob.o)
                0x2000006c                __Ciob
 .bss.errno     0x20000120        0x4 c:/nxp/mcuxpressoide_11.4.0_6224/ide/plugins/com.nxp.mcuxpresso.tools.win32_11.4.0.202103011116/tools/bin/../lib/gcc/arm-none-eabi/10.2.1/../../../../arm-none-eabi/lib/thumb/v7e-m+fp/hard\libcr_c.a(errno.o)
                0x20000120                errno
 .bss.__end_of_heap
                0x20000124        0x4 c:/nxp/mcuxpressoide_11.4.0_6224/ide/plugins/com.nxp.mcuxpresso.tools.win32_11.4.0.202103011116/tools/bin/../lib/gcc/arm-none-eabi/10.2.1/../../../../arm-none-eabi/lib/thumb/v7e-m+fp/hard\libcr_c.a(__init_alloc.o)
                0x20000124                __end_of_heap
 .bss.__heaps   0x20000128        0x4 c:/nxp/mcuxpressoide_11.4.0_6224/ide/plugins/com.nxp.mcuxpresso.tools.win32_11.4.0.202103011116/tools/bin/../lib/gcc/arm-none-eabi/10.2.1/../../../../arm-none-eabi/lib/thumb/v7e-m+fp/hard\libcr_c.a(__init_alloc.o)
                0x20000128                __heaps
 .bss.s_debugConsoleReadWaitSemaphore
                0x2000012c        0x1 ./utilities/fsl_debug_console.o
 .bss.systick_flag
                0x2000012d        0x1 ./source/fft_note_extractor.o
                0x2000012d                systick_flag
 *(SORT_BY_ALIGNMENT(COMMON))
                0x20000130                . = ALIGN (0x8)
 *fill*         0x2000012e        0x2 
                0x20000130                _ebss = .
                [!provide]                PROVIDE (__end_bss_RAM = .)
                [!provide]                PROVIDE (__end_bss_SRAM_UPPER = .)
                [!provide]                PROVIDE (end = .)

.noinit_RAM2    0x1fff0000        0x0
                [!provide]                PROVIDE (__start_noinit_RAM2 = .)
                [!provide]                PROVIDE (__start_noinit_SRAM_LOWER = .)
 *(SORT_BY_ALIGNMENT(.noinit.$RAM2))
 *(SORT_BY_ALIGNMENT(.noinit.$SRAM_LOWER))
 *(SORT_BY_ALIGNMENT(.noinit.$RAM2.*))
 *(SORT_BY_ALIGNMENT(.noinit.$SRAM_LOWER.*))
                0x1fff0000                . = ALIGN (0x8)
                [!provide]                PROVIDE (__end_noinit_RAM2 = .)
                [!provide]                PROVIDE (__end_noinit_SRAM_LOWER = .)

.noinit_RAM3    0x14000000        0x0
                [!provide]                PROVIDE (__start_noinit_RAM3 = .)
                [!provide]                PROVIDE (__start_noinit_FLEX_RAM = .)
 *(SORT_BY_ALIGNMENT(.noinit.$RAM3))
 *(SORT_BY_ALIGNMENT(.noinit.$FLEX_RAM))
 *(SORT_BY_ALIGNMENT(.noinit.$RAM3.*))
 *(SORT_BY_ALIGNMENT(.noinit.$FLEX_RAM.*))
                0x14000000                . = ALIGN (0x8)
                [!provide]                PROVIDE (__end_noinit_RAM3 = .)
                [!provide]                PROVIDE (__end_noinit_FLEX_RAM = .)

.noinit         0x20000130        0x0
                0x20000130                _noinit = .
                [!provide]                PROVIDE (__start_noinit_RAM = .)
                [!provide]                PROVIDE (__start_noinit_SRAM_UPPER = .)
 *(SORT_BY_ALIGNMENT(.noinit*))
                0x20000130                . = ALIGN (0x8)
                0x20000130                _end_noinit = .
                [!provide]                PROVIDE (__end_noinit_RAM = .)
                [!provide]                PROVIDE (__end_noinit_SRAM_UPPER = .)
                0x00001000                _HeapSize = 0x1000

.heap           0x20000130     0x1000
                0x20000130                _pvHeapStart = .
                0x20001130                . = (. + _HeapSize)
 *fill*         0x20000130     0x1000 
                0x20001130                . = ALIGN (0x8)
                0x20001130                _pvHeapLimit = .
                0x00001000                _StackSize = 0x1000

.heap2stackfill
                0x20001130     0x1000
                0x20002130                . = (. + _StackSize)
 *fill*         0x20001130     0x1000 

.stack          0x2002f000        0x0
                0x2002f000                _vStackBase = .
                0x2002f000                . = ALIGN (0x8)
                0x20030000                _vStackTop = (. + _StackSize)
                0x00000000                _image_start = LOADADDR (.text)
                0x0007b530                _image_end = (LOADADDR (.data) + SIZEOF (.data))
                0x0007b530                _image_size = (_image_end - _image_start)
OUTPUT(note_extractor_FRDMK64F.axf elf32-littlearm)
LOAD linker stubs

.debug_info     0x00000000    0x1905d
 .debug_info    0x00000000      0xb58 ./utilities/fsl_debug_console.o
 .debug_info    0x00000b58      0xbf9 ./utilities/fsl_str.o
 .debug_info    0x00001751      0x93a ./startup/startup_mk64f12.o
 .debug_info    0x0000208b      0xd23 ./source/fft_note_extractor.o
 .debug_info    0x00002dae     0x21ab ./drivers/fsl_clock.o
 .debug_info    0x00004f59      0xa90 ./drivers/fsl_dac.o
 .debug_info    0x000059e9     0x1e7a ./drivers/fsl_i2c.o
 .debug_info    0x00007863     0x1f78 ./drivers/fsl_uart.o
 .debug_info    0x000097db      0x649 ./device/system_MK64F12.o
 .debug_info    0x00009e24      0xa66 ./component/uart/fsl_adapter_uart.o
 .debug_info    0x0000a88a      0x8e1 ./component/serial_manager/fsl_component_serial_manager.o
 .debug_info    0x0000b16b      0x46b ./component/serial_manager/fsl_component_serial_port_uart.o
 .debug_info    0x0000b5d6       0xd0 ./board/board.o
 .debug_info    0x0000b6a6      0xcb8 ./board/clock_config.o
 .debug_info    0x0000c35e      0x4af ./board/peripherals.o
 .debug_info    0x0000c80d      0xc38 ./board/pin_mux.o
 .debug_info    0x0000d445      0xad0 C:\Users\santi\Desktop\Datardos\Facultad\Segundo semestre Quinto\DSP\workspace\note_extractor_FRDMK64F\CMSIS\DSP\libarm_cortexM4lf_math.a(arm_fill_f32.o)
 .debug_info    0x0000df15      0xb3c C:\Users\santi\Desktop\Datardos\Facultad\Segundo semestre Quinto\DSP\workspace\note_extractor_FRDMK64F\CMSIS\DSP\libarm_cortexM4lf_math.a(arm_max_f32.o)
 .debug_info    0x0000ea51     0x192a C:\Users\santi\Desktop\Datardos\Facultad\Segundo semestre Quinto\DSP\workspace\note_extractor_FRDMK64F\CMSIS\DSP\libarm_cortexM4lf_math.a(arm_rfft_fast_init_f32.o)
 .debug_info    0x0001037b      0xf91 C:\Users\santi\Desktop\Datardos\Facultad\Segundo semestre Quinto\DSP\workspace\note_extractor_FRDMK64F\CMSIS\DSP\libarm_cortexM4lf_math.a(arm_rfft_fast_f32.o)
 .debug_info    0x0001130c     0x1c5b C:\Users\santi\Desktop\Datardos\Facultad\Segundo semestre Quinto\DSP\workspace\note_extractor_FRDMK64F\CMSIS\DSP\libarm_cortexM4lf_math.a(arm_cfft_f32.o)
 .debug_info    0x00012f67     0x16a6 C:\Users\santi\Desktop\Datardos\Facultad\Segundo semestre Quinto\DSP\workspace\note_extractor_FRDMK64F\CMSIS\DSP\libarm_cortexM4lf_math.a(arm_bitreversal2.o)
 .debug_info    0x0001460d     0x1612 C:\Users\santi\Desktop\Datardos\Facultad\Segundo semestre Quinto\DSP\workspace\note_extractor_FRDMK64F\CMSIS\DSP\libarm_cortexM4lf_math.a(arm_sin_f32.o)
 .debug_info    0x00015c1f      0xae0 C:\Users\santi\Desktop\Datardos\Facultad\Segundo semestre Quinto\DSP\workspace\note_extractor_FRDMK64F\CMSIS\DSP\libarm_cortexM4lf_math.a(arm_abs_f32.o)
 .debug_info    0x000166ff     0x1a84 C:\Users\santi\Desktop\Datardos\Facultad\Segundo semestre Quinto\DSP\workspace\note_extractor_FRDMK64F\CMSIS\DSP\libarm_cortexM4lf_math.a(arm_common_tables.o)
 .debug_info    0x00018183      0xeda C:\Users\santi\Desktop\Datardos\Facultad\Segundo semestre Quinto\DSP\workspace\note_extractor_FRDMK64F\CMSIS\DSP\libarm_cortexM4lf_math.a(arm_cfft_radix8_f32.o)

.debug_abbrev   0x00000000     0x38de
 .debug_abbrev  0x00000000      0x232 ./utilities/fsl_debug_console.o
 .debug_abbrev  0x00000232      0x24d ./utilities/fsl_str.o
 .debug_abbrev  0x0000047f      0x185 ./startup/startup_mk64f12.o
 .debug_abbrev  0x00000604      0x21f ./source/fft_note_extractor.o
 .debug_abbrev  0x00000823      0x359 ./drivers/fsl_clock.o
 .debug_abbrev  0x00000b7c      0x221 ./drivers/fsl_dac.o
 .debug_abbrev  0x00000d9d      0x363 ./drivers/fsl_i2c.o
 .debug_abbrev  0x00001100      0x42e ./drivers/fsl_uart.o
 .debug_abbrev  0x0000152e      0x148 ./device/system_MK64F12.o
 .debug_abbrev  0x00001676      0x1c9 ./component/uart/fsl_adapter_uart.o
 .debug_abbrev  0x0000183f      0x23d ./component/serial_manager/fsl_component_serial_manager.o
 .debug_abbrev  0x00001a7c      0x167 ./component/serial_manager/fsl_component_serial_port_uart.o
 .debug_abbrev  0x00001be3       0x85 ./board/board.o
 .debug_abbrev  0x00001c68      0x246 ./board/clock_config.o
 .debug_abbrev  0x00001eae      0x164 ./board/peripherals.o
 .debug_abbrev  0x00002012      0x281 ./board/pin_mux.o
 .debug_abbrev  0x00002293      0x1fc C:\Users\santi\Desktop\Datardos\Facultad\Segundo semestre Quinto\DSP\workspace\note_extractor_FRDMK64F\CMSIS\DSP\libarm_cortexM4lf_math.a(arm_fill_f32.o)
 .debug_abbrev  0x0000248f      0x212 C:\Users\santi\Desktop\Datardos\Facultad\Segundo semestre Quinto\DSP\workspace\note_extractor_FRDMK64F\CMSIS\DSP\libarm_cortexM4lf_math.a(arm_max_f32.o)
 .debug_abbrev  0x000026a1      0x2a0 C:\Users\santi\Desktop\Datardos\Facultad\Segundo semestre Quinto\DSP\workspace\note_extractor_FRDMK64F\CMSIS\DSP\libarm_cortexM4lf_math.a(arm_rfft_fast_init_f32.o)
 .debug_abbrev  0x00002941      0x2b8 C:\Users\santi\Desktop\Datardos\Facultad\Segundo semestre Quinto\DSP\workspace\note_extractor_FRDMK64F\CMSIS\DSP\libarm_cortexM4lf_math.a(arm_rfft_fast_f32.o)
 .debug_abbrev  0x00002bf9      0x2e0 C:\Users\santi\Desktop\Datardos\Facultad\Segundo semestre Quinto\DSP\workspace\note_extractor_FRDMK64F\CMSIS\DSP\libarm_cortexM4lf_math.a(arm_cfft_f32.o)
 .debug_abbrev  0x00002ed9      0x206 C:\Users\santi\Desktop\Datardos\Facultad\Segundo semestre Quinto\DSP\workspace\note_extractor_FRDMK64F\CMSIS\DSP\libarm_cortexM4lf_math.a(arm_bitreversal2.o)
 .debug_abbrev  0x000030df      0x22c C:\Users\santi\Desktop\Datardos\Facultad\Segundo semestre Quinto\DSP\workspace\note_extractor_FRDMK64F\CMSIS\DSP\libarm_cortexM4lf_math.a(arm_sin_f32.o)
 .debug_abbrev  0x0000330b      0x1eb C:\Users\santi\Desktop\Datardos\Facultad\Segundo semestre Quinto\DSP\workspace\note_extractor_FRDMK64F\CMSIS\DSP\libarm_cortexM4lf_math.a(arm_abs_f32.o)
 .debug_abbrev  0x000034f6      0x1dd C:\Users\santi\Desktop\Datardos\Facultad\Segundo semestre Quinto\DSP\workspace\note_extractor_FRDMK64F\CMSIS\DSP\libarm_cortexM4lf_math.a(arm_common_tables.o)
 .debug_abbrev  0x000036d3      0x20b C:\Users\santi\Desktop\Datardos\Facultad\Segundo semestre Quinto\DSP\workspace\note_extractor_FRDMK64F\CMSIS\DSP\libarm_cortexM4lf_math.a(arm_cfft_radix8_f32.o)

.debug_aranges  0x00000000      0xee0
 .debug_aranges
                0x00000000       0x98 ./utilities/fsl_debug_console.o
 .debug_aranges
                0x00000098       0xc0 ./utilities/fsl_str.o
 .debug_aranges
                0x00000158      0x330 ./startup/startup_mk64f12.o
 .debug_aranges
                0x00000488       0x38 ./source/fft_note_extractor.o
 .debug_aranges
                0x000004c0      0x1f8 ./drivers/fsl_clock.o
 .debug_aranges
                0x000006b8       0x90 ./drivers/fsl_dac.o
 .debug_aranges
                0x00000748      0x180 ./drivers/fsl_i2c.o
 .debug_aranges
                0x000008c8      0x1b8 ./drivers/fsl_uart.o
 .debug_aranges
                0x00000a80       0x30 ./device/system_MK64F12.o
 .debug_aranges
                0x00000ab0       0x50 ./component/uart/fsl_adapter_uart.o
 .debug_aranges
                0x00000b00       0x98 ./component/serial_manager/fsl_component_serial_manager.o
 .debug_aranges
                0x00000b98       0x48 ./component/serial_manager/fsl_component_serial_port_uart.o
 .debug_aranges
                0x00000be0       0x20 ./board/board.o
 .debug_aranges
                0x00000c00       0x80 ./board/clock_config.o
 .debug_aranges
                0x00000c80       0x38 ./board/peripherals.o
 .debug_aranges
                0x00000cb8       0x88 ./board/pin_mux.o
 .debug_aranges
                0x00000d40       0x20 C:\Users\santi\Desktop\Datardos\Facultad\Segundo semestre Quinto\DSP\workspace\note_extractor_FRDMK64F\CMSIS\DSP\libarm_cortexM4lf_math.a(arm_fill_f32.o)
 .debug_aranges
                0x00000d60       0x20 C:\Users\santi\Desktop\Datardos\Facultad\Segundo semestre Quinto\DSP\workspace\note_extractor_FRDMK64F\CMSIS\DSP\libarm_cortexM4lf_math.a(arm_max_f32.o)
 .debug_aranges
                0x00000d80       0x60 C:\Users\santi\Desktop\Datardos\Facultad\Segundo semestre Quinto\DSP\workspace\note_extractor_FRDMK64F\CMSIS\DSP\libarm_cortexM4lf_math.a(arm_rfft_fast_init_f32.o)
 .debug_aranges
                0x00000de0       0x30 C:\Users\santi\Desktop\Datardos\Facultad\Segundo semestre Quinto\DSP\workspace\note_extractor_FRDMK64F\CMSIS\DSP\libarm_cortexM4lf_math.a(arm_rfft_fast_f32.o)
 .debug_aranges
                0x00000e10       0x30 C:\Users\santi\Desktop\Datardos\Facultad\Segundo semestre Quinto\DSP\workspace\note_extractor_FRDMK64F\CMSIS\DSP\libarm_cortexM4lf_math.a(arm_cfft_f32.o)
 .debug_aranges
                0x00000e40       0x28 C:\Users\santi\Desktop\Datardos\Facultad\Segundo semestre Quinto\DSP\workspace\note_extractor_FRDMK64F\CMSIS\DSP\libarm_cortexM4lf_math.a(arm_bitreversal2.o)
 .debug_aranges
                0x00000e68       0x20 C:\Users\santi\Desktop\Datardos\Facultad\Segundo semestre Quinto\DSP\workspace\note_extractor_FRDMK64F\CMSIS\DSP\libarm_cortexM4lf_math.a(arm_sin_f32.o)
 .debug_aranges
                0x00000e88       0x20 C:\Users\santi\Desktop\Datardos\Facultad\Segundo semestre Quinto\DSP\workspace\note_extractor_FRDMK64F\CMSIS\DSP\libarm_cortexM4lf_math.a(arm_abs_f32.o)
 .debug_aranges
                0x00000ea8       0x18 C:\Users\santi\Desktop\Datardos\Facultad\Segundo semestre Quinto\DSP\workspace\note_extractor_FRDMK64F\CMSIS\DSP\libarm_cortexM4lf_math.a(arm_common_tables.o)
 .debug_aranges
                0x00000ec0       0x20 C:\Users\santi\Desktop\Datardos\Facultad\Segundo semestre Quinto\DSP\workspace\note_extractor_FRDMK64F\CMSIS\DSP\libarm_cortexM4lf_math.a(arm_cfft_radix8_f32.o)

.debug_ranges   0x00000000      0xd68
 .debug_ranges  0x00000000       0x88 ./utilities/fsl_debug_console.o
 .debug_ranges  0x00000088       0xe0 ./utilities/fsl_str.o
 .debug_ranges  0x00000168      0x320 ./startup/startup_mk64f12.o
 .debug_ranges  0x00000488       0x28 ./source/fft_note_extractor.o
 .debug_ranges  0x000004b0      0x1e8 ./drivers/fsl_clock.o
 .debug_ranges  0x00000698       0x80 ./drivers/fsl_dac.o
 .debug_ranges  0x00000718      0x170 ./drivers/fsl_i2c.o
 .debug_ranges  0x00000888      0x1a8 ./drivers/fsl_uart.o
 .debug_ranges  0x00000a30       0x20 ./device/system_MK64F12.o
 .debug_ranges  0x00000a50       0x40 ./component/uart/fsl_adapter_uart.o
 .debug_ranges  0x00000a90       0x88 ./component/serial_manager/fsl_component_serial_manager.o
 .debug_ranges  0x00000b18       0x38 ./component/serial_manager/fsl_component_serial_port_uart.o
 .debug_ranges  0x00000b50       0x10 ./board/board.o
 .debug_ranges  0x00000b60       0x70 ./board/clock_config.o
 .debug_ranges  0x00000bd0       0x28 ./board/peripherals.o
 .debug_ranges  0x00000bf8       0x78 ./board/pin_mux.o
 .debug_ranges  0x00000c70       0x10 C:\Users\santi\Desktop\Datardos\Facultad\Segundo semestre Quinto\DSP\workspace\note_extractor_FRDMK64F\CMSIS\DSP\libarm_cortexM4lf_math.a(arm_fill_f32.o)
 .debug_ranges  0x00000c80       0x10 C:\Users\santi\Desktop\Datardos\Facultad\Segundo semestre Quinto\DSP\workspace\note_extractor_FRDMK64F\CMSIS\DSP\libarm_cortexM4lf_math.a(arm_max_f32.o)
 .debug_ranges  0x00000c90       0x50 C:\Users\santi\Desktop\Datardos\Facultad\Segundo semestre Quinto\DSP\workspace\note_extractor_FRDMK64F\CMSIS\DSP\libarm_cortexM4lf_math.a(arm_rfft_fast_init_f32.o)
 .debug_ranges  0x00000ce0       0x20 C:\Users\santi\Desktop\Datardos\Facultad\Segundo semestre Quinto\DSP\workspace\note_extractor_FRDMK64F\CMSIS\DSP\libarm_cortexM4lf_math.a(arm_rfft_fast_f32.o)
 .debug_ranges  0x00000d00       0x20 C:\Users\santi\Desktop\Datardos\Facultad\Segundo semestre Quinto\DSP\workspace\note_extractor_FRDMK64F\CMSIS\DSP\libarm_cortexM4lf_math.a(arm_cfft_f32.o)
 .debug_ranges  0x00000d20       0x18 C:\Users\santi\Desktop\Datardos\Facultad\Segundo semestre Quinto\DSP\workspace\note_extractor_FRDMK64F\CMSIS\DSP\libarm_cortexM4lf_math.a(arm_bitreversal2.o)
 .debug_ranges  0x00000d38       0x10 C:\Users\santi\Desktop\Datardos\Facultad\Segundo semestre Quinto\DSP\workspace\note_extractor_FRDMK64F\CMSIS\DSP\libarm_cortexM4lf_math.a(arm_sin_f32.o)
 .debug_ranges  0x00000d48       0x10 C:\Users\santi\Desktop\Datardos\Facultad\Segundo semestre Quinto\DSP\workspace\note_extractor_FRDMK64F\CMSIS\DSP\libarm_cortexM4lf_math.a(arm_abs_f32.o)
 .debug_ranges  0x00000d58       0x10 C:\Users\santi\Desktop\Datardos\Facultad\Segundo semestre Quinto\DSP\workspace\note_extractor_FRDMK64F\CMSIS\DSP\libarm_cortexM4lf_math.a(arm_cfft_radix8_f32.o)

.debug_macro    0x00000000    0x1468d
 .debug_macro   0x00000000      0x1b9 ./utilities/fsl_debug_console.o
 .debug_macro   0x000001b9      0xaae ./utilities/fsl_debug_console.o
 .debug_macro   0x00000c67       0x10 ./utilities/fsl_debug_console.o